Archive member included to satisfy reference by file (symbol)

c:/gcc-arm-none-eabi-10.3-2021.10/bin/../lib/gcc/arm-none-eabi/10.3.1/../../../../arm-none-eabi/lib/thumb/v7e-m/nofp\libstdc++.a(del_ops.o)
                              Libraries/FEHIO.o (operator delete(void*, unsigned int))
c:/gcc-arm-none-eabi-10.3-2021.10/bin/../lib/gcc/arm-none-eabi/10.3.1/../../../../arm-none-eabi/lib/thumb/v7e-m/nofp\libstdc++.a(new_op.o)
                              Libraries/FEHIO.o (operator new(unsigned int))
c:/gcc-arm-none-eabi-10.3-2021.10/bin/../lib/gcc/arm-none-eabi/10.3.1/../../../../arm-none-eabi/lib/thumb/v7e-m/nofp\libstdc++.a(bad_alloc.o)
                              c:/gcc-arm-none-eabi-10.3-2021.10/bin/../lib/gcc/arm-none-eabi/10.3.1/../../../../arm-none-eabi/lib/thumb/v7e-m/nofp\libstdc++.a(new_op.o) (std::bad_alloc::~bad_alloc())
c:/gcc-arm-none-eabi-10.3-2021.10/bin/../lib/gcc/arm-none-eabi/10.3.1/../../../../arm-none-eabi/lib/thumb/v7e-m/nofp\libstdc++.a(del_op.o)
                              c:/gcc-arm-none-eabi-10.3-2021.10/bin/../lib/gcc/arm-none-eabi/10.3.1/../../../../arm-none-eabi/lib/thumb/v7e-m/nofp\libstdc++.a(del_ops.o) (operator delete(void*))
c:/gcc-arm-none-eabi-10.3-2021.10/bin/../lib/gcc/arm-none-eabi/10.3.1/../../../../arm-none-eabi/lib/thumb/v7e-m/nofp\libstdc++.a(eh_alloc.o)
                              c:/gcc-arm-none-eabi-10.3-2021.10/bin/../lib/gcc/arm-none-eabi/10.3.1/../../../../arm-none-eabi/lib/thumb/v7e-m/nofp\libstdc++.a(new_op.o) (__cxa_allocate_exception)
c:/gcc-arm-none-eabi-10.3-2021.10/bin/../lib/gcc/arm-none-eabi/10.3.1/../../../../arm-none-eabi/lib/thumb/v7e-m/nofp\libstdc++.a(eh_exception.o)
                              c:/gcc-arm-none-eabi-10.3-2021.10/bin/../lib/gcc/arm-none-eabi/10.3.1/../../../../arm-none-eabi/lib/thumb/v7e-m/nofp\libstdc++.a(bad_alloc.o) (std::exception::~exception())
c:/gcc-arm-none-eabi-10.3-2021.10/bin/../lib/gcc/arm-none-eabi/10.3.1/../../../../arm-none-eabi/lib/thumb/v7e-m/nofp\libstdc++.a(eh_terminate.o)
                              c:/gcc-arm-none-eabi-10.3-2021.10/bin/../lib/gcc/arm-none-eabi/10.3.1/../../../../arm-none-eabi/lib/thumb/v7e-m/nofp\libstdc++.a(eh_alloc.o) (std::terminate())
c:/gcc-arm-none-eabi-10.3-2021.10/bin/../lib/gcc/arm-none-eabi/10.3.1/../../../../arm-none-eabi/lib/thumb/v7e-m/nofp\libstdc++.a(eh_throw.o)
                              c:/gcc-arm-none-eabi-10.3-2021.10/bin/../lib/gcc/arm-none-eabi/10.3.1/../../../../arm-none-eabi/lib/thumb/v7e-m/nofp\libstdc++.a(new_op.o) (__cxa_throw)
c:/gcc-arm-none-eabi-10.3-2021.10/bin/../lib/gcc/arm-none-eabi/10.3.1/../../../../arm-none-eabi/lib/thumb/v7e-m/nofp\libstdc++.a(eh_unex_handler.o)
                              c:/gcc-arm-none-eabi-10.3-2021.10/bin/../lib/gcc/arm-none-eabi/10.3.1/../../../../arm-none-eabi/lib/thumb/v7e-m/nofp\libstdc++.a(eh_terminate.o) (__cxxabiv1::__unexpected_handler)
c:/gcc-arm-none-eabi-10.3-2021.10/bin/../lib/gcc/arm-none-eabi/10.3.1/../../../../arm-none-eabi/lib/thumb/v7e-m/nofp\libstdc++.a(new_handler.o)
                              c:/gcc-arm-none-eabi-10.3-2021.10/bin/../lib/gcc/arm-none-eabi/10.3.1/../../../../arm-none-eabi/lib/thumb/v7e-m/nofp\libstdc++.a(new_op.o) (std::get_new_handler())
c:/gcc-arm-none-eabi-10.3-2021.10/bin/../lib/gcc/arm-none-eabi/10.3.1/../../../../arm-none-eabi/lib/thumb/v7e-m/nofp\libstdc++.a(pure.o)
                              c:/gcc-arm-none-eabi-10.3-2021.10/bin/../lib/gcc/arm-none-eabi/10.3.1/../../../../arm-none-eabi/lib/thumb/v7e-m/nofp\libstdc++.a(eh_exception.o) (__cxa_pure_virtual)
c:/gcc-arm-none-eabi-10.3-2021.10/bin/../lib/gcc/arm-none-eabi/10.3.1/../../../../arm-none-eabi/lib/thumb/v7e-m/nofp\libstdc++.a(si_class_type_info.o)
                              c:/gcc-arm-none-eabi-10.3-2021.10/bin/../lib/gcc/arm-none-eabi/10.3.1/../../../../arm-none-eabi/lib/thumb/v7e-m/nofp\libstdc++.a(bad_alloc.o) (vtable for __cxxabiv1::__si_class_type_info)
c:/gcc-arm-none-eabi-10.3-2021.10/bin/../lib/gcc/arm-none-eabi/10.3.1/../../../../arm-none-eabi/lib/thumb/v7e-m/nofp\libstdc++.a(tinfo.o)
                              c:/gcc-arm-none-eabi-10.3-2021.10/bin/../lib/gcc/arm-none-eabi/10.3.1/../../../../arm-none-eabi/lib/thumb/v7e-m/nofp\libstdc++.a(si_class_type_info.o) (std::type_info::__is_pointer_p() const)
c:/gcc-arm-none-eabi-10.3-2021.10/bin/../lib/gcc/arm-none-eabi/10.3.1/../../../../arm-none-eabi/lib/thumb/v7e-m/nofp\libstdc++.a(vterminate.o)
                              c:/gcc-arm-none-eabi-10.3-2021.10/bin/../lib/gcc/arm-none-eabi/10.3.1/../../../../arm-none-eabi/lib/thumb/v7e-m/nofp\libstdc++.a(eh_terminate.o) (__gnu_cxx::__verbose_terminate_handler())
c:/gcc-arm-none-eabi-10.3-2021.10/bin/../lib/gcc/arm-none-eabi/10.3.1/../../../../arm-none-eabi/lib/thumb/v7e-m/nofp\libstdc++.a(class_type_info.o)
[...]
Memory Configuration

Name             Origin             Length             Attributes
PROGRAM_FLASH    0x0000c000         0x00073c00         xr
SRAM_UPPER       0x20000000         0x00010000         xrw
SRAM_LOWER       0x1fff0000         0x00010000         xrw
*default*        0x00000000         0xffffffff

Linker script and memory map

LOAD c:/gcc-arm-none-eabi-10.3-2021.10/bin/../lib/gcc/arm-none-eabi/10.3.1/thumb/v7e-m/nofp/crti.o
LOAD c:/gcc-arm-none-eabi-10.3-2021.10/bin/../lib/gcc/arm-none-eabi/10.3.1/thumb/v7e-m/nofp/crtbegin.o
LOAD c:/gcc-arm-none-eabi-10.3-2021.10/bin/../lib/gcc/arm-none-eabi/10.3.1/../../../../arm-none-eabi/lib/thumb/v7e-m/nofp/crt0.o
LOAD ../main.o
LOAD Startup/startup_mk60d10.o
LOAD Libraries/FEHMotor.o
LOAD Drivers/mcg.o
LOAD Drivers/i2c.o
LOAD Drivers/spi.o
LOAD Drivers/uart.o
LOAD Drivers/ff.o
LOAD Drivers/SDHC.o
LOAD Drivers/lptmr.o
LOAD FEHProteus.o
LOAD Drivers/FEHPropeller.o
LOAD Libraries/FEHUtility.o
LOAD Libraries/FEHIO.o
LOAD Drivers/adc16.o
LOAD Libraries/FEHBuzzer.o
LOAD Libraries/FEHServo.o
LOAD Libraries/FEHLCD.o
LOAD Libraries/FEHAccel.o
LOAD Libraries/FEHBattery.o
LOAD Drivers/FEHXBee.o
LOAD Libraries/FEHRPS.o
LOAD Libraries/FEHSD.o
LOAD Libraries/FEHRandom.o
LOAD c:/gcc-arm-none-eabi-10.3-2021.10/bin/../lib/gcc/arm-none-eabi/10.3.1/../../../../arm-none-eabi/lib/thumb/v7e-m/nofp\libstdc++.a
LOAD c:/gcc-arm-none-eabi-10.3-2021.10/bin/../lib/gcc/arm-none-eabi/10.3.1/../../../../arm-none-eabi/lib/thumb/v7e-m/nofp\libm.a
START GROUP
LOAD c:/gcc-arm-none-eabi-10.3-2021.10/bin/../lib/gcc/arm-none-eabi/10.3.1/thumb/v7e-m/nofp\libgcc.a
LOAD c:/gcc-arm-none-eabi-10.3-2021.10/bin/../lib/gcc/arm-none-eabi/10.3.1/../../../../arm-none-eabi/lib/thumb/v7e-m/nofp\libg.a
LOAD c:/gcc-arm-none-eabi-10.3-2021.10/bin/../lib/gcc/arm-none-eabi/10.3.1/../../../../arm-none-eabi/lib/thumb/v7e-m/nofp\libc.a
END GROUP
START GROUP
LOAD c:/gcc-arm-none-eabi-10.3-2021.10/bin/../lib/gcc/arm-none-eabi/10.3.1/thumb/v7e-m/nofp\libgcc.a
LOAD c:/gcc-arm-none-eabi-10.3-2021.10/bin/../lib/gcc/arm-none-eabi/10.3.1/../../../../arm-none-eabi/lib/thumb/v7e-m/nofp\libc.a
LOAD c:/gcc-arm-none-eabi-10.3-2021.10/bin/../lib/gcc/arm-none-eabi/10.3.1/../../../../arm-none-eabi/lib/thumb/v7e-m/nofp\libnosys.a
END GROUP
LOAD c:/gcc-arm-none-eabi-10.3-2021.10/bin/../lib/gcc/arm-none-eabi/10.3.1/thumb/v7e-m/nofp/crtend.o
LOAD c:/gcc-arm-none-eabi-10.3-2021.10/bin/../lib/gcc/arm-none-eabi/10.3.1/thumb/v7e-m/nofp/crtn.o
                0x0000c000                __base_PROGRAM_FLASH = 0xc000
                0x0000c000                __base_Flash = 0xc000
                0x0007fc00                __top_PROGRAM_FLASH = 0x7fc00
                0x0007fc00                __top_Flash = 0x7fc00
                0x20000000                __base_SRAM_UPPER = 0x20000000
                0x20000000                __base_RAM = 0x20000000
                0x20010000                __top_SRAM_UPPER = 0x20010000
                0x20010000                __top_RAM = 0x20010000
                0x1fff0000                __base_SRAM_LOWER = 0x1fff0000
                0x1fff0000                __base_RAM2 = 0x1fff0000
                0x20000000                __top_SRAM_LOWER = 0x20000000
                0x20000000                __top_RAM2 = 0x20000000

.text           0x0000c000      0x410
 FILL mask 0xff
                0x0000c000                __vectors_start__ = ABSOLUTE (.)
 *(.isr_vector)
 .isr_vector    0x0000c000      0x1bc Startup/startup_mk60d10.o
                0x0000c000                g_pfnVectors
                0x0000c000                __Vectors
                0x0000c1bc                . = ALIGN (0x4)
                0x0000c1bc                __section_table_start = .
                0x0000c1bc                __data_section_table = .
                0x0000c1bc        0x4 LONG 0x1c4e4 LOADADDR (.data)
                0x0000c1c0        0x4 LONG 0x20000000 ADDR (.data)
                0x0000c1c4        0x4 LONG 0x16c8 SIZEOF (.data)
                0x0000c1c8        0x4 LONG 0x1c4e4 LOADADDR (.data_RAM2)
                0x0000c1cc        0x4 LONG 0x1fff0000 ADDR (.data_RAM2)
                0x0000c1d0        0x4 LONG 0x0 SIZEOF (.data_RAM2)
                0x0000c1d4                __data_section_table_end = .
                0x0000c1d4                __bss_section_table = .
                0x0000c1d4        0x4 LONG 0x200016c8 ADDR (.bss)
                0x0000c1d8        0x4 LONG 0x480 SIZEOF (.bss)
                0x0000c1dc        0x4 LONG 0x1fff0000 ADDR (.bss_RAM2)
                0x0000c1e0        0x4 LONG 0x0 SIZEOF (.bss_RAM2)
                0x0000c1e4                __bss_section_table_end = .
                0x0000c1e4                __section_table_end = .
 *(.after_vectors*)
 .after_vectors.init_data
                0x0000c1e4       0x42 Startup/startup_mk60d10.o
                0x0000c1e4                data_init(unsigned int, unsigned int, unsigned int)
 .after_vectors.init_bss
                0x0000c226       0x36 Startup/startup_mk60d10.o
                0x0000c226                bss_init(unsigned int, unsigned int)
 .after_vectors.reset
                0x0000c25c       0xb4 Startup/startup_mk60d10.o
                0x0000c25c                ResetISR
 .after_vectors
                0x0000c310       0x3c Startup/startup_mk60d10.o
                0x0000c310                NMI_Handler
                0x0000c316                HardFault_Handler
                0x0000c31c                MemManage_Handler
                0x0000c322                BusFault_Handler
                0x0000c328                UsageFault_Handler
                0x0000c32e                SVC_Handler
                0x0000c334                DebugMon_Handler
                0x0000c33a                PendSV_Handler
                0x0000c340                SysTick_Handler
                0x0000c346                DMA_Error_DriverIRQHandler
                0x0000c346                LPTMR0_DriverIRQHandler
                0x0000c346                FTM1_DriverIRQHandler
                0x0000c346                FTM2_DriverIRQHandler
                0x0000c346                PIT2_DriverIRQHandler
                0x0000c346                SDHC_DriverIRQHandler
                0x0000c346                I2S0_Tx_DriverIRQHandler
                0x0000c346                TSI0_DriverIRQHandler
                0x0000c346                RTC_Seconds_DriverIRQHandler
                0x0000c346                Reserved109_DriverIRQHandler
                0x0000c346                DMA6_DriverIRQHandler
                0x0000c346                LLWU_DriverIRQHandler
                0x0000c346                MCM_DriverIRQHandler
                0x0000c346                MCG_DriverIRQHandler
                0x0000c346                ENET_1588_Timer_DriverIRQHandler
                0x0000c346                DAC1_DriverIRQHandler
                0x0000c346                SPI1_DriverIRQHandler
                0x0000c346                CMP1_DriverIRQHandler
                0x0000c346                UART5_RX_TX_DriverIRQHandler
                0x0000c346                FTM0_DriverIRQHandler
                0x0000c346                IntDefaultHandler
                0x0000c346                USB0_DriverIRQHandler
                0x0000c346                UART5_ERR_DriverIRQHandler
                0x0000c346                DMA11_DriverIRQHandler
                0x0000c346                DAC0_DriverIRQHandler
                0x0000c346                DMA10_DriverIRQHandler
                0x0000c346                CMP2_DriverIRQHandler
                0x0000c346                UART2_ERR_DriverIRQHandler
                0x0000c346                SPI2_DriverIRQHandler
                0x0000c346                LVD_LVW_DriverIRQHandler
                0x0000c346                RNG_DriverIRQHandler
                0x0000c346                DMA12_DriverIRQHandler
                0x0000c346                DMA4_DriverIRQHandler
                0x0000c346                UART2_RX_TX_DriverIRQHandler
                0x0000c346                USBDCD_DriverIRQHandler
                0x0000c346                UART3_ERR_DriverIRQHandler
                0x0000c346                DMA3_DriverIRQHandler
                0x0000c346                DMA8_DriverIRQHandler
                0x0000c346                DMA9_DriverIRQHandler
                0x0000c346                UART0_ERR_DriverIRQHandler
                0x0000c346                CMT_DriverIRQHandler
                0x0000c346                ADC1_DriverIRQHandler
                0x0000c346                DMA14_DriverIRQHandler
                0x0000c346                PIT3_DriverIRQHandler
                0x0000c346                PIT1_DriverIRQHandler
                0x0000c346                WDOG_EWM_DriverIRQHandler
                0x0000c346                PDB0_DriverIRQHandler
                0x0000c346                Reserved95_DriverIRQHandler
                0x0000c346                RTC_DriverIRQHandler
                0x0000c346                I2S0_Rx_DriverIRQHandler
                0x0000c346                Read_Collision_DriverIRQHandler
                0x0000c346                SWI_DriverIRQHandler
                0x0000c346                UART4_RX_TX_DriverIRQHandler
                0x0000c346                UART4_ERR_DriverIRQHandler
                0x0000c346                DMA0_DriverIRQHandler
                0x0000c346                UART0_LON_DriverIRQHandler
                0x0000c346                Reserved102_DriverIRQHandler
                0x0000c346                DMA1_DriverIRQHandler
                0x0000c346                I2C1_DriverIRQHandler
                0x0000c346                UART3_RX_TX_DriverIRQHandler
                0x0000c346                ENET_Receive_DriverIRQHandler
                0x0000c346                DMA13_DriverIRQHandler
                0x0000c346                ENET_Error_DriverIRQHandler
                0x0000c346                DMA15_DriverIRQHandler
                0x0000c346                SPI0_DriverIRQHandler
                0x0000c346                ADC0_DriverIRQHandler
                0x0000c346                FTFL_DriverIRQHandler
                0x0000c346                CMP0_DriverIRQHandler
                0x0000c346                CAN0_DriverIRQHandler
                0x0000c346                Reserved59_DriverIRQHandler
                0x0000c346                DMA5_DriverIRQHandler
                0x0000c346                UART1_ERR_DriverIRQHandler
                0x0000c346                DMA2_DriverIRQHandler
                0x0000c346                ENET_Transmit_DriverIRQHandler
                0x0000c346                I2C0_DriverIRQHandler
                0x0000c346                CAN1_DriverIRQHandler
                0x0000c346                DMA7_DriverIRQHandler
                0x0000c346                UART1_RX_TX_DriverIRQHandler
                0x0000c346                Reserved108_DriverIRQHandler
                0x00000400                . = 0x400
 *fill*         0x0000c34c       0xb4 ff
                0x0000c400                PROVIDE (__FLASH_CONFIG_START__ = .)
 *(.FlashConfig)
 .FlashConfig   0x0000c400       0x10 Startup/startup_mk60d10.o
                0x0000c410                PROVIDE (__FLASH_CONFIG_END__ = .)
                0x00000001                ASSERT (! ((__FLASH_CONFIG_START__ == __FLASH_CONFIG_END__)), Linker Flash Config Support Enabled, but no .FlashConfig section provided within application)

.eh_frame       0x0000c410        0x0
 .eh_frame      0x0000c410        0x0 c:/gcc-arm-none-eabi-10.3-2021.10/bin/../lib/gcc/arm-none-eabi/10.3.1/thumb/v7e-m/nofp/crtbegin.o

.glue_7         0x0000c410        0x0
 .glue_7        0x0000c410        0x0 linker stubs

.glue_7t        0x0000c410        0x0
 .glue_7t       0x0000c410        0x0 linker stubs

.vfp11_veneer   0x0000c410        0x0
 .vfp11_veneer  0x0000c410        0x0 linker stubs

.v4_bx          0x0000c410        0x0
 .v4_bx         0x0000c410        0x0 linker stubs

.iplt           0x0000c410        0x0
 .iplt          0x0000c410        0x0 c:/gcc-arm-none-eabi-10.3-2021.10/bin/../lib/gcc/arm-none-eabi/10.3.1/thumb/v7e-m/nofp/crtbegin.o

.text           0x0000c440    0x1009c
 *(.text*)
 .text          0x0000c440       0x40 c:/gcc-arm-none-eabi-10.3-2021.10/bin/../lib/gcc/arm-none-eabi/10.3.1/thumb/v7e-m/nofp/crtbegin.o
 .text._ZSt3absf
                0x0000c480       0x18 ../main.o
                0x0000c480                std::abs(float)
 .text._ZN5Drive18ResetEncoderCountsEv
                0x0000c498       0x24 ../main.o
                0x0000c498                Drive::ResetEncoderCounts()
 .text._ZN5Drive4StopEv
                0x0000c4bc       0x22 ../main.o
                0x0000c4bc                Drive::Stop()
 *fill*         0x0000c4de        0x2 
 .text._ZN5Drive16radiansToDegreesEf
                0x0000c4e0       0x40 ../main.o
                0x0000c4e0                Drive::radiansToDegrees(float)
 .text._ZN5Drive27CalcSmallestAngleDifferenceEff
                0x0000c520       0x64 ../main.o
                0x0000c520                Drive::CalcSmallestAngleDifference(float, float)
 .text._ZN5Drive18GetAngleFromDeltasEff
                0x0000c584       0x4c ../main.o
                0x0000c584                Drive::GetAngleFromDeltas(float, float)
 .text._ZN5Drive18GetAngleFromPointsE8PositionS0_
                0x0000c5d0       0x52 ../main.o
                0x0000c5d0                Drive::GetAngleFromPoints(Position, Position)
 .text._ZN5Drive4DistE8PositionS0_
                0x0000c622       0x68 ../main.o
                0x0000c622                Drive::Dist(Position, Position)
 *fill*         0x0000c68a        0x2 
 .text._ZN5DriveC2EN8FEHMotor12FEHMotorPortES1_N5FEHIO8FEHIOPinES3_
                0x0000c68c       0x6c ../main.o
                0x0000c68c                Drive::Drive(FEHMotor::FEHMotorPort, FEHMotor::FEHMotorPort, FEHIO::FEHIOPin, FEHIO::FEHIOPin)
                0x0000c68c                Drive::Drive(FEHMotor::FEHMotorPort, FEHMotor::FEHMotorPort, FEHIO::FEHIOPin, FEHIO::FEHIOPin)
 .text._ZN5Drive10initializeEv
                0x0000c6f8       0x38 ../main.o
                0x0000c6f8                Drive::initialize()
 .text._ZN5Drive7ForwardEv
                0x0000c730       0x42 ../main.o
                0x0000c730                Drive::Forward()
 *fill*         0x0000c772        0x6 
 .text._ZN5Drive7ForwardEi
                0x0000c778       0x80 ../main.o
                0x0000c778                Drive::Forward(int)
 .text._ZN5Drive12ForwardTimedEf
                0x0000c7f8       0x7c ../main.o
                0x0000c7f8                Drive::ForwardTimed(float)
 .text._ZN5Drive6WiggleEv
                0x0000c874       0x30 ../main.o
                0x0000c874                Drive::Wiggle()
 .text._ZN5Drive4BackEv
                0x0000c8a4       0x42 ../main.o
                0x0000c8a4                Drive::Back()
 *fill*         0x0000c8e6        0x2 
 .text._ZN5Drive4BackEi
                0x0000c8e8       0x80 ../main.o
                0x0000c8e8                Drive::Back(int)
 .text._ZN5Drive9BackTimedEf
                0x0000c968       0x7c ../main.o
                0x0000c968                Drive::BackTimed(float)
 *fill*         0x0000c9e4        0x4 
 .text._ZN5Drive9TurnRightEi
                0x0000c9e8       0xd0 ../main.o
                0x0000c9e8                Drive::TurnRight(int)
 .text._ZN5Drive8TurnLeftEi
                0x0000cab8       0xb0 ../main.o
                0x0000cab8                Drive::TurnLeft(int)
 .text._ZN5Drive4TurnEf
                0x0000cb68       0x78 ../main.o
                0x0000cb68                Drive::Turn(float)
 .text._ZN5Drive15SetDrivePercentEi
                0x0000cbe0       0x1a ../main.o
                0x0000cbe0                Drive::SetDrivePercent(int)
 *fill*         0x0000cbfa        0x2 
 .text._ZN5Drive11GetPositionEv
                0x0000cbfc      0x108 ../main.o
                0x0000cbfc                Drive::GetPosition()
 .text._ZN5Drive6TurnToE8Position
                0x0000cd04       0x80 ../main.o
                0x0000cd04                Drive::TurnTo(Position)
 .text._ZN5Drive6TurnToEf
                0x0000cd84       0x66 ../main.o
                0x0000cd84                Drive::TurnTo(float)
 .text._ZN5Drive7DriveToE8Position
                0x0000cdea       0x4c ../main.o
                0x0000cdea                Drive::DriveTo(Position)
 .text._ZN5Drive10GoToNoTurnE8Position
                0x0000ce36       0x20 ../main.o
                0x0000ce36                Drive::GoToNoTurn(Position)
 *fill*         0x0000ce56        0x2 
 .text._ZN5Drive18GoToWithCorrectionE8Position
                0x0000ce58       0xf4 ../main.o
                0x0000ce58                Drive::GoToWithCorrection(Position)
 .text._Z13GetCoordinatev
                0x0000cf4c       0x44 ../main.o
                0x0000cf4c                GetCoordinate()
 .text._Z10lightIsRedv
                0x0000cf90       0x3c ../main.o
                0x0000cf90                lightIsRed()
 .text._Z6Ticket8Position
                0x0000cfcc       0xb8 ../main.o
                0x0000cfcc                Ticket(Position)
 .text._Z8Passportv
                0x0000d084      0x144 ../main.o
                0x0000d084                Passport()
 .text._Z7Luggagev
                0x0000d1c8      0x108 ../main.o
                0x0000d1c8                Luggage()
 .text._Z6Leversv
                0x0000d2d0       0xe8 ../main.o
                0x0000d2d0                Levers()
 .text._Z11FinalButtonv
                0x0000d3b8       0x5c ../main.o
                0x0000d3b8                FinalButton()
 *fill*         0x0000d414        0x4 
 .text._Z11WaitToStartv
                0x0000d418       0x54 ../main.o
                0x0000d418                WaitToStart()
 .text.main     0x0000d46c       0x74 ../main.o
                0x0000d46c                main
 .text._Z41__static_initialization_and_destruction_0ii
                0x0000d4e0       0x50 ../main.o
 .text._GLOBAL__sub_I_leverServo
                0x0000d530       0x10 ../main.o
 .text.PORTD_IRQHandler
                0x0000d540       0x50 Startup/startup_mk60d10.o
                0x0000d540                PORTD_IRQHandler
 .text._Z15InitPowerButtonv
                0x0000d590       0x60 Startup/startup_mk60d10.o
                0x0000d590                InitPowerButton()
 .text._ZL11pll_init_blv
                0x0000d5f0       0xe0 Startup/startup_mk60d10.o
 .text._Z14InitFEHProteusv
                0x0000d6d0       0xec Startup/startup_mk60d10.o
                0x0000d6d0                InitFEHProteus()
 .text.DMA0_IRQHandler
                0x0000d7bc        0xc Startup/startup_mk60d10.o
                0x0000d7bc                DMA0_IRQHandler
 .text.DMA1_IRQHandler
                0x0000d7c8        0xc Startup/startup_mk60d10.o
                0x0000d7c8                DMA1_IRQHandler
 .text.DMA2_IRQHandler
                0x0000d7d4        0xc Startup/startup_mk60d10.o
                0x0000d7d4                DMA2_IRQHandler
 .text.DMA3_IRQHandler
                0x0000d7e0        0xc Startup/startup_mk60d10.o
                0x0000d7e0                DMA3_IRQHandler
 .text.DMA4_IRQHandler
                0x0000d7ec        0xc Startup/startup_mk60d10.o
                0x0000d7ec                DMA4_IRQHandler
 .text.DMA5_IRQHandler
                0x0000d7f8        0xc Startup/startup_mk60d10.o
                0x0000d7f8                DMA5_IRQHandler
 .text.DMA6_IRQHandler
                0x0000d804        0xc Startup/startup_mk60d10.o
                0x0000d804                DMA6_IRQHandler
 .text.DMA7_IRQHandler
                0x0000d810        0xc Startup/startup_mk60d10.o
                0x0000d810                DMA7_IRQHandler
 .text.DMA8_IRQHandler
                0x0000d81c        0xc Startup/startup_mk60d10.o
                0x0000d81c                DMA8_IRQHandler
 .text.DMA9_IRQHandler
                0x0000d828        0xc Startup/startup_mk60d10.o
                0x0000d828                DMA9_IRQHandler
 .text.DMA10_IRQHandler
                0x0000d834        0xc Startup/startup_mk60d10.o
                0x0000d834                DMA10_IRQHandler
 .text.DMA11_IRQHandler
                0x0000d840        0xc Startup/startup_mk60d10.o
                0x0000d840                DMA11_IRQHandler
 .text.DMA12_IRQHandler
                0x0000d84c        0xc Startup/startup_mk60d10.o
                0x0000d84c                DMA12_IRQHandler
 .text.DMA13_IRQHandler
                0x0000d858        0xc Startup/startup_mk60d10.o
                0x0000d858                DMA13_IRQHandler
 .text.DMA14_IRQHandler
                0x0000d864        0xc Startup/startup_mk60d10.o
                0x0000d864                DMA14_IRQHandler
 .text.DMA15_IRQHandler
                0x0000d870        0xc Startup/startup_mk60d10.o
                0x0000d870                DMA15_IRQHandler
 .text.DMA_Error_IRQHandler
                0x0000d87c        0xc Startup/startup_mk60d10.o
                0x0000d87c                DMA_Error_IRQHandler
 .text.MCM_IRQHandler
                0x0000d888        0xc Startup/startup_mk60d10.o
                0x0000d888                MCM_IRQHandler
 .text.FTFL_IRQHandler
                0x0000d894        0xc Startup/startup_mk60d10.o
                0x0000d894                FTFL_IRQHandler
 .text.Read_Collision_IRQHandler
                0x0000d8a0        0xc Startup/startup_mk60d10.o
                0x0000d8a0                Read_Collision_IRQHandler
 .text.LVD_LVW_IRQHandler
                0x0000d8ac        0xc Startup/startup_mk60d10.o
                0x0000d8ac                LVD_LVW_IRQHandler
 .text.LLWU_IRQHandler
                0x0000d8b8        0xc Startup/startup_mk60d10.o
                0x0000d8b8                LLWU_IRQHandler
 .text.WDOG_EWM_IRQHandler
                0x0000d8c4        0xc Startup/startup_mk60d10.o
                0x0000d8c4                WDOG_EWM_IRQHandler
 .text.RNG_IRQHandler
                0x0000d8d0        0xc Startup/startup_mk60d10.o
                0x0000d8d0                RNG_IRQHandler
 .text.I2C0_IRQHandler
                0x0000d8dc        0xc Startup/startup_mk60d10.o
                0x0000d8dc                I2C0_IRQHandler
 .text.I2C1_IRQHandler
                0x0000d8e8        0xc Startup/startup_mk60d10.o
                0x0000d8e8                I2C1_IRQHandler
 .text.SPI0_IRQHandler
                0x0000d8f4        0xc Startup/startup_mk60d10.o
                0x0000d8f4                SPI0_IRQHandler
 .text.SPI1_IRQHandler
                0x0000d900        0xc Startup/startup_mk60d10.o
                0x0000d900                SPI1_IRQHandler
 .text.SPI2_IRQHandler
                0x0000d90c        0xc Startup/startup_mk60d10.o
                0x0000d90c                SPI2_IRQHandler
 .text.CAN0_ORed_Message_buffer_IRQHandler
                0x0000d918        0xc Startup/startup_mk60d10.o
                0x0000d918                CAN0_ORed_Message_buffer_IRQHandler
 .text.CAN0_Bus_Off_IRQHandler
                0x0000d924        0xc Startup/startup_mk60d10.o
                0x0000d924                CAN0_Bus_Off_IRQHandler
 .text.CAN0_Error_IRQHandler
                0x0000d930        0xc Startup/startup_mk60d10.o
                0x0000d930                CAN0_Error_IRQHandler
 .text.CAN0_Tx_Warning_IRQHandler
                0x0000d93c        0xc Startup/startup_mk60d10.o
                0x0000d93c                CAN0_Tx_Warning_IRQHandler
 .text.CAN0_Rx_Warning_IRQHandler
                0x0000d948        0xc Startup/startup_mk60d10.o
                0x0000d948                CAN0_Rx_Warning_IRQHandler
 .text.CAN0_Wake_Up_IRQHandler
                0x0000d954        0xc Startup/startup_mk60d10.o
                0x0000d954                CAN0_Wake_Up_IRQHandler
 .text.I2S0_Tx_IRQHandler
                0x0000d960        0xc Startup/startup_mk60d10.o
                0x0000d960                I2S0_Tx_IRQHandler
 .text.I2S0_Rx_IRQHandler
                0x0000d96c        0xc Startup/startup_mk60d10.o
                0x0000d96c                I2S0_Rx_IRQHandler
 .text.CAN1_ORed_Message_buffer_IRQHandler
                0x0000d978        0xc Startup/startup_mk60d10.o
                0x0000d978                CAN1_ORed_Message_buffer_IRQHandler
 .text.CAN1_Bus_Off_IRQHandler
                0x0000d984        0xc Startup/startup_mk60d10.o
                0x0000d984                CAN1_Bus_Off_IRQHandler
 .text.CAN1_Error_IRQHandler
                0x0000d990        0xc Startup/startup_mk60d10.o
                0x0000d990                CAN1_Error_IRQHandler
 .text.CAN1_Tx_Warning_IRQHandler
                0x0000d99c        0xc Startup/startup_mk60d10.o
                0x0000d99c                CAN1_Tx_Warning_IRQHandler
 .text.CAN1_Rx_Warning_IRQHandler
                0x0000d9a8        0xc Startup/startup_mk60d10.o
                0x0000d9a8                CAN1_Rx_Warning_IRQHandler
 .text.CAN1_Wake_Up_IRQHandler
                0x0000d9b4        0xc Startup/startup_mk60d10.o
                0x0000d9b4                CAN1_Wake_Up_IRQHandler
 .text.Reserved59_IRQHandler
                0x0000d9c0        0xc Startup/startup_mk60d10.o
                0x0000d9c0                Reserved59_IRQHandler
 .text.UART0_LON_IRQHandler
                0x0000d9cc        0xc Startup/startup_mk60d10.o
                0x0000d9cc                UART0_LON_IRQHandler
 .text.UART0_ERR_IRQHandler
                0x0000d9d8        0xc Startup/startup_mk60d10.o
                0x0000d9d8                UART0_ERR_IRQHandler
 .text.UART1_RX_TX_IRQHandler
                0x0000d9e4        0xc Startup/startup_mk60d10.o
                0x0000d9e4                UART1_RX_TX_IRQHandler
 .text.UART1_ERR_IRQHandler
                0x0000d9f0        0xc Startup/startup_mk60d10.o
                0x0000d9f0                UART1_ERR_IRQHandler
 .text.UART2_RX_TX_IRQHandler
                0x0000d9fc        0xc Startup/startup_mk60d10.o
                0x0000d9fc                UART2_RX_TX_IRQHandler
 .text.UART2_ERR_IRQHandler
                0x0000da08        0xc Startup/startup_mk60d10.o
                0x0000da08                UART2_ERR_IRQHandler
 .text.UART3_RX_TX_IRQHandler
                0x0000da14        0xc Startup/startup_mk60d10.o
                0x0000da14                UART3_RX_TX_IRQHandler
 .text.UART3_ERR_IRQHandler
                0x0000da20        0xc Startup/startup_mk60d10.o
                0x0000da20                UART3_ERR_IRQHandler
 .text.UART4_RX_TX_IRQHandler
                0x0000da2c        0xc Startup/startup_mk60d10.o
                0x0000da2c                UART4_RX_TX_IRQHandler
 .text.UART4_ERR_IRQHandler
                0x0000da38        0xc Startup/startup_mk60d10.o
                0x0000da38                UART4_ERR_IRQHandler
 .text.UART5_RX_TX_IRQHandler
                0x0000da44        0xc Startup/startup_mk60d10.o
                0x0000da44                UART5_RX_TX_IRQHandler
 .text.UART5_ERR_IRQHandler
                0x0000da50        0xc Startup/startup_mk60d10.o
                0x0000da50                UART5_ERR_IRQHandler
 .text.ADC0_IRQHandler
                0x0000da5c        0xc Startup/startup_mk60d10.o
                0x0000da5c                ADC0_IRQHandler
 .text.ADC1_IRQHandler
                0x0000da68        0xc Startup/startup_mk60d10.o
                0x0000da68                ADC1_IRQHandler
 .text.CMP0_IRQHandler
                0x0000da74        0xc Startup/startup_mk60d10.o
                0x0000da74                CMP0_IRQHandler
 .text.CMP1_IRQHandler
                0x0000da80        0xc Startup/startup_mk60d10.o
                0x0000da80                CMP1_IRQHandler
 .text.CMP2_IRQHandler
                0x0000da8c        0xc Startup/startup_mk60d10.o
                0x0000da8c                CMP2_IRQHandler
 .text.FTM0_IRQHandler
                0x0000da98        0xc Startup/startup_mk60d10.o
                0x0000da98                FTM0_IRQHandler
 .text.FTM1_IRQHandler
                0x0000daa4        0xc Startup/startup_mk60d10.o
                0x0000daa4                FTM1_IRQHandler
 .text.FTM2_IRQHandler
                0x0000dab0        0xc Startup/startup_mk60d10.o
                0x0000dab0                FTM2_IRQHandler
 .text.CMT_IRQHandler
                0x0000dabc        0xc Startup/startup_mk60d10.o
                0x0000dabc                CMT_IRQHandler
 .text.RTC_IRQHandler
                0x0000dac8        0xc Startup/startup_mk60d10.o
                0x0000dac8                RTC_IRQHandler
 .text.RTC_Seconds_IRQHandler
                0x0000dad4        0xc Startup/startup_mk60d10.o
                0x0000dad4                RTC_Seconds_IRQHandler
 .text.PIT1_IRQHandler
                0x0000dae0        0xc Startup/startup_mk60d10.o
                0x0000dae0                PIT1_IRQHandler
 .text.PIT2_IRQHandler
                0x0000daec        0xc Startup/startup_mk60d10.o
                0x0000daec                PIT2_IRQHandler
 .text.PIT3_IRQHandler
                0x0000daf8        0xc Startup/startup_mk60d10.o
                0x0000daf8                PIT3_IRQHandler
 .text.PDB0_IRQHandler
                0x0000db04        0xc Startup/startup_mk60d10.o
                0x0000db04                PDB0_IRQHandler
 .text.USB0_IRQHandler
                0x0000db10        0xc Startup/startup_mk60d10.o
                0x0000db10                USB0_IRQHandler
 .text.USBDCD_IRQHandler
                0x0000db1c        0xc Startup/startup_mk60d10.o
                0x0000db1c                USBDCD_IRQHandler
 .text.ENET_1588_Timer_IRQHandler
                0x0000db28        0xc Startup/startup_mk60d10.o
                0x0000db28                ENET_1588_Timer_IRQHandler
 .text.ENET_Transmit_IRQHandler
                0x0000db34        0xc Startup/startup_mk60d10.o
                0x0000db34                ENET_Transmit_IRQHandler
 .text.ENET_Receive_IRQHandler
                0x0000db40        0xc Startup/startup_mk60d10.o
                0x0000db40                ENET_Receive_IRQHandler
 .text.ENET_Error_IRQHandler
                0x0000db4c        0xc Startup/startup_mk60d10.o
                0x0000db4c                ENET_Error_IRQHandler
 .text.Reserved95_IRQHandler
                0x0000db58        0xc Startup/startup_mk60d10.o
                0x0000db58                Reserved95_IRQHandler
 .text.SDHC_IRQHandler
                0x0000db64        0xc Startup/startup_mk60d10.o
                0x0000db64                SDHC_IRQHandler
 .text.DAC0_IRQHandler
                0x0000db70        0xc Startup/startup_mk60d10.o
                0x0000db70                DAC0_IRQHandler
 .text.DAC1_IRQHandler
                0x0000db7c        0xc Startup/startup_mk60d10.o
                0x0000db7c                DAC1_IRQHandler
 .text.TSI0_IRQHandler
                0x0000db88        0xc Startup/startup_mk60d10.o
                0x0000db88                TSI0_IRQHandler
 .text.MCG_IRQHandler
                0x0000db94        0xc Startup/startup_mk60d10.o
                0x0000db94                MCG_IRQHandler
 .text.LPTMR0_IRQHandler
                0x0000dba0        0xc Startup/startup_mk60d10.o
                0x0000dba0                LPTMR0_IRQHandler
 .text.Reserved102_IRQHandler
                0x0000dbac        0xc Startup/startup_mk60d10.o
                0x0000dbac                Reserved102_IRQHandler
 .text.Reserved108_IRQHandler
                0x0000dbb8        0xc Startup/startup_mk60d10.o
                0x0000dbb8                Reserved108_IRQHandler
 .text.Reserved109_IRQHandler
                0x0000dbc4        0xc Startup/startup_mk60d10.o
                0x0000dbc4                Reserved109_IRQHandler
 .text.SWI_IRQHandler
                0x0000dbd0        0xc Startup/startup_mk60d10.o
                0x0000dbd0                SWI_IRQHandler
 *fill*         0x0000dbdc        0x4 
 .text._ZN8FEHMotorC2ENS_12FEHMotorPortEf
                0x0000dbe0       0x7c Libraries/FEHMotor.o
                0x0000dbe0                FEHMotor::FEHMotor(FEHMotor::FEHMotorPort, float)
                0x0000dbe0                FEHMotor::FEHMotor(FEHMotor::FEHMotorPort, float)
 .text._ZN8FEHMotor4StopEv
                0x0000dc5c       0x30 Libraries/FEHMotor.o
                0x0000dc5c                FEHMotor::Stop()
 .text._ZN8FEHMotor8SetPowerEi
                0x0000dc8c       0x54 Libraries/FEHMotor.o
                0x0000dc8c                FEHMotor::SetPower(int)
 .text._ZN8FEHMotor10SetPercentEf
                0x0000dce0       0xf8 Libraries/FEHMotor.o
                0x0000dce0                FEHMotor::SetPercent(float)
 .text._Z21IIC_StartTransmissionhh
                0x0000ddd8       0x6c Drivers/i2c.o
                0x0000ddd8                IIC_StartTransmission(unsigned char, unsigned char)
 .text._Z5Pausev
                0x0000de44       0x24 Drivers/i2c.o
                0x0000de44                Pause()
 .text._Z21MMA8451QWriteRegisterhh
                0x0000de68       0x68 Drivers/i2c.o
                0x0000de68                MMA8451QWriteRegister(unsigned char, unsigned char)
 .text._Z8i2c_Waitv
                0x0000ded0       0x6c Drivers/i2c.o
                0x0000ded0                i2c_Wait()
 .text._Z12SPI_SendCharh
                0x0000df3c       0x1a Drivers/spi.o
                0x0000df3c                SPI_SendChar(unsigned char)
 .text._Z16SPI_WriteCommandhh
                0x0000df56       0x34 Drivers/spi.o
                0x0000df56                SPI_WriteCommand(unsigned char, unsigned char)
 .text._Z11SPI_GetCharv
                0x0000df8a       0x10 Drivers/spi.o
                0x0000df8a                SPI_GetChar()
 .text._Z15SPI_ReadCommandh
                0x0000df9a       0x38 Drivers/spi.o
                0x0000df9a                SPI_ReadCommand(unsigned char)
 *fill*         0x0000dfd2        0x2 
 .text._Z13SPI_CS_Assertv
                0x0000dfd4       0x1c Drivers/spi.o
                0x0000dfd4                SPI_CS_Assert()
 .text._Z15SPI_CS_Deassertv
                0x0000dff0       0x1c Drivers/spi.o
                0x0000dff0                SPI_CS_Deassert()
 .text._Z12SPI_Transferh
                0x0000e00c       0x6c Drivers/spi.o
                0x0000e00c                SPI_Transfer(unsigned char)
 .text._Z8SPI_Initv
                0x0000e078       0xa0 Drivers/spi.o
                0x0000e078                SPI_Init()
 .text._Z9uart_initPV11UART_MemMapii
                0x0000e118      0x174 Drivers/uart.o
                0x0000e118                uart_init(UART_MemMap volatile*, int, int)
 .text._Z12uart_getcharPV11UART_MemMap
                0x0000e28c       0x32 Drivers/uart.o
                0x0000e28c                uart_getchar(UART_MemMap volatile*)
 .text._Z12uart_putcharPV11UART_MemMapc
                0x0000e2be       0x32 Drivers/uart.o
                0x0000e2be                uart_putchar(UART_MemMap volatile*, char)
 .text._ZL7mem_setPvij
                0x0000e2f0       0x3c Drivers/ff.o
 .text._ZL11move_windowP5FATFSm
                0x0000e32c       0xc8 Drivers/ff.o
 .text._ZL4syncP5FATFS
                0x0000e3f4      0x14c Drivers/ff.o
 .text._ZL8validateP5FATFSt
                0x0000e540       0x54 Drivers/ff.o
 .text._Z6f_syncP3FIL
                0x0000e594      0x186 Drivers/ff.o
                0x0000e594                f_sync(FIL*)
 .text._Z7f_closeP3FIL
                0x0000e71a       0x28 Drivers/ff.o
                0x0000e71a                f_close(FIL*)
 *fill*         0x0000e742        0x2 
 .text._ZL17SDHC_set_baudratemm
                0x0000e744       0xe8 Drivers/SDHC.o
 .text._Z9SDHC_initP17esdhc_info_structPK17esdhc_init_struct
                0x0000e82c      0x130 Drivers/SDHC.o
                0x0000e82c                SDHC_init(esdhc_info_struct*, esdhc_init_struct const*)
 .text._ZL15SDHC_is_runningv
                0x0000e95c       0x24 Drivers/SDHC.o
 .text._ZL16SDHC_status_waitm
                0x0000e980       0x2c Drivers/SDHC.o
 .text._ZL17SDHC_send_commandP20esdhc_command_struct
                0x0000e9ac      0x1f8 Drivers/SDHC.o
 .text._Z10SDHC_ioctlmPv
                0x0000eba4      0x6f0 Drivers/SDHC.o
                0x0000eba4                SDHC_ioctl(unsigned long, void*)
 .text._ZL14rcvr_datablockPhm
                0x0000f294       0xf0 Drivers/SDHC.o
 .text._Z9disk_readhPhmh
                0x0000f384      0x124 Drivers/SDHC.o
                0x0000f384                disk_read(unsigned char, unsigned char*, unsigned long, unsigned char)
 .text._ZL14xmit_datablockPKhm
                0x0000f4a8       0xa4 Drivers/SDHC.o
 .text._Z10disk_writehPKhmh
                0x0000f54c      0x198 Drivers/SDHC.o
                0x0000f54c                disk_write(unsigned char, unsigned char const*, unsigned long, unsigned char)
 .text._Z10disk_ioctlhhPv
                0x0000f6e4      0x104 Drivers/SDHC.o
                0x0000f6e4                disk_ioctl(unsigned char, unsigned char, void*)
 .text._Z11disk_statush
                0x0000f7e8       0x28 Drivers/SDHC.o
                0x0000f7e8                disk_status(unsigned char)
 .text._Z13time_delay_msm
                0x0000f810       0x6c Drivers/lptmr.o
                0x0000f810                time_delay_ms(unsigned long)
 .text._Z41__static_initialization_and_destruction_0ii
                0x0000f87c       0x2c FEHProteus.o
 .text._GLOBAL__sub_I_Propeller
                0x0000f8a8       0x10 FEHProteus.o
 .text._ZN12FEHPropellerC2Ev
                0x0000f8b8       0x1a Drivers/FEHPropeller.o
                0x0000f8b8                FEHPropeller::FEHPropeller()
                0x0000f8b8                FEHPropeller::FEHPropeller()
 *fill*         0x0000f8d2        0x2 
 .text._ZN12FEHPropeller10InitializeEv
                0x0000f8d4       0x74 Drivers/FEHPropeller.o
                0x0000f8d4                FEHPropeller::Initialize()
 .text._ZN12FEHPropeller12SetMotorRateEhhh
                0x0000f948       0x5c Drivers/FEHPropeller.o
                0x0000f948                FEHPropeller::SetMotorRate(unsigned char, unsigned char, unsigned char)
 .text._ZL5Delaymjj
                0x0000f9a4       0x94 Libraries/FEHUtility.o
 .text._Z5Sleepi
                0x0000fa38       0x2c Libraries/FEHUtility.o
                0x0000fa38                Sleep(int)
 .text._Z5Sleepd
                0x0000fa64       0x4c Libraries/FEHUtility.o
                0x0000fa64                Sleep(double)
 .text._Z7TimeNowv
                0x0000fab0       0x5c Libraries/FEHUtility.o
                0x0000fab0                TimeNow()
 .text._Z11TimeNowMSecv
                0x0000fb0c       0x38 Libraries/FEHUtility.o
                0x0000fb0c                TimeNowMSec()
 .text._ZN14DigitalEncoderC2EN5FEHIO8FEHIOPinE
                0x0000fb44       0x26 Libraries/FEHIO.o
                0x0000fb44                DigitalEncoder::DigitalEncoder(FEHIO::FEHIOPin)
                0x0000fb44                DigitalEncoder::DigitalEncoder(FEHIO::FEHIOPin)
 *fill*         0x0000fb6a        0x2 
 .text._Z10enable_irqi
                0x0000fb6c      0x11c Libraries/FEHIO.o
                0x0000fb6c                enable_irq(int)
 .text._ZN14DigitalEncoder10InitializeEN5FEHIO8FEHIOPinENS0_21FEHIOInterruptTriggerE
                0x0000fc88      0x1a8 Libraries/FEHIO.o
                0x0000fc88                DigitalEncoder::Initialize(FEHIO::FEHIOPin, FEHIO::FEHIOInterruptTrigger)
 .text._Z16PORTB_IRQHandlerv
                0x0000fe30       0x9c Libraries/FEHIO.o
                0x0000fe30                PORTB_IRQHandler()
 .text._Z16PORTC_IRQHandlerv
                0x0000fecc       0x9c Libraries/FEHIO.o
                0x0000fecc                PORTC_IRQHandler()
 .text._Z16PORTA_IRQHandlerv
                0x0000ff68       0xa0 Libraries/FEHIO.o
                0x0000ff68                PORTA_IRQHandler()
 .text._Z16PORTE_IRQHandlerv
                0x00010008       0x98 Libraries/FEHIO.o
                0x00010008                PORTE_IRQHandler()
 .text._ZN14DigitalEncoder6CountsEv
                0x000100a0       0x24 Libraries/FEHIO.o
                0x000100a0                DigitalEncoder::Counts()
 .text._ZN14DigitalEncoder11ResetCountsEv
                0x000100c4       0x24 Libraries/FEHIO.o
                0x000100c4                DigitalEncoder::ResetCounts()
 .text._ZN14AnalogInputPinC2EN5FEHIO8FEHIOPinE
                0x000100e8       0x1e Libraries/FEHIO.o
                0x000100e8                AnalogInputPin::AnalogInputPin(FEHIO::FEHIOPin)
                0x000100e8                AnalogInputPin::AnalogInputPin(FEHIO::FEHIOPin)
 *fill*         0x00010106        0x2 
 .text._ZN14AnalogInputPin5ValueEv
                0x00010108      0x120 Libraries/FEHIO.o
                0x00010108                AnalogInputPin::Value()
 .text._ZN13AnalogEncoder12EncoderValueEv
                0x00010228       0xb0 Libraries/FEHIO.o
                0x00010228                AnalogEncoder::EncoderValue()
 .text._ZN14AnalogInputPin8InitADCsEv
                0x000102d8       0x98 Libraries/FEHIO.o
                0x000102d8                AnalogInputPin::InitADCs()
 .text._Z15PIT0_IRQHandlerv
                0x00010370       0x28 Libraries/FEHIO.o
                0x00010370                PIT0_IRQHandler()
 .text._ZN13AnalogEncoder4InitEv
                0x00010398       0x44 Libraries/FEHIO.o
                0x00010398                AnalogEncoder::Init()
 .text._ZN13AnalogEncoder14SetCounterInitEj
                0x000103dc       0x20 Libraries/FEHIO.o
                0x000103dc                AnalogEncoder::SetCounterInit(unsigned int)
 .text._ZN13AnalogEncoder10ProcessIntEv
                0x000103fc       0x68 Libraries/FEHIO.o
                0x000103fc                AnalogEncoder::ProcessInt()
 .text._ZN13AnalogEncoder14ProcessIntSelfEv
                0x00010464       0x6e Libraries/FEHIO.o
                0x00010464                AnalogEncoder::ProcessIntSelf()
 .text._Z7ADC_CalPV10ADC_MemMap
                0x000104d2      0x13e Drivers/adc16.o
                0x000104d2                ADC_Cal(ADC_MemMap volatile*)
 .text._Z14ADC_Config_AltPV10ADC_MemMapP7adc_cfg
                0x00010610       0x6c Drivers/adc16.o
                0x00010610                ADC_Config_Alt(ADC_MemMap volatile*, adc_cfg*)
 .text._ZN9FEHBuzzerC2Ev
                0x0001067c       0x14 Libraries/FEHBuzzer.o
                0x0001067c                FEHBuzzer::FEHBuzzer()
                0x0001067c                FEHBuzzer::FEHBuzzer()
 .text._Z41__static_initialization_and_destruction_0ii
                0x00010690       0x2c Libraries/FEHBuzzer.o
 .text._GLOBAL__sub_I_Buzzer
                0x000106bc       0x10 Libraries/FEHBuzzer.o
 .text._ZN8FEHServoC2ENS_12FEHServoPortE
                0x000106cc       0x38 Libraries/FEHServo.o
                0x000106cc                FEHServo::FEHServo(FEHServo::FEHServoPort)
                0x000106cc                FEHServo::FEHServo(FEHServo::FEHServoPort)
 .text._ZN8FEHServo6SetMinEi
                0x00010704       0x3a Libraries/FEHServo.o
                0x00010704                FEHServo::SetMin(int)
 .text._ZN8FEHServo6SetMaxEi
                0x0001073e       0x3a Libraries/FEHServo.o
                0x0001073e                FEHServo::SetMax(int)
 .text._ZN8FEHServo9SetDegreeEf
                0x00010778       0xf8 Libraries/FEHServo.o
                0x00010778                FEHServo::SetDegree(float)
 .text._ZN6FEHLCD11_InitializeEv
                0x00010870      0x410 Libraries/FEHLCD.o
                0x00010870                FEHLCD::_Initialize()
 .text._ZN6FEHLCDC2Ev
                0x00010c80       0x50 Libraries/FEHLCD.o
                0x00010c80                FEHLCD::FEHLCD()
                0x00010c80                FEHLCD::FEHLCD()
 .text._ZN6FEHLCD10InitializeEv
                0x00010cd0       0x28 Libraries/FEHLCD.o
                0x00010cd0                FEHLCD::Initialize()
 .text._ZN6FEHLCD10PrintImageEii
                0x00010cf8       0xbc Libraries/FEHLCD.o
                0x00010cf8                FEHLCD::PrintImage(int, int)
 .text._ZN6FEHLCD9PrintLogoEii
                0x00010db4       0xbc Libraries/FEHLCD.o
                0x00010db4                FEHLCD::PrintLogo(int, int)
 .text._ZN6FEHLCD22ConvertFEHColorTo24BitENS_11FEHLCDColorE
                0x00010e70       0x78 Libraries/FEHLCD.o
                0x00010e70                FEHLCD::ConvertFEHColorTo24Bit(FEHLCD::FEHLCDColor)
 .text._ZN6FEHLCD24Convert24BitColorTo16BitEj
                0x00010ee8       0x30 Libraries/FEHLCD.o
                0x00010ee8                FEHLCD::Convert24BitColorTo16Bit(unsigned int)
 .text._ZN6FEHLCD22ConvertRGBColorTo16BitEhhh
                0x00010f18       0x4a Libraries/FEHLCD.o
                0x00010f18                FEHLCD::ConvertRGBColorTo16Bit(unsigned char, unsigned char, unsigned char)
 .text._ZN6FEHLCD5ClearENS_11FEHLCDColorE
                0x00010f62       0x28 Libraries/FEHLCD.o
                0x00010f62                FEHLCD::Clear(FEHLCD::FEHLCDColor)
 .text._ZN6FEHLCD5ClearEj
                0x00010f8a       0x2c Libraries/FEHLCD.o
                0x00010f8a                FEHLCD::Clear(unsigned int)
 .text._ZN6FEHLCD5ClearEv
                0x00010fb6       0x16 Libraries/FEHLCD.o
                0x00010fb6                FEHLCD::Clear()
 .text._ZN6FEHLCD18SetBackgroundColorENS_11FEHLCDColorE
                0x00010fcc       0x28 Libraries/FEHLCD.o
                0x00010fcc                FEHLCD::SetBackgroundColor(FEHLCD::FEHLCDColor)
 .text._ZN6FEHLCD18SetBackgroundColorEj
                0x00010ff4       0x26 Libraries/FEHLCD.o
                0x00010ff4                FEHLCD::SetBackgroundColor(unsigned int)
 .text._ZN6FEHLCD12SetFontColorENS_11FEHLCDColorE
                0x0001101a       0x28 Libraries/FEHLCD.o
                0x0001101a                FEHLCD::SetFontColor(FEHLCD::FEHLCDColor)
 .text._ZN6FEHLCD12SetFontColorEj
                0x00011042       0x26 Libraries/FEHLCD.o
                0x00011042                FEHLCD::SetFontColor(unsigned int)
 .text._ZN6FEHLCD7WriteAtEPKcii
                0x00011068       0x46 Libraries/FEHLCD.o
                0x00011068                FEHLCD::WriteAt(char const*, int, int)
 .text._ZN6FEHLCD11TS_SPI_InitEv
                0x000110ae       0x7c Libraries/FEHLCD.o
                0x000110ae                FEHLCD::TS_SPI_Init()
 *fill*         0x0001112a        0x6 
 .text._ZN6FEHLCD5TouchEPfS0_
                0x00011130      0x1fc Libraries/FEHLCD.o
                0x00011130                FEHLCD::Touch(float*, float*)
 .text._ZN6FEHLCD3absEi
                0x0001132c       0x22 Libraries/FEHLCD.o
                0x0001132c                FEHLCD::abs(int)
 .text._ZN6FEHLCD5WriteEPKc
                0x0001134e       0x4e Libraries/FEHLCD.o
                0x0001134e                FEHLCD::Write(char const*)
 .text._ZN6FEHLCD5WriteEf
                0x0001139c       0xc0 Libraries/FEHLCD.o
                0x0001139c                FEHLCD::Write(float)
 .text._ZN6FEHLCD5WriteEc
                0x0001145c       0x30 Libraries/FEHLCD.o
                0x0001145c                FEHLCD::Write(char)
 .text._ZN6FEHLCD9WriteLineEPKc
                0x0001148c       0x26 Libraries/FEHLCD.o
                0x0001148c                FEHLCD::WriteLine(char const*)
 .text._ZN6FEHLCD9WriteLineEf
                0x000114b2       0x26 Libraries/FEHLCD.o
                0x000114b2                FEHLCD::WriteLine(float)
 .text._ZN6FEHLCD9WriteLineEc
                0x000114d8       0x2a Libraries/FEHLCD.o
                0x000114d8                FEHLCD::WriteLine(char)
 *fill*         0x00011502        0x2 
 .text._ZN6FEHLCD10WriteIndexEh
                0x00011504      0x14c Libraries/FEHLCD.o
                0x00011504                FEHLCD::WriteIndex(unsigned char)
 .text._ZN6FEHLCD14WriteParameterEh
                0x00011650      0x130 Libraries/FEHLCD.o
                0x00011650                FEHLCD::WriteParameter(unsigned char)
 .text._ZN6FEHLCD6_ClearEv
                0x00011780      0x15c Libraries/FEHLCD.o
                0x00011780                FEHLCD::_Clear()
 .text._ZN6FEHLCD8NextLineEv
                0x000118dc       0x2a Libraries/FEHLCD.o
                0x000118dc                FEHLCD::NextLine()
 .text._ZN6FEHLCD9CheckLineEv
                0x00011906       0x28 Libraries/FEHLCD.o
                0x00011906                FEHLCD::CheckLine()
 .text._ZN6FEHLCD8NextCharEv
                0x0001192e       0x32 Libraries/FEHLCD.o
                0x0001192e                FEHLCD::NextChar()
 .text._ZN6FEHLCD9DrawPixelEii
                0x00011960       0x2a Libraries/FEHLCD.o
                0x00011960                FEHLCD::DrawPixel(int, int)
 .text._Z4SwapRiS_
                0x0001198a       0x28 Libraries/FEHLCD.o
                0x0001198a                Swap(int&, int&)
 .text._ZN6FEHLCD13DrawRectangleEiiii
                0x000119b2       0x7c Libraries/FEHLCD.o
                0x000119b2                FEHLCD::DrawRectangle(int, int, int, int)
 .text._ZN6FEHLCD13SetDrawRegionEiiii
                0x00011a2e       0xfe Libraries/FEHLCD.o
                0x00011a2e                FEHLCD::SetDrawRegion(int, int, int, int)
 .text._ZN6FEHLCD8DrawLineEiiii
                0x00011b2c      0x14c Libraries/FEHLCD.o
                0x00011b2c                FEHLCD::DrawLine(int, int, int, int)
 .text._ZN6FEHLCD9WriteCharEiic
                0x00011c78       0x34 Libraries/FEHLCD.o
                0x00011c78                FEHLCD::WriteChar(int, int, char)
 .text._ZN6FEHLCD11WriteCharAtEiic
                0x00011cac      0x214 Libraries/FEHLCD.o
                0x00011cac                FEHLCD::WriteCharAt(int, int, char)
 .text._ZN6FEHLCD11RepeatColorEv
                0x00011ec0       0x70 Libraries/FEHLCD.o
                0x00011ec0                FEHLCD::RepeatColor()
 .text._ZN6FEHLCD10_ForePixelEv
                0x00011f30       0xc4 Libraries/FEHLCD.o
                0x00011f30                FEHLCD::_ForePixel()
 .text._ZN6FEHLCD10_BackPixelEv
                0x00011ff4       0xc4 Libraries/FEHLCD.o
                0x00011ff4                FEHLCD::_BackPixel()
 .text._ZN6FEHLCD22SetRegisterColorValuesEv
                0x000120b8      0x336 Libraries/FEHLCD.o
                0x000120b8                FEHLCD::SetRegisterColorValues()
 .text._ZN7FEHIcon4IconC2Ev
                0x000123ee       0x14 Libraries/FEHLCD.o
                0x000123ee                FEHIcon::Icon::Icon()
                0x000123ee                FEHIcon::Icon::Icon()
 .text._ZN7FEHIcon4Icon13SetPropertiesEPciiiijj
                0x00012402       0x6a Libraries/FEHLCD.o
                0x00012402                FEHIcon::Icon::SetProperties(char*, int, int, int, int, unsigned int, unsigned int)
 .text._ZN7FEHIcon4Icon4DrawEv
                0x0001246c       0x90 Libraries/FEHLCD.o
                0x0001246c                FEHIcon::Icon::Draw()
 .text._ZN7FEHIcon4Icon6SelectEv
                0x000124fc       0x90 Libraries/FEHLCD.o
                0x000124fc                FEHIcon::Icon::Select()
 .text._ZN7FEHIcon4Icon8DeselectEv
                0x0001258c       0x8c Libraries/FEHLCD.o
                0x0001258c                FEHIcon::Icon::Deselect()
 .text._ZN7FEHIcon4Icon7PressedEffi
                0x00012618      0x13c Libraries/FEHLCD.o
                0x00012618                FEHIcon::Icon::Pressed(float, float, int)
 .text._ZN7FEHIcon4Icon12WhilePressedEff
                0x00012754       0x50 Libraries/FEHLCD.o
                0x00012754                FEHIcon::Icon::WhilePressed(float, float)
 .text._ZN7FEHIcon13DrawIconArrayEPNS_4IconEiiiiiiPA20_cjj
                0x000127a4      0x168 Libraries/FEHLCD.o
                0x000127a4                FEHIcon::DrawIconArray(FEHIcon::Icon*, int, int, int, int, int, int, char (*) [20], unsigned int, unsigned int)
 .text._Z41__static_initialization_and_destruction_0ii
                0x0001290c       0x2c Libraries/FEHLCD.o
 .text._GLOBAL__sub_I_image
                0x00012938       0x10 Libraries/FEHLCD.o
 .text._ZN8FEHAccelC2Ev
                0x00012948       0x70 Libraries/FEHAccel.o
                0x00012948                FEHAccel::FEHAccel()
                0x00012948                FEHAccel::FEHAccel()
 .text._Z41__static_initialization_and_destruction_0ii
                0x000129b8       0x2c Libraries/FEHAccel.o
 .text._GLOBAL__sub_I_Accel
                0x000129e4       0x10 Libraries/FEHAccel.o
 .text._ZN10FEHBatteryC2EN5FEHIO8FEHIOPinE
                0x000129f4       0x22 Libraries/FEHBattery.o
                0x000129f4                FEHBattery::FEHBattery(FEHIO::FEHIOPin)
                0x000129f4                FEHBattery::FEHBattery(FEHIO::FEHIOPin)
 *fill*         0x00012a16        0x2 
 .text._Z41__static_initialization_and_destruction_0ii
                0x00012a18       0x30 Libraries/FEHBattery.o
 .text._GLOBAL__sub_I_Battery
                0x00012a48       0x10 Libraries/FEHBattery.o
 .text._ZN7FEHXBeeC2Ev
                0x00012a58       0x1a Drivers/FEHXBee.o
                0x00012a58                FEHXBee::FEHXBee()
                0x00012a58                FEHXBee::FEHXBee()
 *fill*         0x00012a72        0x2 
 .text._ZN7FEHXBee10InitializeEv
                0x00012a74       0xdc Drivers/FEHXBee.o
                0x00012a74                FEHXBee::Initialize()
 .text._ZN7FEHXBee13IsInitializedEv
                0x00012b50       0x16 Drivers/FEHXBee.o
                0x00012b50                FEHXBee::IsInitialized()
 *fill*         0x00012b66        0x2 
 .text._ZN7FEHXBee17ReceiveDataSearchEPcjh
                0x00012b68       0x8c Drivers/FEHXBee.o
                0x00012b68                FEHXBee::ReceiveDataSearch(char*, unsigned int, unsigned char)
 .text._ZN7FEHXBee8SendDataEPcj
                0x00012bf4       0x40 Drivers/FEHXBee.o
                0x00012bf4                FEHXBee::SendData(char*, unsigned int)
 .text._ZN7FEHXBee17SetPacketCallBackEPFvPhhE
                0x00012c34       0x20 Drivers/FEHXBee.o
                0x00012c34                FEHXBee::SetPacketCallBack(void (*)(unsigned char*, unsigned char))
 .text._Z22UART0_RX_TX_IRQHandlerv
                0x00012c54       0xec Drivers/FEHXBee.o
                0x00012c54                UART0_RX_TX_IRQHandler()
 .text._ZN6FEHRPSC2Ev
                0x00012d40       0x74 Libraries/FEHRPS.o
                0x00012d40                FEHRPS::FEHRPS()
                0x00012d40                FEHRPS::FEHRPS()
 .text._ZN6FEHRPS10InitializeEi
                0x00012db4      0x664 Libraries/FEHRPS.o
                0x00012db4                FEHRPS::Initialize(int)
 .text._ZN6FEHRPS10InitializeEc
                0x00013418       0x46 Libraries/FEHRPS.o
                0x00013418                FEHRPS::Initialize(char)
 *fill*         0x0001345e        0x2 
 .text._ZN6FEHRPS19InitializeTouchMenuEv
                0x00013460      0x424 Libraries/FEHRPS.o
                0x00013460                FEHRPS::InitializeTouchMenu()
 .text._ZN6FEHRPS19CurrentRegionLetterEv
                0x00013884       0x1c Libraries/FEHRPS.o
                0x00013884                FEHRPS::CurrentRegionLetter()
 .text._ZN6FEHRPS15GetCorrectLeverEv
                0x000138a0       0x1c Libraries/FEHRPS.o
                0x000138a0                FEHRPS::GetCorrectLever()
 .text._ZN6FEHRPS13WaitForPacketEv
                0x000138bc       0x58 Libraries/FEHRPS.o
                0x000138bc                FEHRPS::WaitForPacket()
 .text._ZN6FEHRPS1XEv
                0x00013914       0x1c Libraries/FEHRPS.o
                0x00013914                FEHRPS::X()
 .text._ZN6FEHRPS1YEv
                0x00013930       0x1c Libraries/FEHRPS.o
                0x00013930                FEHRPS::Y()
 .text._ZN6FEHRPS7HeadingEv
                0x0001394c       0x1c Libraries/FEHRPS.o
                0x0001394c                FEHRPS::Heading()
 .text._Z14RPSDataProcessPhh
                0x00013968      0x148 Libraries/FEHRPS.o
                0x00013968                RPSDataProcess(unsigned char*, unsigned char)
 .text._Z41__static_initialization_and_destruction_0ii
                0x00013ab0       0x2c Libraries/FEHRPS.o
 .text._GLOBAL__sub_I_RPS
                0x00013adc       0x10 Libraries/FEHRPS.o
 .text._ZN5FEHSDC2Ev
                0x00013aec       0x24 Libraries/FEHSD.o
                0x00013aec                FEHSD::FEHSD()
                0x00013aec                FEHSD::FEHSD()
 .text._ZN5FEHSD9FCloseAllEv
                0x00013b10       0x6c Libraries/FEHSD.o
                0x00013b10                FEHSD::FCloseAll()
 .text._Z41__static_initialization_and_destruction_0ii
                0x00013b7c       0x2c Libraries/FEHSD.o
 .text._GLOBAL__sub_I_SD
                0x00013ba8       0x10 Libraries/FEHSD.o
 .text._ZN9FEHRandom10InitializeEv
                0x00013bb8       0x3c Libraries/FEHRandom.o
                0x00013bb8                FEHRandom::Initialize()
 .text.startup._GLOBAL__sub_I__ZN9__gnu_cxx9__freeresEv
                0x00013bf4       0x28 c:/gcc-arm-none-eabi-10.3-2021.10/bin/../lib/gcc/arm-none-eabi/10.3.1/../../../../arm-none-eabi/lib/thumb/v7e-m/nofp\libstdc++.a(eh_alloc.o)
 .text.hypot    0x00013c1c       0x4c c:/gcc-arm-none-eabi-10.3-2021.10/bin/../lib/gcc/arm-none-eabi/10.3.1/../../../../arm-none-eabi/lib/thumb/v7e-m/nofp\libm.a(lib_a-w_hypot.o)
                0x00013c1c                hypot
 .text.atan2f   0x00013c68        0x4 c:/gcc-arm-none-eabi-10.3-2021.10/bin/../lib/gcc/arm-none-eabi/10.3.1/../../../../arm-none-eabi/lib/thumb/v7e-m/nofp\libm.a(lib_a-wf_atan2.o)
                0x00013c68                atan2f
 .text.__ieee754_hypot
                0x00013c6c      0x238 c:/gcc-arm-none-eabi-10.3-2021.10/bin/../lib/gcc/arm-none-eabi/10.3.1/../../../../arm-none-eabi/lib/thumb/v7e-m/nofp\libm.a(lib_a-e_hypot.o)
                0x00013c6c                __ieee754_hypot
 .text.__ieee754_sqrt
                0x00013ea4      0x18c c:/gcc-arm-none-eabi-10.3-2021.10/bin/../lib/gcc/arm-none-eabi/10.3.1/../../../../arm-none-eabi/lib/thumb/v7e-m/nofp\libm.a(lib_a-e_sqrt.o)
                0x00013ea4                __ieee754_sqrt
 .text.__ieee754_atan2f
                0x00014030      0x110 c:/gcc-arm-none-eabi-10.3-2021.10/bin/../lib/gcc/arm-none-eabi/10.3.1/../../../../arm-none-eabi/lib/thumb/v7e-m/nofp\libm.a(lib_a-ef_atan2.o)
                0x00014030                __ieee754_atan2f
 .text.finite   0x00014140        0xc c:/gcc-arm-none-eabi-10.3-2021.10/bin/../lib/gcc/arm-none-eabi/10.3.1/../../../../arm-none-eabi/lib/thumb/v7e-m/nofp\libm.a(lib_a-s_finite.o)
                0x00014140                finite
 .text.atanf    0x0001414c      0x230 c:/gcc-arm-none-eabi-10.3-2021.10/bin/../lib/gcc/arm-none-eabi/10.3.1/../../../../arm-none-eabi/lib/thumb/v7e-m/nofp\libm.a(lib_a-sf_atan.o)
                0x0001414c                atanf
 .text.fabsf    0x0001437c        0x8 c:/gcc-arm-none-eabi-10.3-2021.10/bin/../lib/gcc/arm-none-eabi/10.3.1/../../../../arm-none-eabi/lib/thumb/v7e-m/nofp\libm.a(lib_a-sf_fabs.o)
                0x0001437c                fabsf
 .text          0x00014384      0x378 c:/gcc-arm-none-eabi-10.3-2021.10/bin/../lib/gcc/arm-none-eabi/10.3.1/thumb/v7e-m/nofp\libgcc.a(_arm_addsubdf3.o)
                0x00014384                __aeabi_drsub
                0x0001438c                __aeabi_dsub
                0x0001438c                __subdf3
                0x00014390                __aeabi_dadd
                0x00014390                __adddf3
                0x00014608                __floatunsidf
                0x00014608                __aeabi_ui2d
                0x00014628                __floatsidf
                0x00014628                __aeabi_i2d
                0x0001464c                __aeabi_f2d
                0x0001464c                __extendsfdf2
                0x00014690                __floatundidf
                0x00014690                __aeabi_ul2d
                0x000146a0                __floatdidf
                0x000146a0                __aeabi_l2d
 .text          0x000146fc      0x424 c:/gcc-arm-none-eabi-10.3-2021.10/bin/../lib/gcc/arm-none-eabi/10.3.1/thumb/v7e-m/nofp\libgcc.a(_arm_muldivdf3.o)
                0x000146fc                __aeabi_dmul
                0x000146fc                __muldf3
                0x00014950                __divdf3
                0x00014950                __aeabi_ddiv
 .text          0x00014b20      0x110 c:/gcc-arm-none-eabi-10.3-2021.10/bin/../lib/gcc/arm-none-eabi/10.3.1/thumb/v7e-m/nofp\libgcc.a(_arm_cmpdf2.o)
                0x00014b20                __gtdf2
                0x00014b20                __gedf2
                0x00014b28                __ltdf2
                0x00014b28                __ledf2
                0x00014b30                __nedf2
                0x00014b30                __eqdf2
                0x00014b30                __cmpdf2
                0x00014bac                __aeabi_cdrcmple
                0x00014bbc                __aeabi_cdcmpeq
                0x00014bbc                __aeabi_cdcmple
                0x00014bcc                __aeabi_dcmpeq
                0x00014be0                __aeabi_dcmplt
                0x00014bf4                __aeabi_dcmple
                0x00014c08                __aeabi_dcmpge
                0x00014c1c                __aeabi_dcmpgt
 .text          0x00014c30       0x50 c:/gcc-arm-none-eabi-10.3-2021.10/bin/../lib/gcc/arm-none-eabi/10.3.1/thumb/v7e-m/nofp\libgcc.a(_arm_fixdfsi.o)
                0x00014c30                __aeabi_d2iz
                0x00014c30                __fixdfsi
 .text          0x00014c80       0x40 c:/gcc-arm-none-eabi-10.3-2021.10/bin/../lib/gcc/arm-none-eabi/10.3.1/thumb/v7e-m/nofp\libgcc.a(_arm_fixunsdfsi.o)
                0x00014c80                __aeabi_d2uiz
                0x00014c80                __fixunsdfsi
 .text          0x00014cc0       0xa0 c:/gcc-arm-none-eabi-10.3-2021.10/bin/../lib/gcc/arm-none-eabi/10.3.1/thumb/v7e-m/nofp\libgcc.a(_arm_truncdfsf2.o)
                0x00014cc0                __truncdfsf2
                0x00014cc0                __aeabi_d2f
 .text          0x00014d60      0x21c c:/gcc-arm-none-eabi-10.3-2021.10/bin/../lib/gcc/arm-none-eabi/10.3.1/thumb/v7e-m/nofp\libgcc.a(_arm_addsubsf3.o)
                0x00014d60                __aeabi_frsub
                0x00014d68                __subsf3
                0x00014d68                __aeabi_fsub
                0x00014d6c                __aeabi_fadd
                0x00014d6c                __addsf3
                0x00014ecc                __aeabi_ui2f
                0x00014ecc                __floatunsisf
                0x00014ed4                __aeabi_i2f
                0x00014ed4                __floatsisf
                0x00014ef0                __aeabi_ul2f
                0x00014ef0                __floatundisf
                0x00014f00                __aeabi_l2f
                0x00014f00                __floatdisf
 .text          0x00014f7c      0x2a0 c:/gcc-arm-none-eabi-10.3-2021.10/bin/../lib/gcc/arm-none-eabi/10.3.1/thumb/v7e-m/nofp\libgcc.a(_arm_muldivsf3.o)
                0x00014f7c                __mulsf3
                0x00014f7c                __aeabi_fmul
                0x000150e4                __aeabi_fdiv
                0x000150e4                __divsf3
 .text          0x0001521c       0xec c:/gcc-arm-none-eabi-10.3-2021.10/bin/../lib/gcc/arm-none-eabi/10.3.1/thumb/v7e-m/nofp\libgcc.a(_arm_cmpsf2.o)
                0x0001521c                __gesf2
                0x0001521c                __gtsf2
                0x00015224                __lesf2
                0x00015224                __ltsf2
                0x0001522c                __nesf2
                0x0001522c                __eqsf2
                0x0001522c                __cmpsf2
                0x0001528c                __aeabi_cfrcmple
                0x00015294                __aeabi_cfcmpeq
                0x00015294                __aeabi_cfcmple
                0x000152a4                __aeabi_fcmpeq
                0x000152b8                __aeabi_fcmplt
                0x000152cc                __aeabi_fcmple
                0x000152e0                __aeabi_fcmpge
                0x000152f4                __aeabi_fcmpgt
 .text          0x00015308       0x4c c:/gcc-arm-none-eabi-10.3-2021.10/bin/../lib/gcc/arm-none-eabi/10.3.1/thumb/v7e-m/nofp\libgcc.a(_arm_fixsfsi.o)
                0x00015308                __aeabi_f2iz
                0x00015308                __fixsfsi
 .text.abort    0x00015354       0x10 c:/gcc-arm-none-eabi-10.3-2021.10/bin/../lib/gcc/arm-none-eabi/10.3.1/../../../../arm-none-eabi/lib/thumb/v7e-m/nofp\libg.a(lib_a-abort.o)
                0x00015354                abort
 .text.__errno  0x00015364        0xc c:/gcc-arm-none-eabi-10.3-2021.10/bin/../lib/gcc/arm-none-eabi/10.3.1/../../../../arm-none-eabi/lib/thumb/v7e-m/nofp\libg.a(lib_a-errno.o)
                0x00015364                __errno
 .text.__sfvwrite_r
                0x00015370      0x2e8 c:/gcc-arm-none-eabi-10.3-2021.10/bin/../lib/gcc/arm-none-eabi/10.3.1/../../../../arm-none-eabi/lib/thumb/v7e-m/nofp\libg.a(lib_a-fvwrite.o)
                0x00015370                __sfvwrite_r
 .text.__libc_init_array
                0x00015658       0x48 c:/gcc-arm-none-eabi-10.3-2021.10/bin/../lib/gcc/arm-none-eabi/10.3.1/../../../../arm-none-eabi/lib/thumb/v7e-m/nofp\libg.a(lib_a-init.o)
                0x00015658                __libc_init_array
 .text.__retarget_lock_init_recursive
                0x000156a0        0x4 c:/gcc-arm-none-eabi-10.3-2021.10/bin/../lib/gcc/arm-none-eabi/10.3.1/../../../../arm-none-eabi/lib/thumb/v7e-m/nofp\libg.a(lib_a-lock.o)
                0x000156a0                __retarget_lock_init_recursive
 .text.__retarget_lock_close_recursive
                0x000156a4        0x4 c:/gcc-arm-none-eabi-10.3-2021.10/bin/../lib/gcc/arm-none-eabi/10.3.1/../../../../arm-none-eabi/lib/thumb/v7e-m/nofp\libg.a(lib_a-lock.o)
                0x000156a4                __retarget_lock_close_recursive
 .text.__retarget_lock_acquire_recursive
                0x000156a8        0x4 c:/gcc-arm-none-eabi-10.3-2021.10/bin/../lib/gcc/arm-none-eabi/10.3.1/../../../../arm-none-eabi/lib/thumb/v7e-m/nofp\libg.a(lib_a-lock.o)
                0x000156a8                __retarget_lock_acquire_recursive
 .text.__retarget_lock_release_recursive
                0x000156ac        0x4 c:/gcc-arm-none-eabi-10.3-2021.10/bin/../lib/gcc/arm-none-eabi/10.3.1/../../../../arm-none-eabi/lib/thumb/v7e-m/nofp\libg.a(lib_a-lock.o)
                0x000156ac                __retarget_lock_release_recursive
 .text.malloc   0x000156b0       0x10 c:/gcc-arm-none-eabi-10.3-2021.10/bin/../lib/gcc/arm-none-eabi/10.3.1/../../../../arm-none-eabi/lib/thumb/v7e-m/nofp\libg.a(lib_a-malloc.o)
                0x000156b0                malloc
 .text._malloc_r
                0x000156c0      0x560 c:/gcc-arm-none-eabi-10.3-2021.10/bin/../lib/gcc/arm-none-eabi/10.3.1/../../../../arm-none-eabi/lib/thumb/v7e-m/nofp\libg.a(lib_a-mallocr.o)
                0x000156c0                _malloc_r
 .text          0x00015c20       0xa0 c:/gcc-arm-none-eabi-10.3-2021.10/bin/../lib/gcc/arm-none-eabi/10.3.1/../../../../arm-none-eabi/lib/thumb/v7e-m/nofp\libg.a(lib_a-memchr.o)
                0x00015c20                memchr
 .text          0x00015cc0      0x134 c:/gcc-arm-none-eabi-10.3-2021.10/bin/../lib/gcc/arm-none-eabi/10.3.1/../../../../arm-none-eabi/lib/thumb/v7e-m/nofp\libg.a(lib_a-memcpy.o)
                0x00015cc0                memcpy
 .text.memmove  0x00015df4       0xf8 c:/gcc-arm-none-eabi-10.3-2021.10/bin/../lib/gcc/arm-none-eabi/10.3.1/../../../../arm-none-eabi/lib/thumb/v7e-m/nofp\libg.a(lib_a-memmove.o)
                0x00015df4                memmove
 .text.memset   0x00015eec       0xa4 c:/gcc-arm-none-eabi-10.3-2021.10/bin/../lib/gcc/arm-none-eabi/10.3.1/../../../../arm-none-eabi/lib/thumb/v7e-m/nofp\libg.a(lib_a-memset.o)
                0x00015eec                memset
 .text.__malloc_lock
                0x00015f90        0xc c:/gcc-arm-none-eabi-10.3-2021.10/bin/../lib/gcc/arm-none-eabi/10.3.1/../../../../arm-none-eabi/lib/thumb/v7e-m/nofp\libg.a(lib_a-mlock.o)
                0x00015f90                __malloc_lock
 .text.__malloc_unlock
                0x00015f9c        0xc c:/gcc-arm-none-eabi-10.3-2021.10/bin/../lib/gcc/arm-none-eabi/10.3.1/../../../../arm-none-eabi/lib/thumb/v7e-m/nofp\libg.a(lib_a-mlock.o)
                0x00015f9c                __malloc_unlock
 .text._realloc_r
                0x00015fa8      0x3d8 c:/gcc-arm-none-eabi-10.3-2021.10/bin/../lib/gcc/arm-none-eabi/10.3.1/../../../../arm-none-eabi/lib/thumb/v7e-m/nofp\libg.a(lib_a-reallocr.o)
                0x00015fa8                _realloc_r
 .text._sbrk_r  0x00016380       0x24 c:/gcc-arm-none-eabi-10.3-2021.10/bin/../lib/gcc/arm-none-eabi/10.3.1/../../../../arm-none-eabi/lib/thumb/v7e-m/nofp\libg.a(lib_a-sbrkr.o)
                0x00016380                _sbrk_r
 .text.raise    0x000163a4       0x5c c:/gcc-arm-none-eabi-10.3-2021.10/bin/../lib/gcc/arm-none-eabi/10.3.1/../../../../arm-none-eabi/lib/thumb/v7e-m/nofp\libg.a(lib_a-signal.o)
                0x000163a4                raise
 .text._kill_r  0x00016400       0x2c c:/gcc-arm-none-eabi-10.3-2021.10/bin/../lib/gcc/arm-none-eabi/10.3.1/../../../../arm-none-eabi/lib/thumb/v7e-m/nofp\libg.a(lib_a-signalr.o)
                0x00016400                _kill_r
 .text._getpid_r
                0x0001642c        0x4 c:/gcc-arm-none-eabi-10.3-2021.10/bin/../lib/gcc/arm-none-eabi/10.3.1/../../../../arm-none-eabi/lib/thumb/v7e-m/nofp\libg.a(lib_a-signalr.o)
                0x0001642c                _getpid_r
 .text.sprintf  0x00016430       0x40 c:/gcc-arm-none-eabi-10.3-2021.10/bin/../lib/gcc/arm-none-eabi/10.3.1/../../../../arm-none-eabi/lib/thumb/v7e-m/nofp\libg.a(lib_a-sprintf.o)
                0x00016430                sprintf
 .text.strcpy   0x00016470       0xbc c:/gcc-arm-none-eabi-10.3-2021.10/bin/../lib/gcc/arm-none-eabi/10.3.1/../../../../arm-none-eabi/lib/thumb/v7e-m/nofp\libg.a(lib_a-strcpy.o)
                0x00016470                strcpy
 *fill*         0x0001652c       0x14 
 .text          0x00016540       0xdc c:/gcc-arm-none-eabi-10.3-2021.10/bin/../lib/gcc/arm-none-eabi/10.3.1/../../../../arm-none-eabi/lib/thumb/v7e-m/nofp\libg.a(lib_a-strlen.o)
                0x00016540                strlen
 .text._svfprintf_r
                0x0001661c     0x1a3c c:/gcc-arm-none-eabi-10.3-2021.10/bin/../lib/gcc/arm-none-eabi/10.3.1/../../../../arm-none-eabi/lib/thumb/v7e-m/nofp\libg.a(lib_a-svfprintf.o)
                0x0001661c                _svfprintf_r
 .text.__swbuf_r
                0x00018058       0xb0 c:/gcc-arm-none-eabi-10.3-2021.10/bin/../lib/gcc/arm-none-eabi/10.3.1/../../../../arm-none-eabi/lib/thumb/v7e-m/nofp\libg.a(lib_a-wbuf.o)
                0x00018058                __swbuf_r
 .text._write_r
                0x00018108       0x2c c:/gcc-arm-none-eabi-10.3-2021.10/bin/../lib/gcc/arm-none-eabi/10.3.1/../../../../arm-none-eabi/lib/thumb/v7e-m/nofp\libg.a(lib_a-writer.o)
                0x00018108                _write_r
 .text.__swsetup_r
                0x00018134       0xd4 c:/gcc-arm-none-eabi-10.3-2021.10/bin/../lib/gcc/arm-none-eabi/10.3.1/../../../../arm-none-eabi/lib/thumb/v7e-m/nofp\libg.a(lib_a-wsetup.o)
                0x00018134                __swsetup_r
 .text.startup.register_fini
                0x00018208       0x14 c:/gcc-arm-none-eabi-10.3-2021.10/bin/../lib/gcc/arm-none-eabi/10.3.1/../../../../arm-none-eabi/lib/thumb/v7e-m/nofp\libg.a(lib_a-__call_atexit.o)
 .text.atexit   0x0001821c        0xc c:/gcc-arm-none-eabi-10.3-2021.10/bin/../lib/gcc/arm-none-eabi/10.3.1/../../../../arm-none-eabi/lib/thumb/v7e-m/nofp\libg.a(lib_a-atexit.o)
                0x0001821c                atexit
 .text.quorem   0x00018228      0x124 c:/gcc-arm-none-eabi-10.3-2021.10/bin/../lib/gcc/arm-none-eabi/10.3.1/../../../../arm-none-eabi/lib/thumb/v7e-m/nofp\libg.a(lib_a-dtoa.o)
 *fill*         0x0001834c        0x4 
 .text._dtoa_r  0x00018350      0xec4 c:/gcc-arm-none-eabi-10.3-2021.10/bin/../lib/gcc/arm-none-eabi/10.3.1/../../../../arm-none-eabi/lib/thumb/v7e-m/nofp\libg.a(lib_a-dtoa.o)
                0x00018350                _dtoa_r
 .text.__sflush_r
                0x00019214      0x120 c:/gcc-arm-none-eabi-10.3-2021.10/bin/../lib/gcc/arm-none-eabi/10.3.1/../../../../arm-none-eabi/lib/thumb/v7e-m/nofp\libg.a(lib_a-fflush.o)
                0x00019214                __sflush_r
 .text._fflush_r
                0x00019334       0x5c c:/gcc-arm-none-eabi-10.3-2021.10/bin/../lib/gcc/arm-none-eabi/10.3.1/../../../../arm-none-eabi/lib/thumb/v7e-m/nofp\libg.a(lib_a-fflush.o)
                0x00019334                _fflush_r
 .text._cleanup_r
                0x00019390        0xc c:/gcc-arm-none-eabi-10.3-2021.10/bin/../lib/gcc/arm-none-eabi/10.3.1/../../../../arm-none-eabi/lib/thumb/v7e-m/nofp\libg.a(lib_a-findfp.o)
                0x00019390                _cleanup_r
 .text.__sinit  0x0001939c      0x10c c:/gcc-arm-none-eabi-10.3-2021.10/bin/../lib/gcc/arm-none-eabi/10.3.1/../../../../arm-none-eabi/lib/thumb/v7e-m/nofp\libg.a(lib_a-findfp.o)
                0x0001939c                __sinit
 .text.__sfp_lock_acquire
                0x000194a8        0xc c:/gcc-arm-none-eabi-10.3-2021.10/bin/../lib/gcc/arm-none-eabi/10.3.1/../../../../arm-none-eabi/lib/thumb/v7e-m/nofp\libg.a(lib_a-findfp.o)
                0x000194a8                __sfp_lock_acquire
 .text.__sfp_lock_release
                0x000194b4        0xc c:/gcc-arm-none-eabi-10.3-2021.10/bin/../lib/gcc/arm-none-eabi/10.3.1/../../../../arm-none-eabi/lib/thumb/v7e-m/nofp\libg.a(lib_a-findfp.o)
                0x000194b4                __sfp_lock_release
 .text.__libc_fini_array
                0x000194c0       0x2c c:/gcc-arm-none-eabi-10.3-2021.10/bin/../lib/gcc/arm-none-eabi/10.3.1/../../../../arm-none-eabi/lib/thumb/v7e-m/nofp\libg.a(lib_a-fini.o)
                0x000194c0                __libc_fini_array
 .text._malloc_trim_r
                0x000194ec       0xa0 c:/gcc-arm-none-eabi-10.3-2021.10/bin/../lib/gcc/arm-none-eabi/10.3.1/../../../../arm-none-eabi/lib/thumb/v7e-m/nofp\libg.a(lib_a-freer.o)
                0x000194ec                _malloc_trim_r
 .text._free_r  0x0001958c      0x20c c:/gcc-arm-none-eabi-10.3-2021.10/bin/../lib/gcc/arm-none-eabi/10.3.1/../../../../arm-none-eabi/lib/thumb/v7e-m/nofp\libg.a(lib_a-freer.o)
                0x0001958c                _free_r
 .text._fwalk_reent
                0x00019798       0x48 c:/gcc-arm-none-eabi-10.3-2021.10/bin/../lib/gcc/arm-none-eabi/10.3.1/../../../../arm-none-eabi/lib/thumb/v7e-m/nofp\libg.a(lib_a-fwalk.o)
                0x00019798                _fwalk_reent
 .text._localeconv_r
                0x000197e0        0x8 c:/gcc-arm-none-eabi-10.3-2021.10/bin/../lib/gcc/arm-none-eabi/10.3.1/../../../../arm-none-eabi/lib/thumb/v7e-m/nofp\libg.a(lib_a-localeconv.o)
                0x000197e0                _localeconv_r
 .text.__smakebuf_r
                0x000197e8       0xe0 c:/gcc-arm-none-eabi-10.3-2021.10/bin/../lib/gcc/arm-none-eabi/10.3.1/../../../../arm-none-eabi/lib/thumb/v7e-m/nofp\libg.a(lib_a-makebuf.o)
                0x000197e8                __smakebuf_r
 .text._Balloc  0x000198c8       0x4c c:/gcc-arm-none-eabi-10.3-2021.10/bin/../lib/gcc/arm-none-eabi/10.3.1/../../../../arm-none-eabi/lib/thumb/v7e-m/nofp\libg.a(lib_a-mprec.o)
                0x000198c8                _Balloc
 .text._Bfree   0x00019914       0x14 c:/gcc-arm-none-eabi-10.3-2021.10/bin/../lib/gcc/arm-none-eabi/10.3.1/../../../../arm-none-eabi/lib/thumb/v7e-m/nofp\libg.a(lib_a-mprec.o)
                0x00019914                _Bfree
 .text.__multadd
                0x00019928       0xa0 c:/gcc-arm-none-eabi-10.3-2021.10/bin/../lib/gcc/arm-none-eabi/10.3.1/../../../../arm-none-eabi/lib/thumb/v7e-m/nofp\libg.a(lib_a-mprec.o)
                0x00019928                __multadd
 .text.__hi0bits
                0x000199c8       0x40 c:/gcc-arm-none-eabi-10.3-2021.10/bin/../lib/gcc/arm-none-eabi/10.3.1/../../../../arm-none-eabi/lib/thumb/v7e-m/nofp\libg.a(lib_a-mprec.o)
                0x000199c8                __hi0bits
 .text.__lo0bits
                0x00019a08       0x5c c:/gcc-arm-none-eabi-10.3-2021.10/bin/../lib/gcc/arm-none-eabi/10.3.1/../../../../arm-none-eabi/lib/thumb/v7e-m/nofp\libg.a(lib_a-mprec.o)
                0x00019a08                __lo0bits
 .text.__i2b    0x00019a64       0x5c c:/gcc-arm-none-eabi-10.3-2021.10/bin/../lib/gcc/arm-none-eabi/10.3.1/../../../../arm-none-eabi/lib/thumb/v7e-m/nofp\libg.a(lib_a-mprec.o)
                0x00019a64                __i2b
 .text.__multiply
                0x00019ac0      0x15c c:/gcc-arm-none-eabi-10.3-2021.10/bin/../lib/gcc/arm-none-eabi/10.3.1/../../../../arm-none-eabi/lib/thumb/v7e-m/nofp\libg.a(lib_a-mprec.o)
                0x00019ac0                __multiply
 .text.__pow5mult
                0x00019c1c       0xc0 c:/gcc-arm-none-eabi-10.3-2021.10/bin/../lib/gcc/arm-none-eabi/10.3.1/../../../../arm-none-eabi/lib/thumb/v7e-m/nofp\libg.a(lib_a-mprec.o)
                0x00019c1c                __pow5mult
 .text.__lshift
                0x00019cdc       0xf0 c:/gcc-arm-none-eabi-10.3-2021.10/bin/../lib/gcc/arm-none-eabi/10.3.1/../../../../arm-none-eabi/lib/thumb/v7e-m/nofp\libg.a(lib_a-mprec.o)
                0x00019cdc                __lshift
 .text.__mcmp   0x00019dcc       0x40 c:/gcc-arm-none-eabi-10.3-2021.10/bin/../lib/gcc/arm-none-eabi/10.3.1/../../../../arm-none-eabi/lib/thumb/v7e-m/nofp\libg.a(lib_a-mprec.o)
                0x00019dcc                __mcmp
 .text.__mdiff  0x00019e0c      0x14c c:/gcc-arm-none-eabi-10.3-2021.10/bin/../lib/gcc/arm-none-eabi/10.3.1/../../../../arm-none-eabi/lib/thumb/v7e-m/nofp\libg.a(lib_a-mprec.o)
                0x00019e0c                __mdiff
 .text.__d2b    0x00019f58       0xc4 c:/gcc-arm-none-eabi-10.3-2021.10/bin/../lib/gcc/arm-none-eabi/10.3.1/../../../../arm-none-eabi/lib/thumb/v7e-m/nofp\libg.a(lib_a-mprec.o)
                0x00019f58                __d2b
 .text.frexp    0x0001a01c       0x70 c:/gcc-arm-none-eabi-10.3-2021.10/bin/../lib/gcc/arm-none-eabi/10.3.1/../../../../arm-none-eabi/lib/thumb/v7e-m/nofp\libg.a(lib_a-s_frexp.o)
                0x0001a01c                frexp
 .text.__sread  0x0001a08c       0x24 c:/gcc-arm-none-eabi-10.3-2021.10/bin/../lib/gcc/arm-none-eabi/10.3.1/../../../../arm-none-eabi/lib/thumb/v7e-m/nofp\libg.a(lib_a-stdio.o)
                0x0001a08c                __sread
 .text.__swrite
                0x0001a0b0       0x40 c:/gcc-arm-none-eabi-10.3-2021.10/bin/../lib/gcc/arm-none-eabi/10.3.1/../../../../arm-none-eabi/lib/thumb/v7e-m/nofp\libg.a(lib_a-stdio.o)
                0x0001a0b0                __swrite
 .text.__sseek  0x0001a0f0       0x20 c:/gcc-arm-none-eabi-10.3-2021.10/bin/../lib/gcc/arm-none-eabi/10.3.1/../../../../arm-none-eabi/lib/thumb/v7e-m/nofp\libg.a(lib_a-stdio.o)
                0x0001a0f0                __sseek
 .text.__sclose
                0x0001a110        0x8 c:/gcc-arm-none-eabi-10.3-2021.10/bin/../lib/gcc/arm-none-eabi/10.3.1/../../../../arm-none-eabi/lib/thumb/v7e-m/nofp\libg.a(lib_a-stdio.o)
                0x0001a110                __sclose
 .text.strncpy  0x0001a118       0x64 c:/gcc-arm-none-eabi-10.3-2021.10/bin/../lib/gcc/arm-none-eabi/10.3.1/../../../../arm-none-eabi/lib/thumb/v7e-m/nofp\libg.a(lib_a-strncpy.o)
                0x0001a118                strncpy
 .text.__ssprint_r
                0x0001a17c       0xf8 c:/gcc-arm-none-eabi-10.3-2021.10/bin/../lib/gcc/arm-none-eabi/10.3.1/../../../../arm-none-eabi/lib/thumb/v7e-m/nofp\libg.a(lib_a-svfiprintf.o)
                0x0001a17c                __ssprint_r
 .text.__register_exitproc
                0x0001a274       0x8c c:/gcc-arm-none-eabi-10.3-2021.10/bin/../lib/gcc/arm-none-eabi/10.3.1/../../../../arm-none-eabi/lib/thumb/v7e-m/nofp\libg.a(lib_a-__atexit.o)
                0x0001a274                __register_exitproc
 .text.__assert_func
                0x0001a300       0x40 c:/gcc-arm-none-eabi-10.3-2021.10/bin/../lib/gcc/arm-none-eabi/10.3.1/../../../../arm-none-eabi/lib/thumb/v7e-m/nofp\libg.a(lib_a-assert.o)
                0x0001a300                __assert_func
 .text._calloc_r
                0x0001a340       0x78 c:/gcc-arm-none-eabi-10.3-2021.10/bin/../lib/gcc/arm-none-eabi/10.3.1/../../../../arm-none-eabi/lib/thumb/v7e-m/nofp\libg.a(lib_a-callocr.o)
                0x0001a340                _calloc_r
 .text._close_r
                0x0001a3b8       0x24 c:/gcc-arm-none-eabi-10.3-2021.10/bin/../lib/gcc/arm-none-eabi/10.3.1/../../../../arm-none-eabi/lib/thumb/v7e-m/nofp\libg.a(lib_a-closer.o)
                0x0001a3b8                _close_r
 .text._fclose_r
                0x0001a3dc       0xcc c:/gcc-arm-none-eabi-10.3-2021.10/bin/../lib/gcc/arm-none-eabi/10.3.1/../../../../arm-none-eabi/lib/thumb/v7e-m/nofp\libg.a(lib_a-fclose.o)
                0x0001a3dc                _fclose_r
 .text.fiprintf
                0x0001a4a8       0x28 c:/gcc-arm-none-eabi-10.3-2021.10/bin/../lib/gcc/arm-none-eabi/10.3.1/../../../../arm-none-eabi/lib/thumb/v7e-m/nofp\libg.a(lib_a-fiprintf.o)
                0x0001a4a8                fiprintf
 .text._fstat_r
                0x0001a4d0       0x2c c:/gcc-arm-none-eabi-10.3-2021.10/bin/../lib/gcc/arm-none-eabi/10.3.1/../../../../arm-none-eabi/lib/thumb/v7e-m/nofp\libg.a(lib_a-fstatr.o)
                0x0001a4d0                _fstat_r
 .text._isatty_r
                0x0001a4fc       0x24 c:/gcc-arm-none-eabi-10.3-2021.10/bin/../lib/gcc/arm-none-eabi/10.3.1/../../../../arm-none-eabi/lib/thumb/v7e-m/nofp\libg.a(lib_a-isattyr.o)
                0x0001a4fc                _isatty_r
 .text.__locale_mb_cur_max
                0x0001a520        0xc c:/gcc-arm-none-eabi-10.3-2021.10/bin/../lib/gcc/arm-none-eabi/10.3.1/../../../../arm-none-eabi/lib/thumb/v7e-m/nofp\libg.a(lib_a-locale.o)
                0x0001a520                __locale_mb_cur_max
 .text._lseek_r
                0x0001a52c       0x2c c:/gcc-arm-none-eabi-10.3-2021.10/bin/../lib/gcc/arm-none-eabi/10.3.1/../../../../arm-none-eabi/lib/thumb/v7e-m/nofp\libg.a(lib_a-lseekr.o)
                0x0001a52c                _lseek_r
 .text.__ascii_mbtowc
                0x0001a558       0x2c c:/gcc-arm-none-eabi-10.3-2021.10/bin/../lib/gcc/arm-none-eabi/10.3.1/../../../../arm-none-eabi/lib/thumb/v7e-m/nofp\libg.a(lib_a-mbtowc_r.o)
                0x0001a558                __ascii_mbtowc
 .text._read_r  0x0001a584       0x2c c:/gcc-arm-none-eabi-10.3-2021.10/bin/../lib/gcc/arm-none-eabi/10.3.1/../../../../arm-none-eabi/lib/thumb/v7e-m/nofp\libg.a(lib_a-readr.o)
                0x0001a584                _read_r
 .text.__sprint_r.part.0
                0x0001a5b0       0x78 c:/gcc-arm-none-eabi-10.3-2021.10/bin/../lib/gcc/arm-none-eabi/10.3.1/../../../../arm-none-eabi/lib/thumb/v7e-m/nofp\libg.a(lib_a-vfiprintf.o)
 .text._vfiprintf_r
                0x0001a628      0xda0 c:/gcc-arm-none-eabi-10.3-2021.10/bin/../lib/gcc/arm-none-eabi/10.3.1/../../../../arm-none-eabi/lib/thumb/v7e-m/nofp\libg.a(lib_a-vfiprintf.o)
                0x0001a628                _vfiprintf_r
 .text.__sbprintf
                0x0001b3c8       0x80 c:/gcc-arm-none-eabi-10.3-2021.10/bin/../lib/gcc/arm-none-eabi/10.3.1/../../../../arm-none-eabi/lib/thumb/v7e-m/nofp\libg.a(lib_a-vfiprintf.o)
 .text.__ascii_wctomb
                0x0001b448       0x1c c:/gcc-arm-none-eabi-10.3-2021.10/bin/../lib/gcc/arm-none-eabi/10.3.1/../../../../arm-none-eabi/lib/thumb/v7e-m/nofp\libg.a(lib_a-wctomb_r.o)
                0x0001b448                __ascii_wctomb
 .text.__fputwc
                0x0001b464       0xa8 c:/gcc-arm-none-eabi-10.3-2021.10/bin/../lib/gcc/arm-none-eabi/10.3.1/../../../../arm-none-eabi/lib/thumb/v7e-m/nofp\libg.a(lib_a-fputwc.o)
                0x0001b464                __fputwc
 .text._fputwc_r
                0x0001b50c       0x68 c:/gcc-arm-none-eabi-10.3-2021.10/bin/../lib/gcc/arm-none-eabi/10.3.1/../../../../arm-none-eabi/lib/thumb/v7e-m/nofp\libg.a(lib_a-fputwc.o)
                0x0001b50c                _fputwc_r
 .text._wcrtomb_r
                0x0001b574       0x3c c:/gcc-arm-none-eabi-10.3-2021.10/bin/../lib/gcc/arm-none-eabi/10.3.1/../../../../arm-none-eabi/lib/thumb/v7e-m/nofp\libg.a(lib_a-wcrtomb.o)
                0x0001b574                _wcrtomb_r
 .text          0x0001b5b0       0x2c c:/gcc-arm-none-eabi-10.3-2021.10/bin/../lib/gcc/arm-none-eabi/10.3.1/thumb/v7e-m/nofp\libgcc.a(_arm_unorddf2.o)
                0x0001b5b0                __unorddf2
                0x0001b5b0                __aeabi_dcmpun
 .text          0x0001b5dc       0x30 c:/gcc-arm-none-eabi-10.3-2021.10/bin/../lib/gcc/arm-none-eabi/10.3.1/thumb/v7e-m/nofp\libgcc.a(_aeabi_uldivmod.o)
                0x0001b5dc                __aeabi_uldivmod
 .text          0x0001b60c      0x2d0 c:/gcc-arm-none-eabi-10.3-2021.10/bin/../lib/gcc/arm-none-eabi/10.3.1/thumb/v7e-m/nofp\libgcc.a(_udivmoddi4.o)
                0x0001b60c                __udivmoddi4
 .text          0x0001b8dc        0x4 c:/gcc-arm-none-eabi-10.3-2021.10/bin/../lib/gcc/arm-none-eabi/10.3.1/thumb/v7e-m/nofp\libgcc.a(_dvmd_tls.o)
                0x0001b8dc                __aeabi_idiv0
                0x0001b8dc                __aeabi_ldiv0
 .text._close   0x0001b8e0       0x10 c:/gcc-arm-none-eabi-10.3-2021.10/bin/../lib/gcc/arm-none-eabi/10.3.1/../../../../arm-none-eabi/lib/thumb/v7e-m/nofp\libnosys.a(close.o)
                0x0001b8e0                _close
 .text._fstat   0x0001b8f0       0x10 c:/gcc-arm-none-eabi-10.3-2021.10/bin/../lib/gcc/arm-none-eabi/10.3.1/../../../../arm-none-eabi/lib/thumb/v7e-m/nofp\libnosys.a(fstat.o)
                0x0001b8f0                _fstat
 .text._getpid  0x0001b900       0x10 c:/gcc-arm-none-eabi-10.3-2021.10/bin/../lib/gcc/arm-none-eabi/10.3.1/../../../../arm-none-eabi/lib/thumb/v7e-m/nofp\libnosys.a(getpid.o)
                0x0001b900                _getpid
 .text._isatty  0x0001b910       0x10 c:/gcc-arm-none-eabi-10.3-2021.10/bin/../lib/gcc/arm-none-eabi/10.3.1/../../../../arm-none-eabi/lib/thumb/v7e-m/nofp\libnosys.a(isatty.o)
                0x0001b910                _isatty
 .text._kill    0x0001b920       0x10 c:/gcc-arm-none-eabi-10.3-2021.10/bin/../lib/gcc/arm-none-eabi/10.3.1/../../../../arm-none-eabi/lib/thumb/v7e-m/nofp\libnosys.a(kill.o)
                0x0001b920                _kill
 .text._lseek   0x0001b930       0x10 c:/gcc-arm-none-eabi-10.3-2021.10/bin/../lib/gcc/arm-none-eabi/10.3.1/../../../../arm-none-eabi/lib/thumb/v7e-m/nofp\libnosys.a(lseek.o)
                0x0001b930                _lseek
 .text._read    0x0001b940       0x10 c:/gcc-arm-none-eabi-10.3-2021.10/bin/../lib/gcc/arm-none-eabi/10.3.1/../../../../arm-none-eabi/lib/thumb/v7e-m/nofp\libnosys.a(read.o)
                0x0001b940                _read
 .text._sbrk    0x0001b950       0x1c c:/gcc-arm-none-eabi-10.3-2021.10/bin/../lib/gcc/arm-none-eabi/10.3.1/../../../../arm-none-eabi/lib/thumb/v7e-m/nofp\libnosys.a(sbrk.o)
                0x0001b950                _sbrk
 .text._write   0x0001b96c       0x10 c:/gcc-arm-none-eabi-10.3-2021.10/bin/../lib/gcc/arm-none-eabi/10.3.1/../../../../arm-none-eabi/lib/thumb/v7e-m/nofp\libnosys.a(write.o)
                0x0001b96c                _write
 .text._exit    0x0001b97c        0x4 c:/gcc-arm-none-eabi-10.3-2021.10/bin/../lib/gcc/arm-none-eabi/10.3.1/../../../../arm-none-eabi/lib/thumb/v7e-m/nofp\libnosys.a(_exit.o)
                0x0001b97c                _exit
 *(.rodata .rodata.* .constdata .constdata.*)
 .rodata        0x0001b980       0xa6 ../main.o
 *fill*         0x0001ba26        0x2 
 .rodata.K60_SDHC0_init
                0x0001ba28        0xc Drivers/SDHC.o
                0x0001ba28                K60_SDHC0_init
 .rodata._ZL21ESDHC_COMMAND_XFERTYP
                0x0001ba34      0x100 Drivers/SDHC.o
 .rodata._ZL9GPIOPorts
                0x0001bb34       0x20 Libraries/FEHIO.o
 .rodata._ZL10ADCNumbers
                0x0001bb54       0x21 Libraries/FEHIO.o
 *fill*         0x0001bb75        0x3 
 .rodata._ZL14GPIOPinNumbers
                0x0001bb78       0x80 Libraries/FEHIO.o
 .rodata._ZL16AnalogPinNumbers
                0x0001bbf8       0x84 Libraries/FEHIO.o
 .rodata        0x0001bc7c       0x78 Libraries/FEHIO.o
 .rodata        0x0001bcf4       0x32 Libraries/FEHLCD.o
 *fill*         0x0001bd26        0x2 
 .rodata        0x0001bd28      0x33c Libraries/FEHRPS.o
 .rodata.CSWTCH.8
                0x0001c064        0xc c:/gcc-arm-none-eabi-10.3-2021.10/bin/../lib/gcc/arm-none-eabi/10.3.1/../../../../arm-none-eabi/lib/thumb/v7e-m/nofp\libm.a(lib_a-ef_atan2.o)
 .rodata.CSWTCH.9
                0x0001c070        0xc c:/gcc-arm-none-eabi-10.3-2021.10/bin/../lib/gcc/arm-none-eabi/10.3.1/../../../../arm-none-eabi/lib/thumb/v7e-m/nofp\libm.a(lib_a-ef_atan2.o)
 .rodata.atanhi
                0x0001c07c       0x10 c:/gcc-arm-none-eabi-10.3-2021.10/bin/../lib/gcc/arm-none-eabi/10.3.1/../../../../arm-none-eabi/lib/thumb/v7e-m/nofp\libm.a(lib_a-sf_atan.o)
 .rodata.atanlo
                0x0001c08c       0x10 c:/gcc-arm-none-eabi-10.3-2021.10/bin/../lib/gcc/arm-none-eabi/10.3.1/../../../../arm-none-eabi/lib/thumb/v7e-m/nofp\libm.a(lib_a-sf_atan.o)
 .rodata._global_impure_ptr
                0x0001c09c        0x4 c:/gcc-arm-none-eabi-10.3-2021.10/bin/../lib/gcc/arm-none-eabi/10.3.1/../../../../arm-none-eabi/lib/thumb/v7e-m/nofp\libg.a(lib_a-impure.o)
                0x0001c09c                _global_impure_ptr
 .rodata._svfprintf_r.str1.4
                0x0001c0a0       0x42 c:/gcc-arm-none-eabi-10.3-2021.10/bin/../lib/gcc/arm-none-eabi/10.3.1/../../../../arm-none-eabi/lib/thumb/v7e-m/nofp\libg.a(lib_a-svfprintf.o)
 *fill*         0x0001c0e2        0x2 
 .rodata.blanks.1
                0x0001c0e4       0x10 c:/gcc-arm-none-eabi-10.3-2021.10/bin/../lib/gcc/arm-none-eabi/10.3.1/../../../../arm-none-eabi/lib/thumb/v7e-m/nofp\libg.a(lib_a-svfprintf.o)
 .rodata.zeroes.0
                0x0001c0f4       0x10 c:/gcc-arm-none-eabi-10.3-2021.10/bin/../lib/gcc/arm-none-eabi/10.3.1/../../../../arm-none-eabi/lib/thumb/v7e-m/nofp\libg.a(lib_a-svfprintf.o)
 .rodata._dtoa_r.str1.4
                0x0001c104       0xa2 c:/gcc-arm-none-eabi-10.3-2021.10/bin/../lib/gcc/arm-none-eabi/10.3.1/../../../../arm-none-eabi/lib/thumb/v7e-m/nofp\libg.a(lib_a-dtoa.o)
                                 0xa6 (size before relaxing)
 *fill*         0x0001c1a6        0x2 
 .rodata.__multadd.str1.4
                0x0001c1a8       0x7f c:/gcc-arm-none-eabi-10.3-2021.10/bin/../lib/gcc/arm-none-eabi/10.3.1/../../../../arm-none-eabi/lib/thumb/v7e-m/nofp\libg.a(lib_a-mprec.o)
                                 0x93 (size before relaxing)
 *fill*         0x0001c227        0x1 
 .rodata.__mprec_bigtens
                0x0001c228       0x28 c:/gcc-arm-none-eabi-10.3-2021.10/bin/../lib/gcc/arm-none-eabi/10.3.1/../../../../arm-none-eabi/lib/thumb/v7e-m/nofp\libg.a(lib_a-mprec.o)
                0x0001c228                __mprec_bigtens
 .rodata.__mprec_tens
                0x0001c250       0xc8 c:/gcc-arm-none-eabi-10.3-2021.10/bin/../lib/gcc/arm-none-eabi/10.3.1/../../../../arm-none-eabi/lib/thumb/v7e-m/nofp\libg.a(lib_a-mprec.o)
                0x0001c250                __mprec_tens
 .rodata.p05.0  0x0001c318        0xc c:/gcc-arm-none-eabi-10.3-2021.10/bin/../lib/gcc/arm-none-eabi/10.3.1/../../../../arm-none-eabi/lib/thumb/v7e-m/nofp\libg.a(lib_a-mprec.o)
 .rodata.__assert_func.str1.4
                0x0001c324       0x3f c:/gcc-arm-none-eabi-10.3-2021.10/bin/../lib/gcc/arm-none-eabi/10.3.1/../../../../arm-none-eabi/lib/thumb/v7e-m/nofp\libg.a(lib_a-assert.o)
                                 0x43 (size before relaxing)
 *fill*         0x0001c363        0x1 
 .rodata._ctype_
                0x0001c364      0x101 c:/gcc-arm-none-eabi-10.3-2021.10/bin/../lib/gcc/arm-none-eabi/10.3.1/../../../../arm-none-eabi/lib/thumb/v7e-m/nofp\libg.a(lib_a-ctype_.o)
                0x0001c364                _ctype_
 *fill*         0x0001c465        0x3 
 .rodata._setlocale_r.str1.4
                0x0001c468        0xa c:/gcc-arm-none-eabi-10.3-2021.10/bin/../lib/gcc/arm-none-eabi/10.3.1/../../../../arm-none-eabi/lib/thumb/v7e-m/nofp\libg.a(lib_a-locale.o)
                                  0xd (size before relaxing)
 *fill*         0x0001c472        0x2 
 .rodata.str1.4
                0x0001c474        0x2 c:/gcc-arm-none-eabi-10.3-2021.10/bin/../lib/gcc/arm-none-eabi/10.3.1/../../../../arm-none-eabi/lib/thumb/v7e-m/nofp\libg.a(lib_a-locale.o)
 .rodata._vfiprintf_r.str1.4
                0x0001c476       0x2f c:/gcc-arm-none-eabi-10.3-2021.10/bin/../lib/gcc/arm-none-eabi/10.3.1/../../../../arm-none-eabi/lib/thumb/v7e-m/nofp\libg.a(lib_a-vfiprintf.o)
 *fill*         0x0001c476        0x2 
 .rodata.blanks.1
                0x0001c478       0x10 c:/gcc-arm-none-eabi-10.3-2021.10/bin/../lib/gcc/arm-none-eabi/10.3.1/../../../../arm-none-eabi/lib/thumb/v7e-m/nofp\libg.a(lib_a-vfiprintf.o)
 .rodata.zeroes.0
                0x0001c488       0x10 c:/gcc-arm-none-eabi-10.3-2021.10/bin/../lib/gcc/arm-none-eabi/10.3.1/../../../../arm-none-eabi/lib/thumb/v7e-m/nofp\libg.a(lib_a-vfiprintf.o)
                0x0001c498                . = ALIGN (0x4)
                0x0001c498                . = ALIGN (0x4)
 *(.init)
 .init          0x0001c498        0x4 c:/gcc-arm-none-eabi-10.3-2021.10/bin/../lib/gcc/arm-none-eabi/10.3.1/thumb/v7e-m/nofp/crti.o
                0x0001c498                _init
 .init          0x0001c49c        0x8 c:/gcc-arm-none-eabi-10.3-2021.10/bin/../lib/gcc/arm-none-eabi/10.3.1/thumb/v7e-m/nofp/crtn.o
                0x0001c4a4                . = ALIGN (0x4)
                0x0001c4a4                __preinit_array_start = .
 *(.preinit_array)
                0x0001c4a4                __preinit_array_end = .
                0x0001c4a4                . = ALIGN (0x4)
                0x0001c4a4                __init_array_start = .
 *(SORT_BY_NAME(.init_array.*))
 .init_array.00000