Archive member included to satisfy reference by file (symbol)

c:/gcc-arm-none-eabi-10.3-2021.10/bin/../lib/gcc/arm-none-eabi/10.3.1/../../../../arm-none-eabi/lib/thumb/v7e-m/nofp\libstdc++.a(del_ops.o)
                              Libraries/FEHIO.o (operator delete(void*, unsigned int))
c:/gcc-arm-none-eabi-10.3-2021.10/bin/../lib/gcc/arm-none-eabi/10.3.1/../../../../arm-none-eabi/lib/thumb/v7e-m/nofp\libstdc++.a(new_op.o)
                              Libraries/FEHIO.o (operator new(unsigned int))
c:/gcc-arm-none-eabi-10.3-2021.10/bin/../lib/gcc/arm-none-eabi/10.3.1/../../../../arm-none-eabi/lib/thumb/v7e-m/nofp\libstdc++.a(bad_alloc.o)
                              c:/gcc-arm-none-eabi-10.3-2021.10/bin/../lib/gcc/arm-none-eabi/10.3.1/../../../../arm-none-eabi/lib/thumb/v7e-m/nofp\libstdc++.a(new_op.o) (std::bad_alloc::~bad_alloc())
c:/gcc-arm-none-eabi-10.3-2021.10/bin/../lib/gcc/arm-none-eabi/10.3.1/../../../../arm-none-eabi/lib/thumb/v7e-m/nofp\libstdc++.a(del_op.o)
                              c:/gcc-arm-none-eabi-10.3-2021.10/bin/../lib/gcc/arm-none-eabi/10.3.1/../../../../arm-none-eabi/lib/thumb/v7e-m/nofp\libstdc++.a(del_ops.o) (operator delete(void*))
c:/gcc-arm-none-eabi-10.3-2021.10/bin/../lib/gcc/arm-none-eabi/10.3.1/../../../../arm-none-eabi/lib/thumb/v7e-m/nofp\libstdc++.a(eh_alloc.o)
                              c:/gcc-arm-none-eabi-10.3-2021.10/bin/../lib/gcc/arm-none-eabi/10.3.1/../../../../arm-none-eabi/lib/thumb/v7e-m/nofp\libstdc++.a(new_op.o) (__cxa_allocate_exception)
c:/gcc-arm-none-eabi-10.3-2021.10/bin/../lib/gcc/arm-none-eabi/10.3.1/../../../../arm-none-eabi/lib/thumb/v7e-m/nofp\libstdc++.a(eh_exception.o)
                              c:/gcc-arm-none-eabi-10.3-2021.10/bin/../lib/gcc/arm-none-eabi/10.3.1/../../../../arm-none-eabi/lib/thumb/v7e-m/nofp\libstdc++.a(bad_alloc.o) (std::exception::~exception())
c:/gcc-arm-none-eabi-10.3-2021.10/bin/../lib/gcc/arm-none-eabi/10.3.1/../../../../arm-none-eabi/lib/thumb/v7e-m/nofp\libstdc++.a(eh_terminate.o)
                              c:/gcc-arm-none-eabi-10.3-2021.10/bin/../lib/gcc/arm-none-eabi/10.3.1/../../../../arm-none-eabi/lib/thumb/v7e-m/nofp\libstdc++.a(eh_alloc.o) (std::terminate())
c:/gcc-arm-none-eabi-10.3-2021.10/bin/../lib/gcc/arm-none-eabi/10.3.1/../../../../arm-none-eabi/lib/thumb/v7e-m/nofp\libstdc++.a(eh_throw.o)
                              c:/gcc-arm-none-eabi-10.3-2021.10/bin/../lib/gcc/arm-none-eabi/10.3.1/../../../../arm-none-eabi/lib/thumb/v7e-m/nofp\libstdc++.a(new_op.o) (__cxa_throw)
c:/gcc-arm-none-eabi-10.3-2021.10/bin/../lib/gcc/arm-none-eabi/10.3.1/../../../../arm-none-eabi/lib/thumb/v7e-m/nofp\libstdc++.a(eh_unex_handler.o)
                              c:/gcc-arm-none-eabi-10.3-2021.10/bin/../lib/gcc/arm-none-eabi/10.3.1/../../../../arm-none-eabi/lib/thumb/v7e-m/nofp\libstdc++.a(eh_terminate.o) (__cxxabiv1::__unexpected_handler)
c:/gcc-arm-none-eabi-10.3-2021.10/bin/../lib/gcc/arm-none-eabi/10.3.1/../../../../arm-none-eabi/lib/thumb/v7e-m/nofp\libstdc++.a(new_handler.o)
                              c:/gcc-arm-none-eabi-10.3-2021.10/bin/../lib/gcc/arm-none-eabi/10.3.1/../../../../arm-none-eabi/lib/thumb/v7e-m/nofp\libstdc++.a(new_op.o) (std::get_new_handler())
c:/gcc-arm-none-eabi-10.3-2021.10/bin/../lib/gcc/arm-none-eabi/10.3.1/../../../../arm-none-eabi/lib/thumb/v7e-m/nofp\libstdc++.a(pure.o)
                              c:/gcc-arm-none-eabi-10.3-2021.10/bin/../lib/gcc/arm-none-eabi/10.3.1/../../../../arm-none-eabi/lib/thumb/v7e-m/nofp\libstdc++.a(eh_exception.o) (__cxa_pure_virtual)
c:/gcc-arm-none-eabi-10.3-2021.10/bin/../lib/gcc/arm-none-eabi/10.3.1/../../../../arm-none-eabi/lib/thumb/v7e-m/nofp\libstdc++.a(si_class_type_info.o)
                              c:/gcc-arm-none-eabi-10.3-2021.10/bin/../lib/gcc/arm-none-eabi/10.3.1/../../../../arm-none-eabi/lib/thumb/v7e-m/nofp\libstdc++.a(bad_alloc.o) (vtable for __cxxabiv1::__si_class_type_info)
c:/gcc-arm-none-eabi-10.3-2021.10/bin/../lib/gcc/arm-none-eabi/10.3.1/../../../../arm-none-eabi/lib/thumb/v7e-m/nofp\libstdc++.a(tinfo.o)
                              c:/gcc-arm-none-eabi-10.3-2021.10/bin/../lib/gcc/arm-none-eabi/10.3.1/../../../../arm-none-eabi/lib/thumb/v7e-m/nofp\libstdc++.a(si_class_type_info.o) (std::type_info::__is_pointer_p() const)
c:/gcc-arm-none-eabi-10.3-2021.10/bin/../lib/gcc/arm-none-eabi/10.3.1/../../../../arm-none-eabi/lib/thumb/v7e-m/nofp\libstdc++.a(vterminate.o)
                              c:/gcc-arm-none-eabi-10.3-2021.10/bin/../lib/gcc/arm-none-eabi/10.3.1/../../../../arm-none-eabi/lib/thumb/v7e-m/nofp\libstdc++.a(eh_terminate.o) (__gnu_cxx::__verbose_terminate_handler())
c:/gcc-arm-none-eabi-10.3-2021.10/bin/../lib/gcc/arm-none-eabi/10.3.1/../../../../arm-none-eabi/lib/thumb/v7e-m/nofp\libstdc++.a(class_type_info.o)
[...]
Memory Configuration

Name             Origin             Length             Attributes
PROGRAM_FLASH    0x0000c000         0x00073c00         xr
SRAM_UPPER       0x20000000         0x00010000         xrw
SRAM_LOWER       0x1fff0000         0x00010000         xrw
*default*        0x00000000         0xffffffff

Linker script and memory map

LOAD c:/gcc-arm-none-eabi-10.3-2021.10/bin/../lib/gcc/arm-none-eabi/10.3.1/thumb/v7e-m/nofp/crti.o
LOAD c:/gcc-arm-none-eabi-10.3-2021.10/bin/../lib/gcc/arm-none-eabi/10.3.1/thumb/v7e-m/nofp/crtbegin.o
LOAD c:/gcc-arm-none-eabi-10.3-2021.10/bin/../lib/gcc/arm-none-eabi/10.3.1/../../../../arm-none-eabi/lib/thumb/v7e-m/nofp/crt0.o
LOAD ../main.o
LOAD Startup/startup_mk60d10.o
LOAD Libraries/FEHMotor.o
LOAD Drivers/mcg.o
LOAD Drivers/i2c.o
LOAD Drivers/spi.o
LOAD Drivers/uart.o
LOAD Drivers/ff.o
LOAD Drivers/SDHC.o
LOAD Drivers/lptmr.o
LOAD FEHProteus.o
LOAD Drivers/FEHPropeller.o
LOAD Libraries/FEHUtility.o
LOAD Libraries/FEHIO.o
LOAD Drivers/adc16.o
LOAD Libraries/FEHBuzzer.o
LOAD Libraries/FEHServo.o
LOAD Libraries/FEHLCD.o
LOAD Libraries/FEHAccel.o
LOAD Libraries/FEHBattery.o
LOAD Drivers/FEHXBee.o
LOAD Libraries/FEHRPS.o
LOAD Libraries/FEHSD.o
LOAD Libraries/FEHRandom.o
LOAD c:/gcc-arm-none-eabi-10.3-2021.10/bin/../lib/gcc/arm-none-eabi/10.3.1/../../../../arm-none-eabi/lib/thumb/v7e-m/nofp\libstdc++.a
LOAD c:/gcc-arm-none-eabi-10.3-2021.10/bin/../lib/gcc/arm-none-eabi/10.3.1/../../../../arm-none-eabi/lib/thumb/v7e-m/nofp\libm.a
START GROUP
LOAD c:/gcc-arm-none-eabi-10.3-2021.10/bin/../lib/gcc/arm-none-eabi/10.3.1/thumb/v7e-m/nofp\libgcc.a
LOAD c:/gcc-arm-none-eabi-10.3-2021.10/bin/../lib/gcc/arm-none-eabi/10.3.1/../../../../arm-none-eabi/lib/thumb/v7e-m/nofp\libg.a
LOAD c:/gcc-arm-none-eabi-10.3-2021.10/bin/../lib/gcc/arm-none-eabi/10.3.1/../../../../arm-none-eabi/lib/thumb/v7e-m/nofp\libc.a
END GROUP
START GROUP
LOAD c:/gcc-arm-none-eabi-10.3-2021.10/bin/../lib/gcc/arm-none-eabi/10.3.1/thumb/v7e-m/nofp\libgcc.a
LOAD c:/gcc-arm-none-eabi-10.3-2021.10/bin/../lib/gcc/arm-none-eabi/10.3.1/../../../../arm-none-eabi/lib/thumb/v7e-m/nofp\libc.a
LOAD c:/gcc-arm-none-eabi-10.3-2021.10/bin/../lib/gcc/arm-none-eabi/10.3.1/../../../../arm-none-eabi/lib/thumb/v7e-m/nofp\libnosys.a
END GROUP
LOAD c:/gcc-arm-none-eabi-10.3-2021.10/bin/../lib/gcc/arm-none-eabi/10.3.1/thumb/v7e-m/nofp/crtend.o
LOAD c:/gcc-arm-none-eabi-10.3-2021.10/bin/../lib/gcc/arm-none-eabi/10.3.1/thumb/v7e-m/nofp/crtn.o
                0x0000c000                __base_PROGRAM_FLASH = 0xc000
                0x0000c000                __base_Flash = 0xc000
                0x0007fc00                __top_PROGRAM_FLASH = 0x7fc00
                0x0007fc00                __top_Flash = 0x7fc00
                0x20000000                __base_SRAM_UPPER = 0x20000000
                0x20000000                __base_RAM = 0x20000000
                0x20010000                __top_SRAM_UPPER = 0x20010000
                0x20010000                __top_RAM = 0x20010000
                0x1fff0000                __base_SRAM_LOWER = 0x1fff0000
                0x1fff0000                __base_RAM2 = 0x1fff0000
                0x20000000                __top_SRAM_LOWER = 0x20000000
                0x20000000                __top_RAM2 = 0x20000000

.text           0x0000c000      0x410
 FILL mask 0xff
                0x0000c000                __vectors_start__ = ABSOLUTE (.)
 *(.isr_vector)
 .isr_vector    0x0000c000      0x1bc Startup/startup_mk60d10.o
                0x0000c000                g_pfnVectors
                0x0000c000                __Vectors
                0x0000c1bc                . = ALIGN (0x4)
                0x0000c1bc                __section_table_start = .
                0x0000c1bc                __data_section_table = .
                0x0000c1bc        0x4 LONG 0x1c174 LOADADDR (.data)
                0x0000c1c0        0x4 LONG 0x20000000 ADDR (.data)
                0x0000c1c4        0x4 LONG 0x16c8 SIZEOF (.data)
                0x0000c1c8        0x4 LONG 0x1c174 LOADADDR (.data_RAM2)
                0x0000c1cc        0x4 LONG 0x1fff0000 ADDR (.data_RAM2)
                0x0000c1d0        0x4 LONG 0x0 SIZEOF (.data_RAM2)
                0x0000c1d4                __data_section_table_end = .
                0x0000c1d4                __bss_section_table = .
                0x0000c1d4        0x4 LONG 0x200016c8 ADDR (.bss)
                0x0000c1d8        0x4 LONG 0x480 SIZEOF (.bss)
                0x0000c1dc        0x4 LONG 0x1fff0000 ADDR (.bss_RAM2)
                0x0000c1e0        0x4 LONG 0x0 SIZEOF (.bss_RAM2)
                0x0000c1e4                __bss_section_table_end = .
                0x0000c1e4                __section_table_end = .
 *(.after_vectors*)
 .after_vectors.init_data
                0x0000c1e4       0x42 Startup/startup_mk60d10.o
                0x0000c1e4                data_init(unsigned int, unsigned int, unsigned int)
 .after_vectors.init_bss
                0x0000c226       0x36 Startup/startup_mk60d10.o
                0x0000c226                bss_init(unsigned int, unsigned int)
 .after_vectors.reset
                0x0000c25c       0xb4 Startup/startup_mk60d10.o
                0x0000c25c                ResetISR
 .after_vectors
                0x0000c310       0x3c Startup/startup_mk60d10.o
                0x0000c310                NMI_Handler
                0x0000c316                HardFault_Handler
                0x0000c31c                MemManage_Handler
                0x0000c322                BusFault_Handler
                0x0000c328                UsageFault_Handler
                0x0000c32e                SVC_Handler
                0x0000c334                DebugMon_Handler
                0x0000c33a                PendSV_Handler
                0x0000c340                SysTick_Handler
                0x0000c346                DMA_Error_DriverIRQHandler
                0x0000c346                LPTMR0_DriverIRQHandler
                0x0000c346                FTM1_DriverIRQHandler
                0x0000c346                FTM2_DriverIRQHandler
                0x0000c346                PIT2_DriverIRQHandler
                0x0000c346                SDHC_DriverIRQHandler
                0x0000c346                I2S0_Tx_DriverIRQHandler
                0x0000c346                TSI0_DriverIRQHandler
                0x0000c346                RTC_Seconds_DriverIRQHandler
                0x0000c346                Reserved109_DriverIRQHandler
                0x0000c346                DMA6_DriverIRQHandler
                0x0000c346                LLWU_DriverIRQHandler
                0x0000c346                MCM_DriverIRQHandler
                0x0000c346                MCG_DriverIRQHandler
                0x0000c346                ENET_1588_Timer_DriverIRQHandler
                0x0000c346                DAC1_DriverIRQHandler
                0x0000c346                SPI1_DriverIRQHandler
                0x0000c346                CMP1_DriverIRQHandler
                0x0000c346                UART5_RX_TX_DriverIRQHandler
                0x0000c346                FTM0_DriverIRQHandler
                0x0000c346                IntDefaultHandler
                0x0000c346                USB0_DriverIRQHandler
                0x0000c346                UART5_ERR_DriverIRQHandler
                0x0000c346                DMA11_DriverIRQHandler
                0x0000c346                DAC0_DriverIRQHandler
                0x0000c346                DMA10_DriverIRQHandler
                0x0000c346                CMP2_DriverIRQHandler
                0x0000c346                UART2_ERR_DriverIRQHandler
                0x0000c346                SPI2_DriverIRQHandler
                0x0000c346                LVD_LVW_DriverIRQHandler
                0x0000c346                RNG_DriverIRQHandler
                0x0000c346                DMA12_DriverIRQHandler
                0x0000c346                DMA4_DriverIRQHandler
                0x0000c346                UART2_RX_TX_DriverIRQHandler
                0x0000c346                USBDCD_DriverIRQHandler
                0x0000c346                UART3_ERR_DriverIRQHandler
                0x0000c346                DMA3_DriverIRQHandler
                0x0000c346                DMA8_DriverIRQHandler
                0x0000c346                DMA9_DriverIRQHandler
                0x0000c346                UART0_ERR_DriverIRQHandler
                0x0000c346                CMT_DriverIRQHandler
                0x0000c346                ADC1_DriverIRQHandler
                0x0000c346                DMA14_DriverIRQHandler
                0x0000c346                PIT3_DriverIRQHandler
                0x0000c346                PIT1_DriverIRQHandler
                0x0000c346                WDOG_EWM_DriverIRQHandler
                0x0000c346                PDB0_DriverIRQHandler
                0x0000c346                Reserved95_DriverIRQHandler
                0x0000c346                RTC_DriverIRQHandler
                0x0000c346                I2S0_Rx_DriverIRQHandler
                0x0000c346                Read_Collision_DriverIRQHandler
                0x0000c346                SWI_DriverIRQHandler
                0x0000c346                UART4_RX_TX_DriverIRQHandler
                0x0000c346                UART4_ERR_DriverIRQHandler
                0x0000c346                DMA0_DriverIRQHandler
                0x0000c346                UART0_LON_DriverIRQHandler
                0x0000c346                Reserved102_DriverIRQHandler
                0x0000c346                DMA1_DriverIRQHandler
                0x0000c346                I2C1_DriverIRQHandler
                0x0000c346                UART3_RX_TX_DriverIRQHandler
                0x0000c346                ENET_Receive_DriverIRQHandler
                0x0000c346                DMA13_DriverIRQHandler
                0x0000c346                ENET_Error_DriverIRQHandler
                0x0000c346                DMA15_DriverIRQHandler
                0x0000c346                SPI0_DriverIRQHandler
                0x0000c346                ADC0_DriverIRQHandler
                0x0000c346                FTFL_DriverIRQHandler
                0x0000c346                CMP0_DriverIRQHandler
                0x0000c346                CAN0_DriverIRQHandler
                0x0000c346                Reserved59_DriverIRQHandler
                0x0000c346                DMA5_DriverIRQHandler
                0x0000c346                UART1_ERR_DriverIRQHandler
                0x0000c346                DMA2_DriverIRQHandler
                0x0000c346                ENET_Transmit_DriverIRQHandler
                0x0000c346                I2C0_DriverIRQHandler
                0x0000c346                CAN1_DriverIRQHandler
                0x0000c346                DMA7_DriverIRQHandler
                0x0000c346                UART1_RX_TX_DriverIRQHandler
                0x0000c346                Reserved108_DriverIRQHandler
                0x00000400                . = 0x400
 *fill*         0x0000c34c       0xb4 ff
                0x0000c400                PROVIDE (__FLASH_CONFIG_START__ = .)
 *(.FlashConfig)
 .FlashConfig   0x0000c400       0x10 Startup/startup_mk60d10.o
                0x0000c410                PROVIDE (__FLASH_CONFIG_END__ = .)
                0x00000001                ASSERT (! ((__FLASH_CONFIG_START__ == __FLASH_CONFIG_END__)), Linker Flash Config Support Enabled, but no .FlashConfig section provided within application)

.eh_frame       0x0000c410        0x0
 .eh_frame      0x0000c410        0x0 c:/gcc-arm-none-eabi-10.3-2021.10/bin/../lib/gcc/arm-none-eabi/10.3.1/thumb/v7e-m/nofp/crtbegin.o

.glue_7         0x0000c410        0x0
 .glue_7        0x0000c410        0x0 linker stubs

.glue_7t        0x0000c410        0x0
 .glue_7t       0x0000c410        0x0 linker stubs

.vfp11_veneer   0x0000c410        0x0
 .vfp11_veneer  0x0000c410        0x0 linker stubs

.v4_bx          0x0000c410        0x0
 .v4_bx         0x0000c410        0x0 linker stubs

.iplt           0x0000c410        0x0
 .iplt          0x0000c410        0x0 c:/gcc-arm-none-eabi-10.3-2021.10/bin/../lib/gcc/arm-none-eabi/10.3.1/thumb/v7e-m/nofp/crtbegin.o

.text           0x0000c440     0xfd2c
 *(.text*)
 .text          0x0000c440       0x40 c:/gcc-arm-none-eabi-10.3-2021.10/bin/../lib/gcc/arm-none-eabi/10.3.1/thumb/v7e-m/nofp/crtbegin.o
 .text._ZSt3absf
                0x0000c480       0x18 ../main.o
                0x0000c480                std::abs(float)
 .text._ZN5Drive18ResetEncoderCountsEv
                0x0000c498       0x24 ../main.o
                0x0000c498                Drive::ResetEncoderCounts()
 .text._ZN5Drive4StopEv
                0x0000c4bc       0x22 ../main.o
                0x0000c4bc                Drive::Stop()
 *fill*         0x0000c4de        0x2 
 .text._ZN5Drive11GetPositionEv
                0x0000c4e0      0x108 ../main.o
                0x0000c4e0                Drive::GetPosition()
 .text._ZN5Drive16radiansToDegreesEf
                0x0000c5e8       0x40 ../main.o
                0x0000c5e8                Drive::radiansToDegrees(float)
 .text._ZN5Drive27CalcSmallestAngleDifferenceEff
                0x0000c628       0x64 ../main.o
                0x0000c628                Drive::CalcSmallestAngleDifference(float, float)
 .text._ZN5Drive18GetAngleFromDeltasEff
                0x0000c68c       0x4c ../main.o
                0x0000c68c                Drive::GetAngleFromDeltas(float, float)
 .text._ZN5Drive18GetAngleFromPointsE8PositionS0_
                0x0000c6d8       0x94 ../main.o
                0x0000c6d8                Drive::GetAngleFromPoints(Position, Position)
 .text._ZN5Drive4DistE8PositionS0_
                0x0000c76c       0x68 ../main.o
                0x0000c76c                Drive::Dist(Position, Position)
 .text._ZN5DriveC2EN8FEHMotor12FEHMotorPortES1_N5FEHIO8FEHIOPinES3_
                0x0000c7d4       0x6c ../main.o
                0x0000c7d4                Drive::Drive(FEHMotor::FEHMotorPort, FEHMotor::FEHMotorPort, FEHIO::FEHIOPin, FEHIO::FEHIOPin)
                0x0000c7d4                Drive::Drive(FEHMotor::FEHMotorPort, FEHMotor::FEHMotorPort, FEHIO::FEHIOPin, FEHIO::FEHIOPin)
 .text._ZN5Drive10initializeEv
                0x0000c840       0x38 ../main.o
                0x0000c840                Drive::initialize()
 .text._ZN5Drive7ForwardEv
                0x0000c878       0x42 ../main.o
                0x0000c878                Drive::Forward()
 *fill*         0x0000c8ba        0x6 
 .text._ZN5Drive7ForwardEi
                0x0000c8c0       0x80 ../main.o
                0x0000c8c0                Drive::Forward(int)
 .text._ZN5Drive12ForwardTimedEf
                0x0000c940       0x7c ../main.o
                0x0000c940                Drive::ForwardTimed(float)
 .text._ZN5Drive4BackEv
                0x0000c9bc       0x42 ../main.o
                0x0000c9bc                Drive::Back()
 *fill*         0x0000c9fe        0x2 
 .text._ZN5Drive4BackEi
                0x0000ca00       0x80 ../main.o
                0x0000ca00                Drive::Back(int)
 .text._ZN5Drive9BackTimedEf
                0x0000ca80       0x7c ../main.o
                0x0000ca80                Drive::BackTimed(float)
 *fill*         0x0000cafc        0x4 
 .text._ZN5Drive9TurnRightEi
                0x0000cb00       0xa8 ../main.o
                0x0000cb00                Drive::TurnRight(int)
 .text._ZN5Drive8TurnLeftEi
                0x0000cba8       0xb0 ../main.o
                0x0000cba8                Drive::TurnLeft(int)
 .text._ZN5Drive4TurnEf
                0x0000cc58       0x78 ../main.o
                0x0000cc58                Drive::Turn(float)
 .text._ZN5Drive15SetDrivePercentEi
                0x0000ccd0       0x1a ../main.o
                0x0000ccd0                Drive::SetDrivePercent(int)
 *fill*         0x0000ccea        0x2 
 .text._ZN5Drive18GoToWithCorrectionE8Position
                0x0000ccec       0xc8 ../main.o
                0x0000ccec                Drive::GoToWithCorrection(Position)
 *fill*         0x0000cdb4        0x4 
 .text._Z6Ticketv
                0x0000cdb8      0x1a0 ../main.o
                0x0000cdb8                Ticket()
 .text._Z8Passportv
                0x0000cf58       0x58 ../main.o
                0x0000cf58                Passport()
 .text._Z7Luggagev
                0x0000cfb0       0x7c ../main.o
                0x0000cfb0                Luggage()
 .text._Z6Leversv
                0x0000d02c       0x6c ../main.o
                0x0000d02c                Levers()
 .text._Z11FinalButtonv
                0x0000d098       0x24 ../main.o
                0x0000d098                FinalButton()
 *fill*         0x0000d0bc        0x4 
 .text._Z11WaitToStartv
                0x0000d0c0       0x54 ../main.o
                0x0000d0c0                WaitToStart()
 .text.main     0x0000d114       0x60 ../main.o
                0x0000d114                main
 .text._Z41__static_initialization_and_destruction_0ii
                0x0000d174       0x50 ../main.o
 .text._GLOBAL__sub_I_leverServo
                0x0000d1c4       0x10 ../main.o
 .text.PORTD_IRQHandler
                0x0000d1d4       0x50 Startup/startup_mk60d10.o
                0x0000d1d4                PORTD_IRQHandler
 .text._Z15InitPowerButtonv
                0x0000d224       0x60 Startup/startup_mk60d10.o
                0x0000d224                InitPowerButton()
 .text._ZL11pll_init_blv
                0x0000d284       0xe0 Startup/startup_mk60d10.o
 .text._Z14InitFEHProteusv
                0x0000d364       0xec Startup/startup_mk60d10.o
                0x0000d364                InitFEHProteus()
 .text.DMA0_IRQHandler
                0x0000d450        0xc Startup/startup_mk60d10.o
                0x0000d450                DMA0_IRQHandler
 .text.DMA1_IRQHandler
                0x0000d45c        0xc Startup/startup_mk60d10.o
                0x0000d45c                DMA1_IRQHandler
 .text.DMA2_IRQHandler
                0x0000d468        0xc Startup/startup_mk60d10.o
                0x0000d468                DMA2_IRQHandler
 .text.DMA3_IRQHandler
                0x0000d474        0xc Startup/startup_mk60d10.o
                0x0000d474                DMA3_IRQHandler
 .text.DMA4_IRQHandler
                0x0000d480        0xc Startup/startup_mk60d10.o
                0x0000d480                DMA4_IRQHandler
 .text.DMA5_IRQHandler
                0x0000d48c        0xc Startup/startup_mk60d10.o
                0x0000d48c                DMA5_IRQHandler
 .text.DMA6_IRQHandler
                0x0000d498        0xc Startup/startup_mk60d10.o
                0x0000d498                DMA6_IRQHandler
 .text.DMA7_IRQHandler
                0x0000d4a4        0xc Startup/startup_mk60d10.o
                0x0000d4a4                DMA7_IRQHandler
 .text.DMA8_IRQHandler
                0x0000d4b0        0xc Startup/startup_mk60d10.o
                0x0000d4b0                DMA8_IRQHandler
 .text.DMA9_IRQHandler
                0x0000d4bc        0xc Startup/startup_mk60d10.o
                0x0000d4bc                DMA9_IRQHandler
 .text.DMA10_IRQHandler
                0x0000d4c8        0xc Startup/startup_mk60d10.o
                0x0000d4c8                DMA10_IRQHandler
 .text.DMA11_IRQHandler
                0x0000d4d4        0xc Startup/startup_mk60d10.o
                0x0000d4d4                DMA11_IRQHandler
 .text.DMA12_IRQHandler
                0x0000d4e0        0xc Startup/startup_mk60d10.o
                0x0000d4e0                DMA12_IRQHandler
 .text.DMA13_IRQHandler
                0x0000d4ec        0xc Startup/startup_mk60d10.o
                0x0000d4ec                DMA13_IRQHandler
 .text.DMA14_IRQHandler
                0x0000d4f8        0xc Startup/startup_mk60d10.o
                0x0000d4f8                DMA14_IRQHandler
 .text.DMA15_IRQHandler
                0x0000d504        0xc Startup/startup_mk60d10.o
                0x0000d504                DMA15_IRQHandler
 .text.DMA_Error_IRQHandler
                0x0000d510        0xc Startup/startup_mk60d10.o
                0x0000d510                DMA_Error_IRQHandler
 .text.MCM_IRQHandler
                0x0000d51c        0xc Startup/startup_mk60d10.o
                0x0000d51c                MCM_IRQHandler
 .text.FTFL_IRQHandler
                0x0000d528        0xc Startup/startup_mk60d10.o
                0x0000d528                FTFL_IRQHandler
 .text.Read_Collision_IRQHandler
                0x0000d534        0xc Startup/startup_mk60d10.o
                0x0000d534                Read_Collision_IRQHandler
 .text.LVD_LVW_IRQHandler
                0x0000d540        0xc Startup/startup_mk60d10.o
                0x0000d540                LVD_LVW_IRQHandler
 .text.LLWU_IRQHandler
                0x0000d54c        0xc Startup/startup_mk60d10.o
                0x0000d54c                LLWU_IRQHandler
 .text.WDOG_EWM_IRQHandler
                0x0000d558        0xc Startup/startup_mk60d10.o
                0x0000d558                WDOG_EWM_IRQHandler
 .text.RNG_IRQHandler
                0x0000d564        0xc Startup/startup_mk60d10.o
                0x0000d564                RNG_IRQHandler
 .text.I2C0_IRQHandler
                0x0000d570        0xc Startup/startup_mk60d10.o
                0x0000d570                I2C0_IRQHandler
 .text.I2C1_IRQHandler
                0x0000d57c        0xc Startup/startup_mk60d10.o
                0x0000d57c                I2C1_IRQHandler
 .text.SPI0_IRQHandler
                0x0000d588        0xc Startup/startup_mk60d10.o
                0x0000d588                SPI0_IRQHandler
 .text.SPI1_IRQHandler
                0x0000d594        0xc Startup/startup_mk60d10.o
                0x0000d594                SPI1_IRQHandler
 .text.SPI2_IRQHandler
                0x0000d5a0        0xc Startup/startup_mk60d10.o
                0x0000d5a0                SPI2_IRQHandler
 .text.CAN0_ORed_Message_buffer_IRQHandler
                0x0000d5ac        0xc Startup/startup_mk60d10.o
                0x0000d5ac                CAN0_ORed_Message_buffer_IRQHandler
 .text.CAN0_Bus_Off_IRQHandler
                0x0000d5b8        0xc Startup/startup_mk60d10.o
                0x0000d5b8                CAN0_Bus_Off_IRQHandler
 .text.CAN0_Error_IRQHandler
                0x0000d5c4        0xc Startup/startup_mk60d10.o
                0x0000d5c4                CAN0_Error_IRQHandler
 .text.CAN0_Tx_Warning_IRQHandler
                0x0000d5d0        0xc Startup/startup_mk60d10.o
                0x0000d5d0                CAN0_Tx_Warning_IRQHandler
 .text.CAN0_Rx_Warning_IRQHandler
                0x0000d5dc        0xc Startup/startup_mk60d10.o
                0x0000d5dc                CAN0_Rx_Warning_IRQHandler
 .text.CAN0_Wake_Up_IRQHandler
                0x0000d5e8        0xc Startup/startup_mk60d10.o
                0x0000d5e8                CAN0_Wake_Up_IRQHandler
 .text.I2S0_Tx_IRQHandler
                0x0000d5f4        0xc Startup/startup_mk60d10.o
                0x0000d5f4                I2S0_Tx_IRQHandler
 .text.I2S0_Rx_IRQHandler
                0x0000d600        0xc Startup/startup_mk60d10.o
                0x0000d600                I2S0_Rx_IRQHandler
 .text.CAN1_ORed_Message_buffer_IRQHandler
                0x0000d60c        0xc Startup/startup_mk60d10.o
                0x0000d60c                CAN1_ORed_Message_buffer_IRQHandler
 .text.CAN1_Bus_Off_IRQHandler
                0x0000d618        0xc Startup/startup_mk60d10.o
                0x0000d618                CAN1_Bus_Off_IRQHandler
 .text.CAN1_Error_IRQHandler
                0x0000d624        0xc Startup/startup_mk60d10.o
                0x0000d624                CAN1_Error_IRQHandler
 .text.CAN1_Tx_Warning_IRQHandler
                0x0000d630        0xc Startup/startup_mk60d10.o
                0x0000d630                CAN1_Tx_Warning_IRQHandler
 .text.CAN1_Rx_Warning_IRQHandler
                0x0000d63c        0xc Startup/startup_mk60d10.o
                0x0000d63c                CAN1_Rx_Warning_IRQHandler
 .text.CAN1_Wake_Up_IRQHandler
                0x0000d648        0xc Startup/startup_mk60d10.o
                0x0000d648                CAN1_Wake_Up_IRQHandler
 .text.Reserved59_IRQHandler
                0x0000d654        0xc Startup/startup_mk60d10.o
                0x0000d654                Reserved59_IRQHandler
 .text.UART0_LON_IRQHandler
                0x0000d660        0xc Startup/startup_mk60d10.o
                0x0000d660                UART0_LON_IRQHandler
 .text.UART0_ERR_IRQHandler
                0x0000d66c        0xc Startup/startup_mk60d10.o
                0x0000d66c                UART0_ERR_IRQHandler
 .text.UART1_RX_TX_IRQHandler
                0x0000d678        0xc Startup/startup_mk60d10.o
                0x0000d678                UART1_RX_TX_IRQHandler
 .text.UART1_ERR_IRQHandler
                0x0000d684        0xc Startup/startup_mk60d10.o
                0x0000d684                UART1_ERR_IRQHandler
 .text.UART2_RX_TX_IRQHandler
                0x0000d690        0xc Startup/startup_mk60d10.o
                0x0000d690                UART2_RX_TX_IRQHandler
 .text.UART2_ERR_IRQHandler
                0x0000d69c        0xc Startup/startup_mk60d10.o
                0x0000d69c                UART2_ERR_IRQHandler
 .text.UART3_RX_TX_IRQHandler
                0x0000d6a8        0xc Startup/startup_mk60d10.o
                0x0000d6a8                UART3_RX_TX_IRQHandler
 .text.UART3_ERR_IRQHandler
                0x0000d6b4        0xc Startup/startup_mk60d10.o
                0x0000d6b4                UART3_ERR_IRQHandler
 .text.UART4_RX_TX_IRQHandler
                0x0000d6c0        0xc Startup/startup_mk60d10.o
                0x0000d6c0                UART4_RX_TX_IRQHandler
 .text.UART4_ERR_IRQHandler
                0x0000d6cc        0xc Startup/startup_mk60d10.o
                0x0000d6cc                UART4_ERR_IRQHandler
 .text.UART5_RX_TX_IRQHandler
                0x0000d6d8        0xc Startup/startup_mk60d10.o
                0x0000d6d8                UART5_RX_TX_IRQHandler
 .text.UART5_ERR_IRQHandler
                0x0000d6e4        0xc Startup/startup_mk60d10.o
                0x0000d6e4                UART5_ERR_IRQHandler
 .text.ADC0_IRQHandler
                0x0000d6f0        0xc Startup/startup_mk60d10.o
                0x0000d6f0                ADC0_IRQHandler
 .text.ADC1_IRQHandler
                0x0000d6fc        0xc Startup/startup_mk60d10.o
                0x0000d6fc                ADC1_IRQHandler
 .text.CMP0_IRQHandler
                0x0000d708        0xc Startup/startup_mk60d10.o
                0x0000d708                CMP0_IRQHandler
 .text.CMP1_IRQHandler
                0x0000d714        0xc Startup/startup_mk60d10.o
                0x0000d714                CMP1_IRQHandler
 .text.CMP2_IRQHandler
                0x0000d720        0xc Startup/startup_mk60d10.o
                0x0000d720                CMP2_IRQHandler
 .text.FTM0_IRQHandler
                0x0000d72c        0xc Startup/startup_mk60d10.o
                0x0000d72c                FTM0_IRQHandler
 .text.FTM1_IRQHandler
                0x0000d738        0xc Startup/startup_mk60d10.o
                0x0000d738                FTM1_IRQHandler
 .text.FTM2_IRQHandler
                0x0000d744        0xc Startup/startup_mk60d10.o
                0x0000d744                FTM2_IRQHandler
 .text.CMT_IRQHandler
                0x0000d750        0xc Startup/startup_mk60d10.o
                0x0000d750                CMT_IRQHandler
 .text.RTC_IRQHandler
                0x0000d75c        0xc Startup/startup_mk60d10.o
                0x0000d75c                RTC_IRQHandler
 .text.RTC_Seconds_IRQHandler
                0x0000d768        0xc Startup/startup_mk60d10.o
                0x0000d768                RTC_Seconds_IRQHandler
 .text.PIT1_IRQHandler
                0x0000d774        0xc Startup/startup_mk60d10.o
                0x0000d774                PIT1_IRQHandler
 .text.PIT2_IRQHandler
                0x0000d780        0xc Startup/startup_mk60d10.o
                0x0000d780                PIT2_IRQHandler
 .text.PIT3_IRQHandler
                0x0000d78c        0xc Startup/startup_mk60d10.o
                0x0000d78c                PIT3_IRQHandler
 .text.PDB0_IRQHandler
                0x0000d798        0xc Startup/startup_mk60d10.o
                0x0000d798                PDB0_IRQHandler
 .text.USB0_IRQHandler
                0x0000d7a4        0xc Startup/startup_mk60d10.o
                0x0000d7a4                USB0_IRQHandler
 .text.USBDCD_IRQHandler
                0x0000d7b0        0xc Startup/startup_mk60d10.o
                0x0000d7b0                USBDCD_IRQHandler
 .text.ENET_1588_Timer_IRQHandler
                0x0000d7bc        0xc Startup/startup_mk60d10.o
                0x0000d7bc                ENET_1588_Timer_IRQHandler
 .text.ENET_Transmit_IRQHandler
                0x0000d7c8        0xc Startup/startup_mk60d10.o
                0x0000d7c8                ENET_Transmit_IRQHandler
 .text.ENET_Receive_IRQHandler
                0x0000d7d4        0xc Startup/startup_mk60d10.o
                0x0000d7d4                ENET_Receive_IRQHandler
 .text.ENET_Error_IRQHandler
                0x0000d7e0        0xc Startup/startup_mk60d10.o
                0x0000d7e0                ENET_Error_IRQHandler
 .text.Reserved95_IRQHandler
                0x0000d7ec        0xc Startup/startup_mk60d10.o
                0x0000d7ec                Reserved95_IRQHandler
 .text.SDHC_IRQHandler
                0x0000d7f8        0xc Startup/startup_mk60d10.o
                0x0000d7f8                SDHC_IRQHandler
 .text.DAC0_IRQHandler
                0x0000d804        0xc Startup/startup_mk60d10.o
                0x0000d804                DAC0_IRQHandler
 .text.DAC1_IRQHandler
                0x0000d810        0xc Startup/startup_mk60d10.o
                0x0000d810                DAC1_IRQHandler
 .text.TSI0_IRQHandler
                0x0000d81c        0xc Startup/startup_mk60d10.o
                0x0000d81c                TSI0_IRQHandler
 .text.MCG_IRQHandler
                0x0000d828        0xc Startup/startup_mk60d10.o
                0x0000d828                MCG_IRQHandler
 .text.LPTMR0_IRQHandler
                0x0000d834        0xc Startup/startup_mk60d10.o
                0x0000d834                LPTMR0_IRQHandler
 .text.Reserved102_IRQHandler
                0x0000d840        0xc Startup/startup_mk60d10.o
                0x0000d840                Reserved102_IRQHandler
 .text.Reserved108_IRQHandler
                0x0000d84c        0xc Startup/startup_mk60d10.o
                0x0000d84c                Reserved108_IRQHandler
 .text.Reserved109_IRQHandler
                0x0000d858        0xc Startup/startup_mk60d10.o
                0x0000d858                Reserved109_IRQHandler
 .text.SWI_IRQHandler
                0x0000d864        0xc Startup/startup_mk60d10.o
                0x0000d864                SWI_IRQHandler
 .text._ZN8FEHMotorC2ENS_12FEHMotorPortEf
                0x0000d870       0x7c Libraries/FEHMotor.o
                0x0000d870                FEHMotor::FEHMotor(FEHMotor::FEHMotorPort, float)
                0x0000d870                FEHMotor::FEHMotor(FEHMotor::FEHMotorPort, float)
 .text._ZN8FEHMotor4StopEv
                0x0000d8ec       0x30 Libraries/FEHMotor.o
                0x0000d8ec                FEHMotor::Stop()
 .text._ZN8FEHMotor8SetPowerEi
                0x0000d91c       0x54 Libraries/FEHMotor.o
                0x0000d91c                FEHMotor::SetPower(int)
 .text._ZN8FEHMotor10SetPercentEf
                0x0000d970       0xf8 Libraries/FEHMotor.o
                0x0000d970                FEHMotor::SetPercent(float)
 .text._Z21IIC_StartTransmissionhh
                0x0000da68       0x6c Drivers/i2c.o
                0x0000da68                IIC_StartTransmission(unsigned char, unsigned char)
 .text._Z5Pausev
                0x0000dad4       0x24 Drivers/i2c.o
                0x0000dad4                Pause()
 .text._Z21MMA8451QWriteRegisterhh
                0x0000daf8       0x68 Drivers/i2c.o
                0x0000daf8                MMA8451QWriteRegister(unsigned char, unsigned char)
 .text._Z8i2c_Waitv
                0x0000db60       0x6c Drivers/i2c.o
                0x0000db60                i2c_Wait()
 .text._Z12SPI_SendCharh
                0x0000dbcc       0x1a Drivers/spi.o
                0x0000dbcc                SPI_SendChar(unsigned char)
 .text._Z16SPI_WriteCommandhh
                0x0000dbe6       0x34 Drivers/spi.o
                0x0000dbe6                SPI_WriteCommand(unsigned char, unsigned char)
 .text._Z11SPI_GetCharv
                0x0000dc1a       0x10 Drivers/spi.o
                0x0000dc1a                SPI_GetChar()
 .text._Z15SPI_ReadCommandh
                0x0000dc2a       0x38 Drivers/spi.o
                0x0000dc2a                SPI_ReadCommand(unsigned char)
 *fill*         0x0000dc62        0x2 
 .text._Z13SPI_CS_Assertv
                0x0000dc64       0x1c Drivers/spi.o
                0x0000dc64                SPI_CS_Assert()
 .text._Z15SPI_CS_Deassertv
                0x0000dc80       0x1c Drivers/spi.o
                0x0000dc80                SPI_CS_Deassert()
 .text._Z12SPI_Transferh
                0x0000dc9c       0x6c Drivers/spi.o
                0x0000dc9c                SPI_Transfer(unsigned char)
 .text._Z8SPI_Initv
                0x0000dd08       0xa0 Drivers/spi.o
                0x0000dd08                SPI_Init()
 .text._Z9uart_initPV11UART_MemMapii
                0x0000dda8      0x174 Drivers/uart.o
                0x0000dda8                uart_init(UART_MemMap volatile*, int, int)
 .text._Z12uart_getcharPV11UART_MemMap
                0x0000df1c       0x32 Drivers/uart.o
                0x0000df1c                uart_getchar(UART_MemMap volatile*)
 .text._Z12uart_putcharPV11UART_MemMapc
                0x0000df4e       0x32 Drivers/uart.o
                0x0000df4e                uart_putchar(UART_MemMap volatile*, char)
 .text._ZL7mem_setPvij
                0x0000df80       0x3c Drivers/ff.o
 .text._ZL11move_windowP5FATFSm
                0x0000dfbc       0xc8 Drivers/ff.o
 .text._ZL4syncP5FATFS
                0x0000e084      0x14c Drivers/ff.o
 .text._ZL8validateP5FATFSt
                0x0000e1d0       0x54 Drivers/ff.o
 .text._Z6f_syncP3FIL
                0x0000e224      0x186 Drivers/ff.o
                0x0000e224                f_sync(FIL*)
 .text._Z7f_closeP3FIL
                0x0000e3aa       0x28 Drivers/ff.o
                0x0000e3aa                f_close(FIL*)
 *fill*         0x0000e3d2        0x2 
 .text._ZL17SDHC_set_baudratemm
                0x0000e3d4       0xe8 Drivers/SDHC.o
 .text._Z9SDHC_initP17esdhc_info_structPK17esdhc_init_struct
                0x0000e4bc      0x130 Drivers/SDHC.o
                0x0000e4bc                SDHC_init(esdhc_info_struct*, esdhc_init_struct const*)
 .text._ZL15SDHC_is_runningv
                0x0000e5ec       0x24 Drivers/SDHC.o
 .text._ZL16SDHC_status_waitm
                0x0000e610       0x2c Drivers/SDHC.o
 .text._ZL17SDHC_send_commandP20esdhc_command_struct
                0x0000e63c      0x1f8 Drivers/SDHC.o
 .text._Z10SDHC_ioctlmPv
                0x0000e834      0x6f0 Drivers/SDHC.o
                0x0000e834                SDHC_ioctl(unsigned long, void*)
 .text._ZL14rcvr_datablockPhm
                0x0000ef24       0xf0 Drivers/SDHC.o
 .text._Z9disk_readhPhmh
                0x0000f014      0x124 Drivers/SDHC.o
                0x0000f014                disk_read(unsigned char, unsigned char*, unsigned long, unsigned char)
 .text._ZL14xmit_datablockPKhm
                0x0000f138       0xa4 Drivers/SDHC.o
 .text._Z10disk_writehPKhmh
                0x0000f1dc      0x198 Drivers/SDHC.o
                0x0000f1dc                disk_write(unsigned char, unsigned char const*, unsigned long, unsigned char)
 .text._Z10disk_ioctlhhPv
                0x0000f374      0x104 Drivers/SDHC.o
                0x0000f374                disk_ioctl(unsigned char, unsigned char, void*)
 .text._Z11disk_statush
                0x0000f478       0x28 Drivers/SDHC.o
                0x0000f478                disk_status(unsigned char)
 .text._Z13time_delay_msm
                0x0000f4a0       0x6c Drivers/lptmr.o
                0x0000f4a0                time_delay_ms(unsigned long)
 .text._Z41__static_initialization_and_destruction_0ii
                0x0000f50c       0x2c FEHProteus.o
 .text._GLOBAL__sub_I_Propeller
                0x0000f538       0x10 FEHProteus.o
 .text._ZN12FEHPropellerC2Ev
                0x0000f548       0x1a Drivers/FEHPropeller.o
                0x0000f548                FEHPropeller::FEHPropeller()
                0x0000f548                FEHPropeller::FEHPropeller()
 *fill*         0x0000f562        0x2 
 .text._ZN12FEHPropeller10InitializeEv
                0x0000f564       0x74 Drivers/FEHPropeller.o
                0x0000f564                FEHPropeller::Initialize()
 .text._ZN12FEHPropeller12SetMotorRateEhhh
                0x0000f5d8       0x5c Drivers/FEHPropeller.o
                0x0000f5d8                FEHPropeller::SetMotorRate(unsigned char, unsigned char, unsigned char)
 .text._ZL5Delaymjj
                0x0000f634       0x94 Libraries/FEHUtility.o
 .text._Z5Sleepi
                0x0000f6c8       0x2c Libraries/FEHUtility.o
                0x0000f6c8                Sleep(int)
 .text._Z5Sleepd
                0x0000f6f4       0x4c Libraries/FEHUtility.o
                0x0000f6f4                Sleep(double)
 .text._Z7TimeNowv
                0x0000f740       0x5c Libraries/FEHUtility.o
                0x0000f740                TimeNow()
 .text._Z11TimeNowMSecv
                0x0000f79c       0x38 Libraries/FEHUtility.o
                0x0000f79c                TimeNowMSec()
 .text._ZN14DigitalEncoderC2EN5FEHIO8FEHIOPinE
                0x0000f7d4       0x26 Libraries/FEHIO.o
                0x0000f7d4                DigitalEncoder::DigitalEncoder(FEHIO::FEHIOPin)
                0x0000f7d4                DigitalEncoder::DigitalEncoder(FEHIO::FEHIOPin)
 *fill*         0x0000f7fa        0x2 
 .text._Z10enable_irqi
                0x0000f7fc      0x11c Libraries/FEHIO.o
                0x0000f7fc                enable_irq(int)
 .text._ZN14DigitalEncoder10InitializeEN5FEHIO8FEHIOPinENS0_21FEHIOInterruptTriggerE
                0x0000f918      0x1a8 Libraries/FEHIO.o
                0x0000f918                DigitalEncoder::Initialize(FEHIO::FEHIOPin, FEHIO::FEHIOInterruptTrigger)
 .text._Z16PORTB_IRQHandlerv
                0x0000fac0       0x9c Libraries/FEHIO.o
                0x0000fac0                PORTB_IRQHandler()
 .text._Z16PORTC_IRQHandlerv
                0x0000fb5c       0x9c Libraries/FEHIO.o
                0x0000fb5c                PORTC_IRQHandler()
 .text._Z16PORTA_IRQHandlerv
                0x0000fbf8       0xa0 Libraries/FEHIO.o
                0x0000fbf8                PORTA_IRQHandler()
 .text._Z16PORTE_IRQHandlerv
                0x0000fc98       0x98 Libraries/FEHIO.o
                0x0000fc98                PORTE_IRQHandler()
 .text._ZN14DigitalEncoder6CountsEv
                0x0000fd30       0x24 Libraries/FEHIO.o
                0x0000fd30                DigitalEncoder::Counts()
 .text._ZN14DigitalEncoder11ResetCountsEv
                0x0000fd54       0x24 Libraries/FEHIO.o
                0x0000fd54                DigitalEncoder::ResetCounts()
 .text._ZN14AnalogInputPinC2EN5FEHIO8FEHIOPinE
                0x0000fd78       0x1e Libraries/FEHIO.o
                0x0000fd78                AnalogInputPin::AnalogInputPin(FEHIO::FEHIOPin)
                0x0000fd78                AnalogInputPin::AnalogInputPin(FEHIO::FEHIOPin)
 *fill*         0x0000fd96        0x2 
 .text._ZN14AnalogInputPin5ValueEv
                0x0000fd98      0x120 Libraries/FEHIO.o
                0x0000fd98                AnalogInputPin::Value()
 .text._ZN13AnalogEncoder12EncoderValueEv
                0x0000feb8       0xb0 Libraries/FEHIO.o
                0x0000feb8                AnalogEncoder::EncoderValue()
 .text._ZN14AnalogInputPin8InitADCsEv
                0x0000ff68       0x98 Libraries/FEHIO.o
                0x0000ff68                AnalogInputPin::InitADCs()
 .text._Z15PIT0_IRQHandlerv
                0x00010000       0x28 Libraries/FEHIO.o
                0x00010000                PIT0_IRQHandler()
 .text._ZN13AnalogEncoder4InitEv
                0x00010028       0x44 Libraries/FEHIO.o
                0x00010028                AnalogEncoder::Init()
 .text._ZN13AnalogEncoder14SetCounterInitEj
                0x0001006c       0x20 Libraries/FEHIO.o
                0x0001006c                AnalogEncoder::SetCounterInit(unsigned int)
 .text._ZN13AnalogEncoder10ProcessIntEv
                0x0001008c       0x68 Libraries/FEHIO.o
                0x0001008c                AnalogEncoder::ProcessInt()
 .text._ZN13AnalogEncoder14ProcessIntSelfEv
                0x000100f4       0x6e Libraries/FEHIO.o
                0x000100f4                AnalogEncoder::ProcessIntSelf()
 .text._Z7ADC_CalPV10ADC_MemMap
                0x00010162      0x13e Drivers/adc16.o
                0x00010162                ADC_Cal(ADC_MemMap volatile*)
 .text._Z14ADC_Config_AltPV10ADC_MemMapP7adc_cfg
                0x000102a0       0x6c Drivers/adc16.o
                0x000102a0                ADC_Config_Alt(ADC_MemMap volatile*, adc_cfg*)
 .text._ZN9FEHBuzzerC2Ev
                0x0001030c       0x14 Libraries/FEHBuzzer.o
                0x0001030c                FEHBuzzer::FEHBuzzer()
                0x0001030c                FEHBuzzer::FEHBuzzer()
 .text._Z41__static_initialization_and_destruction_0ii
                0x00010320       0x2c Libraries/FEHBuzzer.o
 .text._GLOBAL__sub_I_Buzzer
                0x0001034c       0x10 Libraries/FEHBuzzer.o
 .text._ZN8FEHServoC2ENS_12FEHServoPortE
                0x0001035c       0x38 Libraries/FEHServo.o
                0x0001035c                FEHServo::FEHServo(FEHServo::FEHServoPort)
                0x0001035c                FEHServo::FEHServo(FEHServo::FEHServoPort)
 .text._ZN8FEHServo6SetMinEi
                0x00010394       0x3a Libraries/FEHServo.o
                0x00010394                FEHServo::SetMin(int)
 .text._ZN8FEHServo6SetMaxEi
                0x000103ce       0x3a Libraries/FEHServo.o
                0x000103ce                FEHServo::SetMax(int)
 .text._ZN8FEHServo9SetDegreeEf
                0x00010408       0xf8 Libraries/FEHServo.o
                0x00010408                FEHServo::SetDegree(float)
 .text._ZN6FEHLCD11_InitializeEv
                0x00010500      0x410 Libraries/FEHLCD.o
                0x00010500                FEHLCD::_Initialize()
 .text._ZN6FEHLCDC2Ev
                0x00010910       0x50 Libraries/FEHLCD.o
                0x00010910                FEHLCD::FEHLCD()
                0x00010910                FEHLCD::FEHLCD()
 .text._ZN6FEHLCD10InitializeEv
                0x00010960       0x28 Libraries/FEHLCD.o
                0x00010960                FEHLCD::Initialize()
 .text._ZN6FEHLCD10PrintImageEii
                0x00010988       0xbc Libraries/FEHLCD.o
                0x00010988                FEHLCD::PrintImage(int, int)
 .text._ZN6FEHLCD9PrintLogoEii
                0x00010a44       0xbc Libraries/FEHLCD.o
                0x00010a44                FEHLCD::PrintLogo(int, int)
 .text._ZN6FEHLCD22ConvertFEHColorTo24BitENS_11FEHLCDColorE
                0x00010b00       0x78 Libraries/FEHLCD.o
                0x00010b00                FEHLCD::ConvertFEHColorTo24Bit(FEHLCD::FEHLCDColor)
 .text._ZN6FEHLCD24Convert24BitColorTo16BitEj
                0x00010b78       0x30 Libraries/FEHLCD.o
                0x00010b78                FEHLCD::Convert24BitColorTo16Bit(unsigned int)
 .text._ZN6FEHLCD22ConvertRGBColorTo16BitEhhh
                0x00010ba8       0x4a Libraries/FEHLCD.o
                0x00010ba8                FEHLCD::ConvertRGBColorTo16Bit(unsigned char, unsigned char, unsigned char)
 .text._ZN6FEHLCD5ClearENS_11FEHLCDColorE
                0x00010bf2       0x28 Libraries/FEHLCD.o
                0x00010bf2                FEHLCD::Clear(FEHLCD::FEHLCDColor)
 .text._ZN6FEHLCD5ClearEj
                0x00010c1a       0x2c Libraries/FEHLCD.o
                0x00010c1a                FEHLCD::Clear(unsigned int)
 .text._ZN6FEHLCD5ClearEv
                0x00010c46       0x16 Libraries/FEHLCD.o
                0x00010c46                FEHLCD::Clear()
 .text._ZN6FEHLCD18SetBackgroundColorENS_11FEHLCDColorE
                0x00010c5c       0x28 Libraries/FEHLCD.o
                0x00010c5c                FEHLCD::SetBackgroundColor(FEHLCD::FEHLCDColor)
 .text._ZN6FEHLCD18SetBackgroundColorEj
                0x00010c84       0x26 Libraries/FEHLCD.o
                0x00010c84                FEHLCD::SetBackgroundColor(unsigned int)
 .text._ZN6FEHLCD12SetFontColorENS_11FEHLCDColorE
                0x00010caa       0x28 Libraries/FEHLCD.o
                0x00010caa                FEHLCD::SetFontColor(FEHLCD::FEHLCDColor)
 .text._ZN6FEHLCD12SetFontColorEj
                0x00010cd2       0x26 Libraries/FEHLCD.o
                0x00010cd2                FEHLCD::SetFontColor(unsigned int)
 .text._ZN6FEHLCD7WriteAtEPKcii
                0x00010cf8       0x46 Libraries/FEHLCD.o
                0x00010cf8                FEHLCD::WriteAt(char const*, int, int)
 .text._ZN6FEHLCD11TS_SPI_InitEv
                0x00010d3e       0x7c Libraries/FEHLCD.o
                0x00010d3e                FEHLCD::TS_SPI_Init()
 *fill*         0x00010dba        0x6 
 .text._ZN6FEHLCD5TouchEPfS0_
                0x00010dc0      0x1fc Libraries/FEHLCD.o
                0x00010dc0                FEHLCD::Touch(float*, float*)
 .text._ZN6FEHLCD3absEi
                0x00010fbc       0x22 Libraries/FEHLCD.o
                0x00010fbc                FEHLCD::abs(int)
 .text._ZN6FEHLCD5WriteEPKc
                0x00010fde       0x4e Libraries/FEHLCD.o
                0x00010fde                FEHLCD::Write(char const*)
 .text._ZN6FEHLCD5WriteEf
                0x0001102c       0xc0 Libraries/FEHLCD.o
                0x0001102c                FEHLCD::Write(float)
 .text._ZN6FEHLCD5WriteEc
                0x000110ec       0x30 Libraries/FEHLCD.o
                0x000110ec                FEHLCD::Write(char)
 .text._ZN6FEHLCD9WriteLineEPKc
                0x0001111c       0x26 Libraries/FEHLCD.o
                0x0001111c                FEHLCD::WriteLine(char const*)
 .text._ZN6FEHLCD9WriteLineEf
                0x00011142       0x26 Libraries/FEHLCD.o
                0x00011142                FEHLCD::WriteLine(float)
 .text._ZN6FEHLCD9WriteLineEc
                0x00011168       0x2a Libraries/FEHLCD.o
                0x00011168                FEHLCD::WriteLine(char)
 *fill*         0x00011192        0x2 
 .text._ZN6FEHLCD10WriteIndexEh
                0x00011194      0x14c Libraries/FEHLCD.o
                0x00011194                FEHLCD::WriteIndex(unsigned char)
 .text._ZN6FEHLCD14WriteParameterEh
                0x000112e0      0x130 Libraries/FEHLCD.o
                0x000112e0                FEHLCD::WriteParameter(unsigned char)
 .text._ZN6FEHLCD6_ClearEv
                0x00011410      0x15c Libraries/FEHLCD.o
                0x00011410                FEHLCD::_Clear()
 .text._ZN6FEHLCD8NextLineEv
                0x0001156c       0x2a Libraries/FEHLCD.o
                0x0001156c                FEHLCD::NextLine()
 .text._ZN6FEHLCD9CheckLineEv
                0x00011596       0x28 Libraries/FEHLCD.o
                0x00011596                FEHLCD::CheckLine()
 .text._ZN6FEHLCD8NextCharEv
                0x000115be       0x32 Libraries/FEHLCD.o
                0x000115be                FEHLCD::NextChar()
 .text._ZN6FEHLCD9DrawPixelEii
                0x000115f0       0x2a Libraries/FEHLCD.o
                0x000115f0                FEHLCD::DrawPixel(int, int)
 .text._Z4SwapRiS_
                0x0001161a       0x28 Libraries/FEHLCD.o
                0x0001161a                Swap(int&, int&)
 .text._ZN6FEHLCD13DrawRectangleEiiii
                0x00011642       0x7c Libraries/FEHLCD.o
                0x00011642                FEHLCD::DrawRectangle(int, int, int, int)
 .text._ZN6FEHLCD13SetDrawRegionEiiii
                0x000116be       0xfe Libraries/FEHLCD.o
                0x000116be                FEHLCD::SetDrawRegion(int, int, int, int)
 .text._ZN6FEHLCD8DrawLineEiiii
                0x000117bc      0x14c Libraries/FEHLCD.o
                0x000117bc                FEHLCD::DrawLine(int, int, int, int)
 .text._ZN6FEHLCD9WriteCharEiic
                0x00011908       0x34 Libraries/FEHLCD.o
                0x00011908                FEHLCD::WriteChar(int, int, char)
 .text._ZN6FEHLCD11WriteCharAtEiic
                0x0001193c      0x214 Libraries/FEHLCD.o
                0x0001193c                FEHLCD::WriteCharAt(int, int, char)
 .text._ZN6FEHLCD11RepeatColorEv
                0x00011b50       0x70 Libraries/FEHLCD.o
                0x00011b50                FEHLCD::RepeatColor()
 .text._ZN6FEHLCD10_ForePixelEv
                0x00011bc0       0xc4 Libraries/FEHLCD.o
                0x00011bc0                FEHLCD::_ForePixel()
 .text._ZN6FEHLCD10_BackPixelEv
                0x00011c84       0xc4 Libraries/FEHLCD.o
                0x00011c84                FEHLCD::_BackPixel()
 .text._ZN6FEHLCD22SetRegisterColorValuesEv
                0x00011d48      0x336 Libraries/FEHLCD.o
                0x00011d48                FEHLCD::SetRegisterColorValues()
 .text._ZN7FEHIcon4IconC2Ev
                0x0001207e       0x14 Libraries/FEHLCD.o
                0x0001207e                FEHIcon::Icon::Icon()
                0x0001207e                FEHIcon::Icon::Icon()
 .text._ZN7FEHIcon4Icon13SetPropertiesEPciiiijj
                0x00012092       0x6a Libraries/FEHLCD.o
                0x00012092                FEHIcon::Icon::SetProperties(char*, int, int, int, int, unsigned int, unsigned int)
 .text._ZN7FEHIcon4Icon4DrawEv
                0x000120fc       0x90 Libraries/FEHLCD.o
                0x000120fc                FEHIcon::Icon::Draw()
 .text._ZN7FEHIcon4Icon6SelectEv
                0x0001218c       0x90 Libraries/FEHLCD.o
                0x0001218c                FEHIcon::Icon::Select()
 .text._ZN7FEHIcon4Icon8DeselectEv
                0x0001221c       0x8c Libraries/FEHLCD.o
                0x0001221c                FEHIcon::Icon::Deselect()
 .text._ZN7FEHIcon4Icon7PressedEffi
                0x000122a8      0x13c Libraries/FEHLCD.o
                0x000122a8                FEHIcon::Icon::Pressed(float, float, int)
 .text._ZN7FEHIcon4Icon12WhilePressedEff
                0x000123e4       0x50 Libraries/FEHLCD.o
                0x000123e4                FEHIcon::Icon::WhilePressed(float, float)
 .text._ZN7FEHIcon13DrawIconArrayEPNS_4IconEiiiiiiPA20_cjj
                0x00012434      0x168 Libraries/FEHLCD.o
                0x00012434                FEHIcon::DrawIconArray(FEHIcon::Icon*, int, int, int, int, int, int, char (*) [20], unsigned int, unsigned int)
 .text._Z41__static_initialization_and_destruction_0ii
                0x0001259c       0x2c Libraries/FEHLCD.o
 .text._GLOBAL__sub_I_image
                0x000125c8       0x10 Libraries/FEHLCD.o
 .text._ZN8FEHAccelC2Ev
                0x000125d8       0x70 Libraries/FEHAccel.o
                0x000125d8                FEHAccel::FEHAccel()
                0x000125d8                FEHAccel::FEHAccel()
 .text._Z41__static_initialization_and_destruction_0ii
                0x00012648       0x2c Libraries/FEHAccel.o
 .text._GLOBAL__sub_I_Accel
                0x00012674       0x10 Libraries/FEHAccel.o
 .text._ZN10FEHBatteryC2EN5FEHIO8FEHIOPinE
                0x00012684       0x22 Libraries/FEHBattery.o
                0x00012684                FEHBattery::FEHBattery(FEHIO::FEHIOPin)
                0x00012684                FEHBattery::FEHBattery(FEHIO::FEHIOPin)
 *fill*         0x000126a6        0x2 
 .text._Z41__static_initialization_and_destruction_0ii
                0x000126a8       0x30 Libraries/FEHBattery.o
 .text._GLOBAL__sub_I_Battery
                0x000126d8       0x10 Libraries/FEHBattery.o
 .text._ZN7FEHXBeeC2Ev
                0x000126e8       0x1a Drivers/FEHXBee.o
                0x000126e8                FEHXBee::FEHXBee()
                0x000126e8                FEHXBee::FEHXBee()
 *fill*         0x00012702        0x2 
 .text._ZN7FEHXBee10InitializeEv
                0x00012704       0xdc Drivers/FEHXBee.o
                0x00012704                FEHXBee::Initialize()
 .text._ZN7FEHXBee13IsInitializedEv
                0x000127e0       0x16 Drivers/FEHXBee.o
                0x000127e0                FEHXBee::IsInitialized()
 *fill*         0x000127f6        0x2 
 .text._ZN7FEHXBee17ReceiveDataSearchEPcjh
                0x000127f8       0x8c Drivers/FEHXBee.o
                0x000127f8                FEHXBee::ReceiveDataSearch(char*, unsigned int, unsigned char)
 .text._ZN7FEHXBee8SendDataEPcj
                0x00012884       0x40 Drivers/FEHXBee.o
                0x00012884                FEHXBee::SendData(char*, unsigned int)
 .text._ZN7FEHXBee17SetPacketCallBackEPFvPhhE
                0x000128c4       0x20 Drivers/FEHXBee.o
                0x000128c4                FEHXBee::SetPacketCallBack(void (*)(unsigned char*, unsigned char))
 .text._Z22UART0_RX_TX_IRQHandlerv
                0x000128e4       0xec Drivers/FEHXBee.o
                0x000128e4                UART0_RX_TX_IRQHandler()
 .text._ZN6FEHRPSC2Ev
                0x000129d0       0x74 Libraries/FEHRPS.o
                0x000129d0                FEHRPS::FEHRPS()
                0x000129d0                FEHRPS::FEHRPS()
 .text._ZN6FEHRPS10InitializeEi
                0x00012a44      0x664 Libraries/FEHRPS.o
                0x00012a44                FEHRPS::Initialize(int)
 .text._ZN6FEHRPS10InitializeEc
                0x000130a8       0x46 Libraries/FEHRPS.o
                0x000130a8                FEHRPS::Initialize(char)
 *fill*         0x000130ee        0x2 
 .text._ZN6FEHRPS19InitializeTouchMenuEv
                0x000130f0      0x424 Libraries/FEHRPS.o
                0x000130f0                FEHRPS::InitializeTouchMenu()
 .text._ZN6FEHRPS19CurrentRegionLetterEv
                0x00013514       0x1c Libraries/FEHRPS.o
                0x00013514                FEHRPS::CurrentRegionLetter()
 .text._ZN6FEHRPS13WaitForPacketEv
                0x00013530       0x58 Libraries/FEHRPS.o
                0x00013530                FEHRPS::WaitForPacket()
 .text._ZN6FEHRPS1XEv
                0x00013588       0x1c Libraries/FEHRPS.o
                0x00013588                FEHRPS::X()
 .text._ZN6FEHRPS1YEv
                0x000135a4       0x1c Libraries/FEHRPS.o
                0x000135a4                FEHRPS::Y()
 .text._ZN6FEHRPS7HeadingEv
                0x000135c0       0x1c Libraries/FEHRPS.o
                0x000135c0                FEHRPS::Heading()
 .text._Z14RPSDataProcessPhh
                0x000135dc      0x148 Libraries/FEHRPS.o
                0x000135dc                RPSDataProcess(unsigned char*, unsigned char)
 .text._Z41__static_initialization_and_destruction_0ii
                0x00013724       0x2c Libraries/FEHRPS.o
 .text._GLOBAL__sub_I_RPS
                0x00013750       0x10 Libraries/FEHRPS.o
 .text._ZN5FEHSDC2Ev
                0x00013760       0x24 Libraries/FEHSD.o
                0x00013760                FEHSD::FEHSD()
                0x00013760                FEHSD::FEHSD()
 .text._ZN5FEHSD9FCloseAllEv
                0x00013784       0x6c Libraries/FEHSD.o
                0x00013784                FEHSD::FCloseAll()
 .text._Z41__static_initialization_and_destruction_0ii
                0x000137f0       0x2c Libraries/FEHSD.o
 .text._GLOBAL__sub_I_SD
                0x0001381c       0x10 Libraries/FEHSD.o
 .text._ZN9FEHRandom10InitializeEv
                0x0001382c       0x3c Libraries/FEHRandom.o
                0x0001382c                FEHRandom::Initialize()
 .text.startup._GLOBAL__sub_I__ZN9__gnu_cxx9__freeresEv
                0x00013868       0x28 c:/gcc-arm-none-eabi-10.3-2021.10/bin/../lib/gcc/arm-none-eabi/10.3.1/../../../../arm-none-eabi/lib/thumb/v7e-m/nofp\libstdc++.a(eh_alloc.o)
 .text.hypot    0x00013890       0x4c c:/gcc-arm-none-eabi-10.3-2021.10/bin/../lib/gcc/arm-none-eabi/10.3.1/../../../../arm-none-eabi/lib/thumb/v7e-m/nofp\libm.a(lib_a-w_hypot.o)
                0x00013890                hypot
 .text.atan2f   0x000138dc        0x4 c:/gcc-arm-none-eabi-10.3-2021.10/bin/../lib/gcc/arm-none-eabi/10.3.1/../../../../arm-none-eabi/lib/thumb/v7e-m/nofp\libm.a(lib_a-wf_atan2.o)
                0x000138dc                atan2f
 .text.__ieee754_hypot
                0x000138e0      0x238 c:/gcc-arm-none-eabi-10.3-2021.10/bin/../lib/gcc/arm-none-eabi/10.3.1/../../../../arm-none-eabi/lib/thumb/v7e-m/nofp\libm.a(lib_a-e_hypot.o)
                0x000138e0                __ieee754_hypot
 .text.__ieee754_sqrt
                0x00013b18      0x18c c:/gcc-arm-none-eabi-10.3-2021.10/bin/../lib/gcc/arm-none-eabi/10.3.1/../../../../arm-none-eabi/lib/thumb/v7e-m/nofp\libm.a(lib_a-e_sqrt.o)
                0x00013b18                __ieee754_sqrt
 .text.__ieee754_atan2f
                0x00013ca4      0x110 c:/gcc-arm-none-eabi-10.3-2021.10/bin/../lib/gcc/arm-none-eabi/10.3.1/../../../../arm-none-eabi/lib/thumb/v7e-m/nofp\libm.a(lib_a-ef_atan2.o)
                0x00013ca4                __ieee754_atan2f
 .text.finite   0x00013db4        0xc c:/gcc-arm-none-eabi-10.3-2021.10/bin/../lib/gcc/arm-none-eabi/10.3.1/../../../../arm-none-eabi/lib/thumb/v7e-m/nofp\libm.a(lib_a-s_finite.o)
                0x00013db4                finite
 .text.atanf    0x00013dc0      0x230 c:/gcc-arm-none-eabi-10.3-2021.10/bin/../lib/gcc/arm-none-eabi/10.3.1/../../../../arm-none-eabi/lib/thumb/v7e-m/nofp\libm.a(lib_a-sf_atan.o)
                0x00013dc0                atanf
 .text.fabsf    0x00013ff0        0x8 c:/gcc-arm-none-eabi-10.3-2021.10/bin/../lib/gcc/arm-none-eabi/10.3.1/../../../../arm-none-eabi/lib/thumb/v7e-m/nofp\libm.a(lib_a-sf_fabs.o)
                0x00013ff0                fabsf
 .text          0x00013ff8      0x378 c:/gcc-arm-none-eabi-10.3-2021.10/bin/../lib/gcc/arm-none-eabi/10.3.1/thumb/v7e-m/nofp\libgcc.a(_arm_addsubdf3.o)
                0x00013ff8                __aeabi_drsub
                0x00014000                __aeabi_dsub
                0x00014000                __subdf3
                0x00014004                __aeabi_dadd
                0x00014004                __adddf3
                0x0001427c                __floatunsidf
                0x0001427c                __aeabi_ui2d
                0x0001429c                __floatsidf
                0x0001429c                __aeabi_i2d
                0x000142c0                __aeabi_f2d
                0x000142c0                __extendsfdf2
                0x00014304                __floatundidf
                0x00014304                __aeabi_ul2d
                0x00014314                __floatdidf
                0x00014314                __aeabi_l2d
 .text          0x00014370      0x424 c:/gcc-arm-none-eabi-10.3-2021.10/bin/../lib/gcc/arm-none-eabi/10.3.1/thumb/v7e-m/nofp\libgcc.a(_arm_muldivdf3.o)
                0x00014370                __aeabi_dmul
                0x00014370                __muldf3
                0x000145c4                __divdf3
                0x000145c4                __aeabi_ddiv
 .text          0x00014794      0x110 c:/gcc-arm-none-eabi-10.3-2021.10/bin/../lib/gcc/arm-none-eabi/10.3.1/thumb/v7e-m/nofp\libgcc.a(_arm_cmpdf2.o)
                0x00014794                __gtdf2
                0x00014794                __gedf2
                0x0001479c                __ltdf2
                0x0001479c                __ledf2
                0x000147a4                __nedf2
                0x000147a4                __eqdf2
                0x000147a4                __cmpdf2
                0x00014820                __aeabi_cdrcmple
                0x00014830                __aeabi_cdcmpeq
                0x00014830                __aeabi_cdcmple
                0x00014840                __aeabi_dcmpeq
                0x00014854                __aeabi_dcmplt
                0x00014868                __aeabi_dcmple
                0x0001487c                __aeabi_dcmpge
                0x00014890                __aeabi_dcmpgt
 .text          0x000148a4       0x50 c:/gcc-arm-none-eabi-10.3-2021.10/bin/../lib/gcc/arm-none-eabi/10.3.1/thumb/v7e-m/nofp\libgcc.a(_arm_fixdfsi.o)
                0x000148a4                __aeabi_d2iz
                0x000148a4                __fixdfsi
 .text          0x000148f4       0x40 c:/gcc-arm-none-eabi-10.3-2021.10/bin/../lib/gcc/arm-none-eabi/10.3.1/thumb/v7e-m/nofp\libgcc.a(_arm_fixunsdfsi.o)
                0x000148f4                __aeabi_d2uiz
                0x000148f4                __fixunsdfsi
 .text          0x00014934       0xa0 c:/gcc-arm-none-eabi-10.3-2021.10/bin/../lib/gcc/arm-none-eabi/10.3.1/thumb/v7e-m/nofp\libgcc.a(_arm_truncdfsf2.o)
                0x00014934                __truncdfsf2
                0x00014934                __aeabi_d2f
 .text          0x000149d4      0x21c c:/gcc-arm-none-eabi-10.3-2021.10/bin/../lib/gcc/arm-none-eabi/10.3.1/thumb/v7e-m/nofp\libgcc.a(_arm_addsubsf3.o)
                0x000149d4                __aeabi_frsub
                0x000149dc                __subsf3
                0x000149dc                __aeabi_fsub
                0x000149e0                __aeabi_fadd
                0x000149e0                __addsf3
                0x00014b40                __aeabi_ui2f
                0x00014b40                __floatunsisf
                0x00014b48                __aeabi_i2f
                0x00014b48                __floatsisf
                0x00014b64                __aeabi_ul2f
                0x00014b64                __floatundisf
                0x00014b74                __aeabi_l2f
                0x00014b74                __floatdisf
 .text          0x00014bf0      0x2a0 c:/gcc-arm-none-eabi-10.3-2021.10/bin/../lib/gcc/arm-none-eabi/10.3.1/thumb/v7e-m/nofp\libgcc.a(_arm_muldivsf3.o)
                0x00014bf0                __mulsf3
                0x00014bf0                __aeabi_fmul
                0x00014d58                __aeabi_fdiv
                0x00014d58                __divsf3
 .text          0x00014e90       0xec c:/gcc-arm-none-eabi-10.3-2021.10/bin/../lib/gcc/arm-none-eabi/10.3.1/thumb/v7e-m/nofp\libgcc.a(_arm_cmpsf2.o)
                0x00014e90                __gesf2
                0x00014e90                __gtsf2
                0x00014e98                __lesf2
                0x00014e98                __ltsf2
                0x00014ea0                __nesf2
                0x00014ea0                __eqsf2
                0x00014ea0                __cmpsf2
                0x00014f00                __aeabi_cfrcmple
                0x00014f08                __aeabi_cfcmpeq
                0x00014f08                __aeabi_cfcmple
                0x00014f18                __aeabi_fcmpeq
                0x00014f2c                __aeabi_fcmplt
                0x00014f40                __aeabi_fcmple
                0x00014f54                __aeabi_fcmpge
                0x00014f68                __aeabi_fcmpgt
 .text          0x00014f7c       0x4c c:/gcc-arm-none-eabi-10.3-2021.10/bin/../lib/gcc/arm-none-eabi/10.3.1/thumb/v7e-m/nofp\libgcc.a(_arm_fixsfsi.o)
                0x00014f7c                __aeabi_f2iz
                0x00014f7c                __fixsfsi
 .text.abort    0x00014fc8       0x10 c:/gcc-arm-none-eabi-10.3-2021.10/bin/../lib/gcc/arm-none-eabi/10.3.1/../../../../arm-none-eabi/lib/thumb/v7e-m/nofp\libg.a(lib_a-abort.o)
                0x00014fc8                abort
 .text.__errno  0x00014fd8        0xc c:/gcc-arm-none-eabi-10.3-2021.10/bin/../lib/gcc/arm-none-eabi/10.3.1/../../../../arm-none-eabi/lib/thumb/v7e-m/nofp\libg.a(lib_a-errno.o)
                0x00014fd8                __errno
 .text.__sfvwrite_r
                0x00014fe4      0x2e8 c:/gcc-arm-none-eabi-10.3-2021.10/bin/../lib/gcc/arm-none-eabi/10.3.1/../../../../arm-none-eabi/lib/thumb/v7e-m/nofp\libg.a(lib_a-fvwrite.o)
                0x00014fe4                __sfvwrite_r
 .text.__libc_init_array
                0x000152cc       0x48 c:/gcc-arm-none-eabi-10.3-2021.10/bin/../lib/gcc/arm-none-eabi/10.3.1/../../../../arm-none-eabi/lib/thumb/v7e-m/nofp\libg.a(lib_a-init.o)
                0x000152cc                __libc_init_array
 .text.__retarget_lock_init_recursive
                0x00015314        0x4 c:/gcc-arm-none-eabi-10.3-2021.10/bin/../lib/gcc/arm-none-eabi/10.3.1/../../../../arm-none-eabi/lib/thumb/v7e-m/nofp\libg.a(lib_a-lock.o)
                0x00015314                __retarget_lock_init_recursive
 .text.__retarget_lock_close_recursive
                0x00015318        0x4 c:/gcc-arm-none-eabi-10.3-2021.10/bin/../lib/gcc/arm-none-eabi/10.3.1/../../../../arm-none-eabi/lib/thumb/v7e-m/nofp\libg.a(lib_a-lock.o)
                0x00015318                __retarget_lock_close_recursive
 .text.__retarget_lock_acquire_recursive
                0x0001531c        0x4 c:/gcc-arm-none-eabi-10.3-2021.10/bin/../lib/gcc/arm-none-eabi/10.3.1/../../../../arm-none-eabi/lib/thumb/v7e-m/nofp\libg.a(lib_a-lock.o)
                0x0001531c                __retarget_lock_acquire_recursive
 .text.__retarget_lock_release_recursive
                0x00015320        0x4 c:/gcc-arm-none-eabi-10.3-2021.10/bin/../lib/gcc/arm-none-eabi/10.3.1/../../../../arm-none-eabi/lib/thumb/v7e-m/nofp\libg.a(lib_a-lock.o)
                0x00015320                __retarget_lock_release_recursive
 .text.malloc   0x00015324       0x10 c:/gcc-arm-none-eabi-10.3-2021.10/bin/../lib/gcc/arm-none-eabi/10.3.1/../../../../arm-none-eabi/lib/thumb/v7e-m/nofp\libg.a(lib_a-malloc.o)
                0x00015324                malloc
 .text._malloc_r
                0x00015334      0x560 c:/gcc-arm-none-eabi-10.3-2021.10/bin/../lib/gcc/arm-none-eabi/10.3.1/../../../../arm-none-eabi/lib/thumb/v7e-m/nofp\libg.a(lib_a-mallocr.o)
                0x00015334                _malloc_r
 *fill*         0x00015894        0xc 
 .text          0x000158a0       0xa0 c:/gcc-arm-none-eabi-10.3-2021.10/bin/../lib/gcc/arm-none-eabi/10.3.1/../../../../arm-none-eabi/lib/thumb/v7e-m/nofp\libg.a(lib_a-memchr.o)
                0x000158a0                memchr
 .text          0x00015940      0x134 c:/gcc-arm-none-eabi-10.3-2021.10/bin/../lib/gcc/arm-none-eabi/10.3.1/../../../../arm-none-eabi/lib/thumb/v7e-m/nofp\libg.a(lib_a-memcpy.o)
                0x00015940                memcpy
 .text.memmove  0x00015a74       0xf8 c:/gcc-arm-none-eabi-10.3-2021.10/bin/../lib/gcc/arm-none-eabi/10.3.1/../../../../arm-none-eabi/lib/thumb/v7e-m/nofp\libg.a(lib_a-memmove.o)
                0x00015a74                memmove
 .text.memset   0x00015b6c       0xa4 c:/gcc-arm-none-eabi-10.3-2021.10/bin/../lib/gcc/arm-none-eabi/10.3.1/../../../../arm-none-eabi/lib/thumb/v7e-m/nofp\libg.a(lib_a-memset.o)
                0x00015b6c                memset
 .text.__malloc_lock
                0x00015c10        0xc c:/gcc-arm-none-eabi-10.3-2021.10/bin/../lib/gcc/arm-none-eabi/10.3.1/../../../../arm-none-eabi/lib/thumb/v7e-m/nofp\libg.a(lib_a-mlock.o)
                0x00015c10                __malloc_lock
 .text.__malloc_unlock
                0x00015c1c        0xc c:/gcc-arm-none-eabi-10.3-2021.10/bin/../lib/gcc/arm-none-eabi/10.3.1/../../../../arm-none-eabi/lib/thumb/v7e-m/nofp\libg.a(lib_a-mlock.o)
                0x00015c1c                __malloc_unlock
 .text._realloc_r
                0x00015c28      0x3d8 c:/gcc-arm-none-eabi-10.3-2021.10/bin/../lib/gcc/arm-none-eabi/10.3.1/../../../../arm-none-eabi/lib/thumb/v7e-m/nofp\libg.a(lib_a-reallocr.o)
                0x00015c28                _realloc_r
 .text._sbrk_r  0x00016000       0x24 c:/gcc-arm-none-eabi-10.3-2021.10/bin/../lib/gcc/arm-none-eabi/10.3.1/../../../../arm-none-eabi/lib/thumb/v7e-m/nofp\libg.a(lib_a-sbrkr.o)
                0x00016000                _sbrk_r
 .text.raise    0x00016024       0x5c c:/gcc-arm-none-eabi-10.3-2021.10/bin/../lib/gcc/arm-none-eabi/10.3.1/../../../../arm-none-eabi/lib/thumb/v7e-m/nofp\libg.a(lib_a-signal.o)
                0x00016024                raise
 .text._kill_r  0x00016080       0x2c c:/gcc-arm-none-eabi-10.3-2021.10/bin/../lib/gcc/arm-none-eabi/10.3.1/../../../../arm-none-eabi/lib/thumb/v7e-m/nofp\libg.a(lib_a-signalr.o)
                0x00016080                _kill_r
 .text._getpid_r
                0x000160ac        0x4 c:/gcc-arm-none-eabi-10.3-2021.10/bin/../lib/gcc/arm-none-eabi/10.3.1/../../../../arm-none-eabi/lib/thumb/v7e-m/nofp\libg.a(lib_a-signalr.o)
                0x000160ac                _getpid_r
 .text.sprintf  0x000160b0       0x40 c:/gcc-arm-none-eabi-10.3-2021.10/bin/../lib/gcc/arm-none-eabi/10.3.1/../../../../arm-none-eabi/lib/thumb/v7e-m/nofp\libg.a(lib_a-sprintf.o)
                0x000160b0                sprintf
 .text.strcpy   0x000160f0       0xbc c:/gcc-arm-none-eabi-10.3-2021.10/bin/../lib/gcc/arm-none-eabi/10.3.1/../../../../arm-none-eabi/lib/thumb/v7e-m/nofp\libg.a(lib_a-strcpy.o)
                0x000160f0                strcpy
 *fill*         0x000161ac       0x14 
 .text          0x000161c0       0xdc c:/gcc-arm-none-eabi-10.3-2021.10/bin/../lib/gcc/arm-none-eabi/10.3.1/../../../../arm-none-eabi/lib/thumb/v7e-m/nofp\libg.a(lib_a-strlen.o)
                0x000161c0                strlen
 .text._svfprintf_r
                0x0001629c     0x1a3c c:/gcc-arm-none-eabi-10.3-2021.10/bin/../lib/gcc/arm-none-eabi/10.3.1/../../../../arm-none-eabi/lib/thumb/v7e-m/nofp\libg.a(lib_a-svfprintf.o)
                0x0001629c                _svfprintf_r
 .text.__swbuf_r
                0x00017cd8       0xb0 c:/gcc-arm-none-eabi-10.3-2021.10/bin/../lib/gcc/arm-none-eabi/10.3.1/../../../../arm-none-eabi/lib/thumb/v7e-m/nofp\libg.a(lib_a-wbuf.o)
                0x00017cd8                __swbuf_r
 .text._write_r
                0x00017d88       0x2c c:/gcc-arm-none-eabi-10.3-2021.10/bin/../lib/gcc/arm-none-eabi/10.3.1/../../../../arm-none-eabi/lib/thumb/v7e-m/nofp\libg.a(lib_a-writer.o)
                0x00017d88                _write_r
 .text.__swsetup_r
                0x00017db4       0xd4 c:/gcc-arm-none-eabi-10.3-2021.10/bin/../lib/gcc/arm-none-eabi/10.3.1/../../../../arm-none-eabi/lib/thumb/v7e-m/nofp\libg.a(lib_a-wsetup.o)
                0x00017db4                __swsetup_r
 .text.startup.register_fini
                0x00017e88       0x14 c:/gcc-arm-none-eabi-10.3-2021.10/bin/../lib/gcc/arm-none-eabi/10.3.1/../../../../arm-none-eabi/lib/thumb/v7e-m/nofp\libg.a(lib_a-__call_atexit.o)
 .text.atexit   0x00017e9c        0xc c:/gcc-arm-none-eabi-10.3-2021.10/bin/../lib/gcc/arm-none-eabi/10.3.1/../../../../arm-none-eabi/lib/thumb/v7e-m/nofp\libg.a(lib_a-atexit.o)
                0x00017e9c                atexit
 .text.quorem   0x00017ea8      0x124 c:/gcc-arm-none-eabi-10.3-2021.10/bin/../lib/gcc/arm-none-eabi/10.3.1/../../../../arm-none-eabi/lib/thumb/v7e-m/nofp\libg.a(lib_a-dtoa.o)
 *fill*         0x00017fcc        0x4 
 .text._dtoa_r  0x00017fd0      0xec4 c:/gcc-arm-none-eabi-10.3-2021.10/bin/../lib/gcc/arm-none-eabi/10.3.1/../../../../arm-none-eabi/lib/thumb/v7e-m/nofp\libg.a(lib_a-dtoa.o)
                0x00017fd0                _dtoa_r
 .text.__sflush_r
                0x00018e94      0x120 c:/gcc-arm-none-eabi-10.3-2021.10/bin/../lib/gcc/arm-none-eabi/10.3.1/../../../../arm-none-eabi/lib/thumb/v7e-m/nofp\libg.a(lib_a-fflush.o)
                0x00018e94                __sflush_r
 .text._fflush_r
                0x00018fb4       0x5c c:/gcc-arm-none-eabi-10.3-2021.10/bin/../lib/gcc/arm-none-eabi/10.3.1/../../../../arm-none-eabi/lib/thumb/v7e-m/nofp\libg.a(lib_a-fflush.o)
                0x00018fb4                _fflush_r
 .text._cleanup_r
                0x00019010        0xc c:/gcc-arm-none-eabi-10.3-2021.10/bin/../lib/gcc/arm-none-eabi/10.3.1/../../../../arm-none-eabi/lib/thumb/v7e-m/nofp\libg.a(lib_a-findfp.o)
                0x00019010                _cleanup_r
 .text.__sinit  0x0001901c      0x10c c:/gcc-arm-none-eabi-10.3-2021.10/bin/../lib/gcc/arm-none-eabi/10.3.1/../../../../arm-none-eabi/lib/thumb/v7e-m/nofp\libg.a(lib_a-findfp.o)
                0x0001901c                __sinit
 .text.__sfp_lock_acquire
                0x00019128        0xc c:/gcc-arm-none-eabi-10.3-2021.10/bin/../lib/gcc/arm-none-eabi/10.3.1/../../../../arm-none-eabi/lib/thumb/v7e-m/nofp\libg.a(lib_a-findfp.o)
                0x00019128                __sfp_lock_acquire
 .text.__sfp_lock_release
                0x00019134        0xc c:/gcc-arm-none-eabi-10.3-2021.10/bin/../lib/gcc/arm-none-eabi/10.3.1/../../../../arm-none-eabi/lib/thumb/v7e-m/nofp\libg.a(lib_a-findfp.o)
                0x00019134                __sfp_lock_release
 .text.__libc_fini_array
                0x00019140       0x2c c:/gcc-arm-none-eabi-10.3-2021.10/bin/../lib/gcc/arm-none-eabi/10.3.1/../../../../arm-none-eabi/lib/thumb/v7e-m/nofp\libg.a(lib_a-fini.o)
                0x00019140                __libc_fini_array
 .text._malloc_trim_r
                0x0001916c       0xa0 c:/gcc-arm-none-eabi-10.3-2021.10/bin/../lib/gcc/arm-none-eabi/10.3.1/../../../../arm-none-eabi/lib/thumb/v7e-m/nofp\libg.a(lib_a-freer.o)
                0x0001916c                _malloc_trim_r
 .text._free_r  0x0001920c      0x20c c:/gcc-arm-none-eabi-10.3-2021.10/bin/../lib/gcc/arm-none-eabi/10.3.1/../../../../arm-none-eabi/lib/thumb/v7e-m/nofp\libg.a(lib_a-freer.o)
                0x0001920c                _free_r
 .text._fwalk_reent
                0x00019418       0x48 c:/gcc-arm-none-eabi-10.3-2021.10/bin/../lib/gcc/arm-none-eabi/10.3.1/../../../../arm-none-eabi/lib/thumb/v7e-m/nofp\libg.a(lib_a-fwalk.o)
                0x00019418                _fwalk_reent
 .text._localeconv_r
                0x00019460        0x8 c:/gcc-arm-none-eabi-10.3-2021.10/bin/../lib/gcc/arm-none-eabi/10.3.1/../../../../arm-none-eabi/lib/thumb/v7e-m/nofp\libg.a(lib_a-localeconv.o)
                0x00019460                _localeconv_r
 .text.__smakebuf_r
                0x00019468       0xe0 c:/gcc-arm-none-eabi-10.3-2021.10/bin/../lib/gcc/arm-none-eabi/10.3.1/../../../../arm-none-eabi/lib/thumb/v7e-m/nofp\libg.a(lib_a-makebuf.o)
                0x00019468                __smakebuf_r
 .text._Balloc  0x00019548       0x4c c:/gcc-arm-none-eabi-10.3-2021.10/bin/../lib/gcc/arm-none-eabi/10.3.1/../../../../arm-none-eabi/lib/thumb/v7e-m/nofp\libg.a(lib_a-mprec.o)
                0x00019548                _Balloc
 .text._Bfree   0x00019594       0x14 c:/gcc-arm-none-eabi-10.3-2021.10/bin/../lib/gcc/arm-none-eabi/10.3.1/../../../../arm-none-eabi/lib/thumb/v7e-m/nofp\libg.a(lib_a-mprec.o)
                0x00019594                _Bfree
 .text.__multadd
                0x000195a8       0xa0 c:/gcc-arm-none-eabi-10.3-2021.10/bin/../lib/gcc/arm-none-eabi/10.3.1/../../../../arm-none-eabi/lib/thumb/v7e-m/nofp\libg.a(lib_a-mprec.o)
                0x000195a8                __multadd
 .text.__hi0bits
                0x00019648       0x40 c:/gcc-arm-none-eabi-10.3-2021.10/bin/../lib/gcc/arm-none-eabi/10.3.1/../../../../arm-none-eabi/lib/thumb/v7e-m/nofp\libg.a(lib_a-mprec.o)
                0x00019648                __hi0bits
 .text.__lo0bits
                0x00019688       0x5c c:/gcc-arm-none-eabi-10.3-2021.10/bin/../lib/gcc/arm-none-eabi/10.3.1/../../../../arm-none-eabi/lib/thumb/v7e-m/nofp\libg.a(lib_a-mprec.o)
                0x00019688                __lo0bits
 .text.__i2b    0x000196e4       0x5c c:/gcc-arm-none-eabi-10.3-2021.10/bin/../lib/gcc/arm-none-eabi/10.3.1/../../../../arm-none-eabi/lib/thumb/v7e-m/nofp\libg.a(lib_a-mprec.o)
                0x000196e4                __i2b
 .text.__multiply
                0x00019740      0x15c c:/gcc-arm-none-eabi-10.3-2021.10/bin/../lib/gcc/arm-none-eabi/10.3.1/../../../../arm-none-eabi/lib/thumb/v7e-m/nofp\libg.a(lib_a-mprec.o)
                0x00019740                __multiply
 .text.__pow5mult
                0x0001989c       0xc0 c:/gcc-arm-none-eabi-10.3-2021.10/bin/../lib/gcc/arm-none-eabi/10.3.1/../../../../arm-none-eabi/lib/thumb/v7e-m/nofp\libg.a(lib_a-mprec.o)
                0x0001989c                __pow5mult
 .text.__lshift
                0x0001995c       0xf0 c:/gcc-arm-none-eabi-10.3-2021.10/bin/../lib/gcc/arm-none-eabi/10.3.1/../../../../arm-none-eabi/lib/thumb/v7e-m/nofp\libg.a(lib_a-mprec.o)
                0x0001995c                __lshift
 .text.__mcmp   0x00019a4c       0x40 c:/gcc-arm-none-eabi-10.3-2021.10/bin/../lib/gcc/arm-none-eabi/10.3.1/../../../../arm-none-eabi/lib/thumb/v7e-m/nofp\libg.a(lib_a-mprec.o)
                0x00019a4c                __mcmp
 .text.__mdiff  0x00019a8c      0x14c c:/gcc-arm-none-eabi-10.3-2021.10/bin/../lib/gcc/arm-none-eabi/10.3.1/../../../../arm-none-eabi/lib/thumb/v7e-m/nofp\libg.a(lib_a-mprec.o)
                0x00019a8c                __mdiff
 .text.__d2b    0x00019bd8       0xc4 c:/gcc-arm-none-eabi-10.3-2021.10/bin/../lib/gcc/arm-none-eabi/10.3.1/../../../../arm-none-eabi/lib/thumb/v7e-m/nofp\libg.a(lib_a-mprec.o)
                0x00019bd8                __d2b
 .text.frexp    0x00019c9c       0x70 c:/gcc-arm-none-eabi-10.3-2021.10/bin/../lib/gcc/arm-none-eabi/10.3.1/../../../../arm-none-eabi/lib/thumb/v7e-m/nofp\libg.a(lib_a-s_frexp.o)
                0x00019c9c                frexp
 .text.__sread  0x00019d0c       0x24 c:/gcc-arm-none-eabi-10.3-2021.10/bin/../lib/gcc/arm-none-eabi/10.3.1/../../../../arm-none-eabi/lib/thumb/v7e-m/nofp\libg.a(lib_a-stdio.o)
                0x00019d0c                __sread
 .text.__swrite
                0x00019d30       0x40 c:/gcc-arm-none-eabi-10.3-2021.10/bin/../lib/gcc/arm-none-eabi/10.3.1/../../../../arm-none-eabi/lib/thumb/v7e-m/nofp\libg.a(lib_a-stdio.o)
                0x00019d30                __swrite
 .text.__sseek  0x00019d70       0x20 c:/gcc-arm-none-eabi-10.3-2021.10/bin/../lib/gcc/arm-none-eabi/10.3.1/../../../../arm-none-eabi/lib/thumb/v7e-m/nofp\libg.a(lib_a-stdio.o)
                0x00019d70                __sseek
 .text.__sclose
                0x00019d90        0x8 c:/gcc-arm-none-eabi-10.3-2021.10/bin/../lib/gcc/arm-none-eabi/10.3.1/../../../../arm-none-eabi/lib/thumb/v7e-m/nofp\libg.a(lib_a-stdio.o)
                0x00019d90                __sclose
 .text.strncpy  0x00019d98       0x64 c:/gcc-arm-none-eabi-10.3-2021.10/bin/../lib/gcc/arm-none-eabi/10.3.1/../../../../arm-none-eabi/lib/thumb/v7e-m/nofp\libg.a(lib_a-strncpy.o)
                0x00019d98                strncpy
 .text.__ssprint_r
                0x00019dfc       0xf8 c:/gcc-arm-none-eabi-10.3-2021.10/bin/../lib/gcc/arm-none-eabi/10.3.1/../../../../arm-none-eabi/lib/thumb/v7e-m/nofp\libg.a(lib_a-svfiprintf.o)
                0x00019dfc                __ssprint_r
 .text.__register_exitproc
                0x00019ef4       0x8c c:/gcc-arm-none-eabi-10.3-2021.10/bin/../lib/gcc/arm-none-eabi/10.3.1/../../../../arm-none-eabi/lib/thumb/v7e-m/nofp\libg.a(lib_a-__atexit.o)
                0x00019ef4                __register_exitproc
 .text.__assert_func
                0x00019f80       0x40 c:/gcc-arm-none-eabi-10.3-2021.10/bin/../lib/gcc/arm-none-eabi/10.3.1/../../../../arm-none-eabi/lib/thumb/v7e-m/nofp\libg.a(lib_a-assert.o)
                0x00019f80                __assert_func
 .text._calloc_r
                0x00019fc0       0x78 c:/gcc-arm-none-eabi-10.3-2021.10/bin/../lib/gcc/arm-none-eabi/10.3.1/../../../../arm-none-eabi/lib/thumb/v7e-m/nofp\libg.a(lib_a-callocr.o)
                0x00019fc0                _calloc_r
 .text._close_r
                0x0001a038       0x24 c:/gcc-arm-none-eabi-10.3-2021.10/bin/../lib/gcc/arm-none-eabi/10.3.1/../../../../arm-none-eabi/lib/thumb/v7e-m/nofp\libg.a(lib_a-closer.o)
                0x0001a038                _close_r
 .text._fclose_r
                0x0001a05c       0xcc c:/gcc-arm-none-eabi-10.3-2021.10/bin/../lib/gcc/arm-none-eabi/10.3.1/../../../../arm-none-eabi/lib/thumb/v7e-m/nofp\libg.a(lib_a-fclose.o)
                0x0001a05c                _fclose_r
 .text.fiprintf
                0x0001a128       0x28 c:/gcc-arm-none-eabi-10.3-2021.10/bin/../lib/gcc/arm-none-eabi/10.3.1/../../../../arm-none-eabi/lib/thumb/v7e-m/nofp\libg.a(lib_a-fiprintf.o)
                0x0001a128                fiprintf
 .text._fstat_r
                0x0001a150       0x2c c:/gcc-arm-none-eabi-10.3-2021.10/bin/../lib/gcc/arm-none-eabi/10.3.1/../../../../arm-none-eabi/lib/thumb/v7e-m/nofp\libg.a(lib_a-fstatr.o)
                0x0001a150                _fstat_r
 .text._isatty_r
                0x0001a17c       0x24 c:/gcc-arm-none-eabi-10.3-2021.10/bin/../lib/gcc/arm-none-eabi/10.3.1/../../../../arm-none-eabi/lib/thumb/v7e-m/nofp\libg.a(lib_a-isattyr.o)
                0x0001a17c                _isatty_r
 .text.__locale_mb_cur_max
                0x0001a1a0        0xc c:/gcc-arm-none-eabi-10.3-2021.10/bin/../lib/gcc/arm-none-eabi/10.3.1/../../../../arm-none-eabi/lib/thumb/v7e-m/nofp\libg.a(lib_a-locale.o)
                0x0001a1a0                __locale_mb_cur_max
 .text._lseek_r
                0x0001a1ac       0x2c c:/gcc-arm-none-eabi-10.3-2021.10/bin/../lib/gcc/arm-none-eabi/10.3.1/../../../../arm-none-eabi/lib/thumb/v7e-m/nofp\libg.a(lib_a-lseekr.o)
                0x0001a1ac                _lseek_r
 .text.__ascii_mbtowc
                0x0001a1d8       0x2c c:/gcc-arm-none-eabi-10.3-2021.10/bin/../lib/gcc/arm-none-eabi/10.3.1/../../../../arm-none-eabi/lib/thumb/v7e-m/nofp\libg.a(lib_a-mbtowc_r.o)
                0x0001a1d8                __ascii_mbtowc
 .text._read_r  0x0001a204       0x2c c:/gcc-arm-none-eabi-10.3-2021.10/bin/../lib/gcc/arm-none-eabi/10.3.1/../../../../arm-none-eabi/lib/thumb/v7e-m/nofp\libg.a(lib_a-readr.o)
                0x0001a204                _read_r
 .text.__sprint_r.part.0
                0x0001a230       0x78 c:/gcc-arm-none-eabi-10.3-2021.10/bin/../lib/gcc/arm-none-eabi/10.3.1/../../../../arm-none-eabi/lib/thumb/v7e-m/nofp\libg.a(lib_a-vfiprintf.o)
 .text._vfiprintf_r
                0x0001a2a8      0xda0 c:/gcc-arm-none-eabi-10.3-2021.10/bin/../lib/gcc/arm-none-eabi/10.3.1/../../../../arm-none-eabi/lib/thumb/v7e-m/nofp\libg.a(lib_a-vfiprintf.o)
                0x0001a2a8                _vfiprintf_r
 .text.__sbprintf
                0x0001b048       0x80 c:/gcc-arm-none-eabi-10.3-2021.10/bin/../lib/gcc/arm-none-eabi/10.3.1/../../../../arm-none-eabi/lib/thumb/v7e-m/nofp\libg.a(lib_a-vfiprintf.o)
 .text.__ascii_wctomb
                0x0001b0c8       0x1c c:/gcc-arm-none-eabi-10.3-2021.10/bin/../lib/gcc/arm-none-eabi/10.3.1/../../../../arm-none-eabi/lib/thumb/v7e-m/nofp\libg.a(lib_a-wctomb_r.o)
                0x0001b0c8                __ascii_wctomb
 .text.__fputwc
                0x0001b0e4       0xa8 c:/gcc-arm-none-eabi-10.3-2021.10/bin/../lib/gcc/arm-none-eabi/10.3.1/../../../../arm-none-eabi/lib/thumb/v7e-m/nofp\libg.a(lib_a-fputwc.o)
                0x0001b0e4                __fputwc
 .text._fputwc_r
                0x0001b18c       0x68 c:/gcc-arm-none-eabi-10.3-2021.10/bin/../lib/gcc/arm-none-eabi/10.3.1/../../../../arm-none-eabi/lib/thumb/v7e-m/nofp\libg.a(lib_a-fputwc.o)
                0x0001b18c                _fputwc_r
 .text._wcrtomb_r
                0x0001b1f4       0x3c c:/gcc-arm-none-eabi-10.3-2021.10/bin/../lib/gcc/arm-none-eabi/10.3.1/../../../../arm-none-eabi/lib/thumb/v7e-m/nofp\libg.a(lib_a-wcrtomb.o)
                0x0001b1f4                _wcrtomb_r
 .text          0x0001b230       0x2c c:/gcc-arm-none-eabi-10.3-2021.10/bin/../lib/gcc/arm-none-eabi/10.3.1/thumb/v7e-m/nofp\libgcc.a(_arm_unorddf2.o)
                0x0001b230                __unorddf2
                0x0001b230                __aeabi_dcmpun
 .text          0x0001b25c       0x30 c:/gcc-arm-none-eabi-10.3-2021.10/bin/../lib/gcc/arm-none-eabi/10.3.1/thumb/v7e-m/nofp\libgcc.a(_aeabi_uldivmod.o)
                0x0001b25c                __aeabi_uldivmod
 .text          0x0001b28c      0x2d0 c:/gcc-arm-none-eabi-10.3-2021.10/bin/../lib/gcc/arm-none-eabi/10.3.1/thumb/v7e-m/nofp\libgcc.a(_udivmoddi4.o)
                0x0001b28c                __udivmoddi4
 .text          0x0001b55c        0x4 c:/gcc-arm-none-eabi-10.3-2021.10/bin/../lib/gcc/arm-none-eabi/10.3.1/thumb/v7e-m/nofp\libgcc.a(_dvmd_tls.o)
                0x0001b55c                __aeabi_idiv0
                0x0001b55c                __aeabi_ldiv0
 .text._close   0x0001b560       0x10 c:/gcc-arm-none-eabi-10.3-2021.10/bin/../lib/gcc/arm-none-eabi/10.3.1/../../../../arm-none-eabi/lib/thumb/v7e-m/nofp\libnosys.a(close.o)
                0x0001b560                _close
 .text._fstat   0x0001b570       0x10 c:/gcc-arm-none-eabi-10.3-2021.10/bin/../lib/gcc/arm-none-eabi/10.3.1/../../../../arm-none-eabi/lib/thumb/v7e-m/nofp\libnosys.a(fstat.o)
                0x0001b570                _fstat
 .text._getpid  0x0001b580       0x10 c:/gcc-arm-none-eabi-10.3-2021.10/bin/../lib/gcc/arm-none-eabi/10.3.1/../../../../arm-none-eabi/lib/thumb/v7e-m/nofp\libnosys.a(getpid.o)
                0x0001b580                _getpid
 .text._isatty  0x0001b590       0x10 c:/gcc-arm-none-eabi-10.3-2021.10/bin/../lib/gcc/arm-none-eabi/10.3.1/../../../../arm-none-eabi/lib/thumb/v7e-m/nofp\libnosys.a(isatty.o)
                0x0001b590                _isatty
 .text._kill    0x0001b5a0       0x10 c:/gcc-arm-none-eabi-10.3-2021.10/bin/../lib/gcc/arm-none-eabi/10.3.1/../../../../arm-none-eabi/lib/thumb/v7e-m/nofp\libnosys.a(kill.o)
                0x0001b5a0                _kill
 .text._lseek   0x0001b5b0       0x10 c:/gcc-arm-none-eabi-10.3-2021.10/bin/../lib/gcc/arm-none-eabi/10.3.1/../../../../arm-none-eabi/lib/thumb/v7e-m/nofp\libnosys.a(lseek.o)
                0x0001b5b0                _lseek
 .text._read    0x0001b5c0       0x10 c:/gcc-arm-none-eabi-10.3-2021.10/bin/../lib/gcc/arm-none-eabi/10.3.1/../../../../arm-none-eabi/lib/thumb/v7e-m/nofp\libnosys.a(read.o)
                0x0001b5c0                _read
 .text._sbrk    0x0001b5d0       0x1c c:/gcc-arm-none-eabi-10.3-2021.10/bin/../lib/gcc/arm-none-eabi/10.3.1/../../../../arm-none-eabi/lib/thumb/v7e-m/nofp\libnosys.a(sbrk.o)
                0x0001b5d0                _sbrk
 .text._write   0x0001b5ec       0x10 c:/gcc-arm-none-eabi-10.3-2021.10/bin/../lib/gcc/arm-none-eabi/10.3.1/../../../../arm-none-eabi/lib/thumb/v7e-m/nofp\libnosys.a(write.o)
                0x0001b5ec                _write
 .text._exit    0x0001b5fc        0x4 c:/gcc-arm-none-eabi-10.3-2021.10/bin/../lib/gcc/arm-none-eabi/10.3.1/../../../../arm-none-eabi/lib/thumb/v7e-m/nofp\libnosys.a(_exit.o)
                0x0001b5fc                _exit
 *(.rodata .rodata.* .constdata .constdata.*)
 .rodata        0x0001b600       0xb2 ../main.o
 *fill*         0x0001b6b2        0x2 
 .rodata.K60_SDHC0_init
                0x0001b6b4        0xc Drivers/SDHC.o
                0x0001b6b4                K60_SDHC0_init
 .rodata._ZL21ESDHC_COMMAND_XFERTYP
                0x0001b6c0      0x100 Drivers/SDHC.o
 .rodata._ZL9GPIOPorts
                0x0001b7c0       0x20 Libraries/FEHIO.o
 .rodata._ZL10ADCNumbers
                0x0001b7e0       0x21 Libraries/FEHIO.o
 *fill*         0x0001b801        0x3 
 .rodata._ZL14GPIOPinNumbers
                0x0001b804       0x80 Libraries/FEHIO.o
 .rodata._ZL16AnalogPinNumbers
                0x0001b884       0x84 Libraries/FEHIO.o
 .rodata        0x0001b908       0x78 Libraries/FEHIO.o
 .rodata        0x0001b980       0x32 Libraries/FEHLCD.o
 *fill*         0x0001b9b2        0x2 
 .rodata        0x0001b9b4      0x33c Libraries/FEHRPS.o
 .rodata.CSWTCH.8
                0x0001bcf0        0xc c:/gcc-arm-none-eabi-10.3-2021.10/bin/../lib/gcc/arm-none-eabi/10.3.1/../../../../arm-none-eabi/lib/thumb/v7e-m/nofp\libm.a(lib_a-ef_atan2.o)
 .rodata.CSWTCH.9
                0x0001bcfc        0xc c:/gcc-arm-none-eabi-10.3-2021.10/bin/../lib/gcc/arm-none-eabi/10.3.1/../../../../arm-none-eabi/lib/thumb/v7e-m/nofp\libm.a(lib_a-ef_atan2.o)
 .rodata.atanhi
                0x0001bd08       0x10 c:/gcc-arm-none-eabi-10.3-2021.10/bin/../lib/gcc/arm-none-eabi/10.3.1/../../../../arm-none-eabi/lib/thumb/v7e-m/nofp\libm.a(lib_a-sf_atan.o)
 .rodata.atanlo
                0x0001bd18       0x10 c:/gcc-arm-none-eabi-10.3-2021.10/bin/../lib/gcc/arm-none-eabi/10.3.1/../../../../arm-none-eabi/lib/thumb/v7e-m/nofp\libm.a(lib_a-sf_atan.o)
 .rodata._global_impure_ptr
                0x0001bd28        0x4 c:/gcc-arm-none-eabi-10.3-2021.10/bin/../lib/gcc/arm-none-eabi/10.3.1/../../../../arm-none-eabi/lib/thumb/v7e-m/nofp\libg.a(lib_a-impure.o)
                0x0001bd28                _global_impure_ptr
 .rodata._svfprintf_r.str1.4
                0x0001bd2c       0x42 c:/gcc-arm-none-eabi-10.3-2021.10/bin/../lib/gcc/arm-none-eabi/10.3.1/../../../../arm-none-eabi/lib/thumb/v7e-m/nofp\libg.a(lib_a-svfprintf.o)
 *fill*         0x0001bd6e        0x2 
 .rodata.blanks.1
                0x0001bd70       0x10 c:/gcc-arm-none-eabi-10.3-2021.10/bin/../lib/gcc/arm-none-eabi/10.3.1/../../../../arm-none-eabi/lib/thumb/v7e-m/nofp\libg.a(lib_a-svfprintf.o)
 .rodata.zeroes.0
                0x0001bd80       0x10 c:/gcc-arm-none-eabi-10.3-2021.10/bin/../lib/gcc/arm-none-eabi/10.3.1/../../../../arm-none-eabi/lib/thumb/v7e-m/nofp\libg.a(lib_a-svfprintf.o)
 .rodata._dtoa_r.str1.4
                0x0001bd90       0xa2 c:/gcc-arm-none-eabi-10.3-2021.10/bin/../lib/gcc/arm-none-eabi/10.3.1/../../../../arm-none-eabi/lib/thumb/v7e-m/nofp\libg.a(lib_a-dtoa.o)
                                 0xa6 (size before relaxing)
 *fill*         0x0001be32        0x2 
 .rodata.__multadd.str1.4
                0x0001be34       0x7f c:/gcc-arm-none-eabi-10.3-2021.10/bin/../lib/gcc/arm-none-eabi/10.3.1/../../../../arm-none-eabi/lib/thumb/v7e-m/nofp\libg.a(lib_a-mprec.o)
                                 0x93 (size before relaxing)
 *fill*         0x0001beb3        0x5 
 .rodata.__mprec_bigtens
                0x0001beb8       0x28 c:/gcc-arm-none-eabi-10.3-2021.10/bin/../lib/gcc/arm-none-eabi/10.3.1/../../../../arm-none-eabi/lib/thumb/v7e-m/nofp\libg.a(lib_a-mprec.o)
                0x0001beb8                __mprec_bigtens
 .rodata.__mprec_tens
                0x0001bee0       0xc8 c:/gcc-arm-none-eabi-10.3-2021.10/bin/../lib/gcc/arm-none-eabi/10.3.1/../../../../arm-none-eabi/lib/thumb/v7e-m/nofp\libg.a(lib_a-mprec.o)
                0x0001bee0                __mprec_tens
 .rodata.p05.0  0x0001bfa8        0xc c:/gcc-arm-none-eabi-10.3-2021.10/bin/../lib/gcc/arm-none-eabi/10.3.1/../../../../arm-none-eabi/lib/thumb/v7e-m/nofp\libg.a(lib_a-mprec.o)
 .rodata.__assert_func.str1.4
                0x0001bfb4       0x3f c:/gcc-arm-none-eabi-10.3-2021.10/bin/../lib/gcc/arm-none-eabi/10.3.1/../../../../arm-none-eabi/lib/thumb/v7e-m/nofp\libg.a(lib_a-assert.o)
                                 0x43 (size before relaxing)
 *fill*         0x0001bff3        0x1 
 .rodata._ctype_
                0x0001bff4      0x101 c:/gcc-arm-none-eabi-10.3-2021.10/bin/../lib/gcc/arm-none-eabi/10.3.1/../../../../arm-none-eabi/lib/thumb/v7e-m/nofp\libg.a(lib_a-ctype_.o)
                0x0001bff4                _ctype_
 *fill*         0x0001c0f5        0x3 
 .rodata._setlocale_r.str1.4
                0x0001c0f8        0xa c:/gcc-arm-none-eabi-10.3-2021.10/bin/../lib/gcc/arm-none-eabi/10.3.1/../../../../arm-none-eabi/lib/thumb/v7e-m/nofp\libg.a(lib_a-locale.o)
                                  0xd (size before relaxing)
 *fill*         0x0001c102        0x2 
 .rodata.str1.4
                0x0001c104        0x2 c:/gcc-arm-none-eabi-10.3-2021.10/bin/../lib/gcc/arm-none-eabi/10.3.1/../../../../arm-none-eabi/lib/thumb/v7e-m/nofp\libg.a(lib_a-locale.o)
 .rodata._vfiprintf_r.str1.4
                0x0001c106       0x2f c:/gcc-arm-none-eabi-10.3-2021.10/bin/../lib/gcc/arm-none-eabi/10.3.1/../../../../arm-none-eabi/lib/thumb/v7e-m/nofp\libg.a(lib_a-vfiprintf.o)
 *fill*         0x0001c106        0x2 
 .rodata.blanks.1
                0x0001c108       0x10 c:/gcc-arm-none-eabi-10.3-2021.10/bin/../lib/gcc/arm-none-eabi/10.3.1/../../../../arm-none-eabi/lib/thumb/v7e-m/nofp\libg.a(lib_a-vfiprintf.o)
 .rodata.zeroes.0
                0x0001c118       0x10 c:/gcc-arm-none-eabi-10.3-2021.10/bin/../lib/gcc/arm-none-eabi/10.3.1/../../../../arm-none-eabi/lib/thumb/v7e-m/nofp\libg.a(lib_a-vfiprintf.o)
                0x0001c128                . = ALIGN (0x4)
                0x0001c128                . = ALIGN (0x4)
 *(.init)
 .init          0x0001c128        0x4 c:/gcc-arm-none-eabi-10.3-2021.10/bin/../lib/gcc/arm-none-eabi/10.3.1/thumb/v7e-m/nofp/crti.o
                0x0001c128                _init
 .init          0x0001c12c        0x8 c:/gcc-arm-none-eabi-10.3-2021.10/bin/../lib/gcc/arm-none-eabi/10.3.1/thumb/v7e-m/nofp/crtn.o
                0x0001c134                . = ALIGN (0x4)
                0x0001c134                __preinit_array_start = .
 *(.preinit_array)
                0x0001c134                __preinit_array_end = .
                0x0001c134                . = ALIGN (0x4)
                0x0001c134                __init_array_start = .
 *(SORT_BY_NAME(.init_array.*))
 .init_array.00000
                0x0001c134        0x4 c:/gcc-arm-none-eabi-10.3-2021.10/bin/../lib/gcc/arm-none-eabi/10.3.1/../../../../arm-none-eabi/lib/thumb/v7e-m/nofp\libg.a(lib_a-__call_atexit.o)
 *(.init_array)
 .init_array    0x0001c138        0x4 c:/gcc-arm-none-eabi-10.3-2021.10/bin/../lib/gcc/arm-none-eabi/10.3.1/thumb/v7e-m/nofp/crtbegin.o
 .init_array    0x0001c13c        0x4 ../main.o
 .init_array    0x0001c140        0x4 FEHProteus.o
 .init_array    0x0001c144        0x4 Libraries/FEHBuzzer.o
 .init_array    0x0001c148        0x4 Libraries/FEHLCD.o
 .init_array    0x0001c14c        0x4 Libraries/FEHAccel.o
 .init_array    0x0001c150        0x4 Libraries/FEHBattery.o
 .init_array    0x0001c154        0x4 Libraries/FEHRPS.o
 .init_array    0x0001c158        0x4 Libraries/FEHSD.o
 .init_array    0x0001c15c        0x4 c:/gcc-arm-none-eabi-10.3-2021.10/bin/../lib/gcc/arm-none-eabi/10.3.1/../../../../arm-none-eabi/lib/thumb/v7e-m/nofp\libstdc++.a(eh_alloc.o)
                0x0001c160                __init_array_end = .
 *(.fini)
 .fini          0x0001c160        0x4 c:/gcc-arm-none-eabi-10.3-2021.10/bin/../lib/gcc/arm-none-eabi/10.3.1/thumb/v7e-m/nofp/crti.o
                0x0001c160                _fini